Archive member included to satisfy reference by file (symbol)

c:/users/jack2/appdata/roaming/code/user/globalstorage/bmd.stm32-for-vscode/@xpack-dev-tools/arm-none-eabi-gcc/10.2.1-1.1.2/.content/bin/../lib/gcc/arm-none-eabi/10.2.1/../../../../arm-none-eabi/lib/thumb/v7e-m+fp/hard\libc_nano.a(lib_a-exit.o)
                              c:/users/jack2/appdata/roaming/code/user/globalstorage/bmd.stm32-for-vscode/@xpack-dev-tools/arm-none-eabi-gcc/10.2.1-1.1.2/.content/bin/../lib/gcc/arm-none-eabi/10.2.1/../../../../arm-none-eabi/lib/thumb/v7e-m+fp/hard/crt0.o (exit)
c:/users/jack2/appdata/roaming/code/user/globalstorage/bmd.stm32-for-vscode/@xpack-dev-tools/arm-none-eabi-gcc/10.2.1-1.1.2/.content/bin/../lib/gcc/arm-none-eabi/10.2.1/../../../../arm-none-eabi/lib/thumb/v7e-m+fp/hard\libc_nano.a(lib_a-impure.o)
                              c:/users/jack2/appdata/roaming/code/user/globalstorage/bmd.stm32-for-vscode/@xpack-dev-tools/arm-none-eabi-gcc/10.2.1-1.1.2/.content/bin/../lib/gcc/arm-none-eabi/10.2.1/../../../../arm-none-eabi/lib/thumb/v7e-m+fp/hard\libc_nano.a(lib_a-exit.o) (_global_impure_ptr)
c:/users/jack2/appdata/roaming/code/user/globalstorage/bmd.stm32-for-vscode/@xpack-dev-tools/arm-none-eabi-gcc/10.2.1-1.1.2/.content/bin/../lib/gcc/arm-none-eabi/10.2.1/../../../../arm-none-eabi/lib/thumb/v7e-m+fp/hard\libc_nano.a(lib_a-init.o)
                              c:/users/jack2/appdata/roaming/code/user/globalstorage/bmd.stm32-for-vscode/@xpack-dev-tools/arm-none-eabi-gcc/10.2.1-1.1.2/.content/bin/../lib/gcc/arm-none-eabi/10.2.1/../../../../arm-none-eabi/lib/thumb/v7e-m+fp/hard/crt0.o (__libc_init_array)
c:/users/jack2/appdata/roaming/code/user/globalstorage/bmd.stm32-for-vscode/@xpack-dev-tools/arm-none-eabi-gcc/10.2.1-1.1.2/.content/bin/../lib/gcc/arm-none-eabi/10.2.1/../../../../arm-none-eabi/lib/thumb/v7e-m+fp/hard\libc_nano.a(lib_a-memset.o)
                              c:/users/jack2/appdata/roaming/code/user/globalstorage/bmd.stm32-for-vscode/@xpack-dev-tools/arm-none-eabi-gcc/10.2.1-1.1.2/.content/bin/../lib/gcc/arm-none-eabi/10.2.1/../../../../arm-none-eabi/lib/thumb/v7e-m+fp/hard/crt0.o (memset)
c:/users/jack2/appdata/roaming/code/user/globalstorage/bmd.stm32-for-vscode/@xpack-dev-tools/arm-none-eabi-gcc/10.2.1-1.1.2/.content/bin/../lib/gcc/arm-none-eabi/10.2.1/../../../../arm-none-eabi/lib/thumb/v7e-m+fp/hard\libc_nano.a(lib_a-sprintf.o)
                              build/main.o (sprintf)
c:/users/jack2/appdata/roaming/code/user/globalstorage/bmd.stm32-for-vscode/@xpack-dev-tools/arm-none-eabi-gcc/10.2.1-1.1.2/.content/bin/../lib/gcc/arm-none-eabi/10.2.1/../../../../arm-none-eabi/lib/thumb/v7e-m+fp/hard\libc_nano.a(lib_a-vsnprintf.o)
                              build/Lcd.o (vsnprintf)
c:/users/jack2/appdata/roaming/code/user/globalstorage/bmd.stm32-for-vscode/@xpack-dev-tools/arm-none-eabi-gcc/10.2.1-1.1.2/.content/bin/../lib/gcc/arm-none-eabi/10.2.1/../../../../arm-none-eabi/lib/thumb/v7e-m+fp/hard\libc_nano.a(lib_a-nano-svfprintf.o)
                              c:/users/jack2/appdata/roaming/code/user/globalstorage/bmd.stm32-for-vscode/@xpack-dev-tools/arm-none-eabi-gcc/10.2.1-1.1.2/.content/bin/../lib/gcc/arm-none-eabi/10.2.1/../../../../arm-none-eabi/lib/thumb/v7e-m+fp/hard\libc_nano.a(lib_a-sprintf.o) (_svfprintf_r)
c:/users/jack2/appdata/roaming/code/user/globalstorage/bmd.stm32-for-vscode/@xpack-dev-tools/arm-none-eabi-gcc/10.2.1-1.1.2/.content/bin/../lib/gcc/arm-none-eabi/10.2.1/../../../../arm-none-eabi/lib/thumb/v7e-m+fp/hard\libc_nano.a(lib_a-nano-vfprintf_i.o)
                              c:/users/jack2/appdata/roaming/code/user/globalstorage/bmd.stm32-for-vscode/@xpack-dev-tools/arm-none-eabi-gcc/10.2.1-1.1.2/.content/bin/../lib/gcc/arm-none-eabi/10.2.1/../../../../arm-none-eabi/lib/thumb/v7e-m+fp/hard\libc_nano.a(lib_a-nano-svfprintf.o) (_printf_i)
c:/users/jack2/appdata/roaming/code/user/globalstorage/bmd.stm32-for-vscode/@xpack-dev-tools/arm-none-eabi-gcc/10.2.1-1.1.2/.content/bin/../lib/gcc/arm-none-eabi/10.2.1/../../../../arm-none-eabi/lib/thumb/v7e-m+fp/hard\libc_nano.a(lib_a-memchr.o)
                              c:/users/jack2/appdata/roaming/code/user/globalstorage/bmd.stm32-for-vscode/@xpack-dev-tools/arm-none-eabi-gcc/10.2.1-1.1.2/.content/bin/../lib/gcc/arm-none-eabi/10.2.1/../../../../arm-none-eabi/lib/thumb/v7e-m+fp/hard\libc_nano.a(lib_a-nano-svfprintf.o) (memchr)
c:/users/jack2/appdata/roaming/code/user/globalstorage/bmd.stm32-for-vscode/@xpack-dev-tools/arm-none-eabi-gcc/10.2.1-1.1.2/.content/bin/../lib/gcc/arm-none-eabi/10.2.1/../../../../arm-none-eabi/lib/thumb/v7e-m+fp/hard\libc_nano.a(lib_a-memcpy-stub.o)
                              c:/users/jack2/appdata/roaming/code/user/globalstorage/bmd.stm32-for-vscode/@xpack-dev-tools/arm-none-eabi-gcc/10.2.1-1.1.2/.content/bin/../lib/gcc/arm-none-eabi/10.2.1/../../../../arm-none-eabi/lib/thumb/v7e-m+fp/hard\libc_nano.a(lib_a-nano-svfprintf.o) (memcpy)
[...]
Memory Configuration

Name             Origin             Length             Attributes
RAM              0x0000000020000000 0x0000000000008000 xrw
FLASH            0x0000000008000000 0x0000000000020000 xr
*default*        0x0000000000000000 0xffffffffffffffff

Linker script and memory map

LOAD c:/users/jack2/appdata/roaming/code/user/globalstorage/bmd.stm32-for-vscode/@xpack-dev-tools/arm-none-eabi-gcc/10.2.1-1.1.2/.content/bin/../lib/gcc/arm-none-eabi/10.2.1/thumb/v7e-m+fp/hard/crti.o
LOAD c:/users/jack2/appdata/roaming/code/user/globalstorage/bmd.stm32-for-vscode/@xpack-dev-tools/arm-none-eabi-gcc/10.2.1-1.1.2/.content/bin/../lib/gcc/arm-none-eabi/10.2.1/thumb/v7e-m+fp/hard/crtbegin.o
LOAD c:/users/jack2/appdata/roaming/code/user/globalstorage/bmd.stm32-for-vscode/@xpack-dev-tools/arm-none-eabi-gcc/10.2.1-1.1.2/.content/bin/../lib/gcc/arm-none-eabi/10.2.1/../../../../arm-none-eabi/lib/thumb/v7e-m+fp/hard/crt0.o
LOAD build/7Seg.o
LOAD build/Lcd.o
LOAD build/gpio.o
LOAD build/main.o
LOAD build/stm32g4xx_hal_msp.o
LOAD build/stm32g4xx_it.o
LOAD build/system_stm32g4xx.o
LOAD build/stm32g4xx_hal.o
LOAD build/stm32g4xx_hal_cortex.o
LOAD build/stm32g4xx_hal_dma.o
LOAD build/stm32g4xx_hal_dma_ex.o
LOAD build/stm32g4xx_hal_exti.o
LOAD build/stm32g4xx_hal_flash.o
LOAD build/stm32g4xx_hal_flash_ex.o
LOAD build/stm32g4xx_hal_flash_ramfunc.o
LOAD build/stm32g4xx_hal_gpio.o
LOAD build/stm32g4xx_hal_pcd.o
LOAD build/stm32g4xx_hal_pcd_ex.o
LOAD build/stm32g4xx_hal_pwr.o
LOAD build/stm32g4xx_hal_pwr_ex.o
LOAD build/stm32g4xx_hal_rcc.o
LOAD build/stm32g4xx_hal_rcc_ex.o
LOAD build/stm32g4xx_hal_tim.o
LOAD build/stm32g4xx_hal_tim_ex.o
LOAD build/stm32g4xx_ll_usb.o
LOAD build/usbd_cdc.o
LOAD build/usbd_core.o
LOAD build/usbd_ctlreq.o
LOAD build/usbd_ioreq.o
LOAD build/usb_device.o
LOAD build/usbd_cdc_if.o
LOAD build/usbd_desc.o
LOAD build/usbd_conf.o
LOAD build/startup_stm32g441xx.o
LOAD c:/users/jack2/appdata/roaming/code/user/globalstorage/bmd.stm32-for-vscode/@xpack-dev-tools/arm-none-eabi-gcc/10.2.1-1.1.2/.content/bin/../lib/gcc/arm-none-eabi/10.2.1/../../../../arm-none-eabi/lib/thumb/v7e-m+fp/hard\libc_nano.a
LOAD c:/users/jack2/appdata/roaming/code/user/globalstorage/bmd.stm32-for-vscode/@xpack-dev-tools/arm-none-eabi-gcc/10.2.1-1.1.2/.content/bin/../lib/gcc/arm-none-eabi/10.2.1/../../../../arm-none-eabi/lib/thumb/v7e-m+fp/hard\libm.a
LOAD c:/users/jack2/appdata/roaming/code/user/globalstorage/bmd.stm32-for-vscode/@xpack-dev-tools/arm-none-eabi-gcc/10.2.1-1.1.2/.content/bin/../lib/gcc/arm-none-eabi/10.2.1/../../../../arm-none-eabi/lib/thumb/v7e-m+fp/hard\libnosys.a
START GROUP
LOAD c:/users/jack2/appdata/roaming/code/user/globalstorage/bmd.stm32-for-vscode/@xpack-dev-tools/arm-none-eabi-gcc/10.2.1-1.1.2/.content/bin/../lib/gcc/arm-none-eabi/10.2.1/thumb/v7e-m+fp/hard\libgcc.a
LOAD c:/users/jack2/appdata/roaming/code/user/globalstorage/bmd.stm32-for-vscode/@xpack-dev-tools/arm-none-eabi-gcc/10.2.1-1.1.2/.content/bin/../lib/gcc/arm-none-eabi/10.2.1/../../../../arm-none-eabi/lib/thumb/v7e-m+fp/hard\libc_nano.a
END GROUP
START GROUP
LOAD c:/users/jack2/appdata/roaming/code/user/globalstorage/bmd.stm32-for-vscode/@xpack-dev-tools/arm-none-eabi-gcc/10.2.1-1.1.2/.content/bin/../lib/gcc/arm-none-eabi/10.2.1/thumb/v7e-m+fp/hard\libgcc.a
LOAD c:/users/jack2/appdata/roaming/code/user/globalstorage/bmd.stm32-for-vscode/@xpack-dev-tools/arm-none-eabi-gcc/10.2.1-1.1.2/.content/bin/../lib/gcc/arm-none-eabi/10.2.1/../../../../arm-none-eabi/lib/thumb/v7e-m+fp/hard\libc_nano.a
END GROUP
LOAD c:/users/jack2/appdata/roaming/code/user/globalstorage/bmd.stm32-for-vscode/@xpack-dev-tools/arm-none-eabi-gcc/10.2.1-1.1.2/.content/bin/../lib/gcc/arm-none-eabi/10.2.1/thumb/v7e-m+fp/hard/crtend.o
LOAD c:/users/jack2/appdata/roaming/code/user/globalstorage/bmd.stm32-for-vscode/@xpack-dev-tools/arm-none-eabi-gcc/10.2.1-1.1.2/.content/bin/../lib/gcc/arm-none-eabi/10.2.1/thumb/v7e-m+fp/hard/crtn.o
                0x0000000020008000                _estack = 0x20008000
                0x0000000000000200                _Min_Heap_Size = 0x200
                0x0000000000000400                _Min_Stack_Size = 0x400

.isr_vector     0x0000000008000000      0x1d8
                0x0000000008000000                . = ALIGN (0x4)
 *(.isr_vector)
 .isr_vector    0x0000000008000000      0x1d8 build/startup_stm32g441xx.o
                0x0000000008000000                g_pfnVectors
                0x00000000080001d8                . = ALIGN (0x4)

.text           0x00000000080001e0     0x4428
                0x00000000080001e0                . = ALIGN (0x4)
 *(.text)
 .text          0x00000000080001e0       0xa0 c:/users/jack2/appdata/roaming/code/user/globalstorage/bmd.stm32-for-vscode/@xpack-dev-tools/arm-none-eabi-gcc/10.2.1-1.1.2/.content/bin/../lib/gcc/arm-none-eabi/10.2.1/../../../../arm-none-eabi/lib/thumb/v7e-m+fp/hard\libc_nano.a(lib_a-memchr.o)
                0x00000000080001e0                memchr
 *(.text*)
 .text.__do_global_dtors_aux
                0x0000000008000280       0x24 c:/users/jack2/appdata/roaming/code/user/globalstorage/bmd.stm32-for-vscode/@xpack-dev-tools/arm-none-eabi-gcc/10.2.1-1.1.2/.content/bin/../lib/gcc/arm-none-eabi/10.2.1/thumb/v7e-m+fp/hard/crtbegin.o
 .text.frame_dummy
                0x00000000080002a4       0x1c c:/users/jack2/appdata/roaming/code/user/globalstorage/bmd.stm32-for-vscode/@xpack-dev-tools/arm-none-eabi-gcc/10.2.1-1.1.2/.content/bin/../lib/gcc/arm-none-eabi/10.2.1/thumb/v7e-m+fp/hard/crtbegin.o
 .text.updateDisplayCell
                0x00000000080002c0       0x14 build/7Seg.o
                0x00000000080002c0                updateDisplayCell
 .text.updateDisplayWithTime
                0x00000000080002d4      0x12c build/7Seg.o
                0x00000000080002d4                updateDisplayWithTime
 .text.setDisplayCell
                0x0000000008000400       0x4c build/7Seg.o
                0x0000000008000400                setDisplayCell
 .text.setDisplayForce
                0x000000000800044c       0x44 build/7Seg.o
                0x000000000800044c                setDisplayForce
 .text.setDisplay
                0x0000000008000490       0x64 build/7Seg.o
                0x0000000008000490                setDisplay
 .text.rtcInit  0x00000000080004f4      0x1c8 build/main.o
                0x00000000080004f4                rtcInit
 .text.checkSetTime
                0x00000000080006bc       0xc8 build/main.o
                0x00000000080006bc                checkSetTime
 .text.gpioB_Init
                0x0000000008000784       0x1c build/main.o
                0x0000000008000784                gpioB_Init
 .text.gpioA_Init
                0x00000000080007a0       0x20 build/main.o
                0x00000000080007a0                gpioA_Init
 .text.mainRCCInit
                0x00000000080007c0       0x4c build/main.o
                0x00000000080007c0                mainRCCInit
 .text.main     0x000000000800080c      0x134 build/main.o
                0x000000000800080c                main
 .text.Error_Handler
                0x0000000008000940        0x4 build/main.o
                0x0000000008000940                Error_Handler
 .text.HAL_MspInit
                0x0000000008000944       0x38 build/stm32g4xx_hal_msp.o
                0x0000000008000944                HAL_MspInit
 .text.NMI_Handler
                0x000000000800097c        0x2 build/stm32g4xx_it.o
                0x000000000800097c                NMI_Handler
 .text.HardFault_Handler
                0x000000000800097e        0x2 build/stm32g4xx_it.o
                0x000000000800097e                HardFault_Handler
 .text.MemManage_Handler
                0x0000000008000980        0x2 build/stm32g4xx_it.o
                0x0000000008000980                MemManage_Handler
 .text.BusFault_Handler
                0x0000000008000982        0x2 build/stm32g4xx_it.o
                0x0000000008000982                BusFault_Handler
 .text.UsageFault_Handler
                0x0000000008000984        0x2 build/stm32g4xx_it.o
                0x0000000008000984                UsageFault_Handler
 .text.SVC_Handler
                0x0000000008000986        0x2 build/stm32g4xx_it.o
                0x0000000008000986                SVC_Handler
 .text.DebugMon_Handler
                0x0000000008000988        0x2 build/stm32g4xx_it.o
                0x0000000008000988                DebugMon_Handler
 .text.PendSV_Handler
                0x000000000800098a        0x2 build/stm32g4xx_it.o
                0x000000000800098a                PendSV_Handler
 .text.SysTick_Handler
                0x000000000800098c        0x8 build/stm32g4xx_it.o
                0x000000000800098c                SysTick_Handler
 .text.USB_LP_IRQHandler
                0x0000000008000994       0x10 build/stm32g4xx_it.o
                0x0000000008000994                USB_LP_IRQHandler
 .text.SystemInit
                0x00000000080009a4       0x14 build/system_stm32g4xx.o
                0x00000000080009a4                SystemInit
 .text.HAL_InitTick
                0x00000000080009b8       0x50 build/stm32g4xx_hal.o
                0x00000000080009b8                HAL_InitTick
 .text.HAL_Init
                0x0000000008000a08       0x1e build/stm32g4xx_hal.o
                0x0000000008000a08                HAL_Init
 *fill*         0x0000000008000a26        0x2 
 .text.HAL_IncTick
                0x0000000008000a28       0x18 build/stm32g4xx_hal.o
                0x0000000008000a28                HAL_IncTick
 .text.HAL_GetTick
                0x0000000008000a40        0xc build/stm32g4xx_hal.o
                0x0000000008000a40                HAL_GetTick
 .text.HAL_Delay
                0x0000000008000a4c       0x28 build/stm32g4xx_hal.o
                0x0000000008000a4c                HAL_Delay
 .text.HAL_NVIC_SetPriorityGrouping
                0x0000000008000a74       0x24 build/stm32g4xx_hal_cortex.o
                0x0000000008000a74                HAL_NVIC_SetPriorityGrouping
 .text.HAL_NVIC_SetPriority
                0x0000000008000a98       0x70 build/stm32g4xx_hal_cortex.o
                0x0000000008000a98                HAL_NVIC_SetPriority
 .text.HAL_NVIC_EnableIRQ
                0x0000000008000b08       0x1c build/stm32g4xx_hal_cortex.o
                0x0000000008000b08                HAL_NVIC_EnableIRQ
 .text.HAL_SYSTICK_Config
                0x0000000008000b24       0x28 build/stm32g4xx_hal_cortex.o
                0x0000000008000b24                HAL_SYSTICK_Config
 .text.HAL_PCD_EP_DB_Receive
                0x0000000008000b4c      0x118 build/stm32g4xx_hal_pcd.o
 .text.HAL_PCD_Init
                0x0000000008000c64       0xe4 build/stm32g4xx_hal_pcd.o
                0x0000000008000c64                HAL_PCD_Init
 .text.HAL_PCD_Start
                0x0000000008000d48       0x2a build/stm32g4xx_hal_pcd.o
                0x0000000008000d48                HAL_PCD_Start
 .text.HAL_PCD_EP_DB_Transmit
                0x0000000008000d72      0x410 build/stm32g4xx_hal_pcd.o
 .text.PCD_EP_ISR_Handler
                0x0000000008001182      0x416 build/stm32g4xx_hal_pcd.o
 .text.HAL_PCD_SetAddress
                0x0000000008001598       0x28 build/stm32g4xx_hal_pcd.o
                0x0000000008001598                HAL_PCD_SetAddress
 .text.HAL_PCD_IRQHandler
                0x00000000080015c0      0x1dc build/stm32g4xx_hal_pcd.o
                0x00000000080015c0                HAL_PCD_IRQHandler
 .text.HAL_PCD_EP_Open
                0x000000000800179c       0x84 build/stm32g4xx_hal_pcd.o
                0x000000000800179c                HAL_PCD_EP_Open
 .text.HAL_PCD_EP_Close
                0x0000000008001820       0x64 build/stm32g4xx_hal_pcd.o
                0x0000000008001820                HAL_PCD_EP_Close
 .text.HAL_PCD_EP_Receive
                0x0000000008001884       0x44 build/stm32g4xx_hal_pcd.o
                0x0000000008001884                HAL_PCD_EP_Receive
 .text.HAL_PCD_EP_GetRxCount
                0x00000000080018c8       0x12 build/stm32g4xx_hal_pcd.o
                0x00000000080018c8                HAL_PCD_EP_GetRxCount
 .text.HAL_PCD_EP_Transmit
                0x00000000080018da       0x50 build/stm32g4xx_hal_pcd.o
                0x00000000080018da                HAL_PCD_EP_Transmit
 .text.HAL_PCD_EP_SetStall
                0x000000000800192a       0x6a build/stm32g4xx_hal_pcd.o
                0x000000000800192a                HAL_PCD_EP_SetStall
 .text.HAL_PCD_EP_ClrStall
                0x0000000008001994       0x76 build/stm32g4xx_hal_pcd.o
                0x0000000008001994                HAL_PCD_EP_ClrStall
 .text.HAL_PCDEx_PMAConfig
                0x0000000008001a0a       0x38 build/stm32g4xx_hal_pcd_ex.o
                0x0000000008001a0a                HAL_PCDEx_PMAConfig
 .text.HAL_PCDEx_ActivateLPM
                0x0000000008001a42       0x2c build/stm32g4xx_hal_pcd_ex.o
                0x0000000008001a42                HAL_PCDEx_ActivateLPM
 *fill*         0x0000000008001a6e        0x2 
 .text.HAL_PWREx_DisableUCPDDeadBattery
                0x0000000008001a70       0x10 build/stm32g4xx_hal_pwr_ex.o
                0x0000000008001a70                HAL_PWREx_DisableUCPDDeadBattery
 .text.USB_EnableGlobalInt
                0x0000000008001a80       0x12 build/stm32g4xx_ll_usb.o
                0x0000000008001a80                USB_EnableGlobalInt
 .text.USB_DisableGlobalInt
                0x0000000008001a92       0x14 build/stm32g4xx_ll_usb.o
                0x0000000008001a92                USB_DisableGlobalInt
 .text.USB_DevInit
                0x0000000008001aa6       0x22 build/stm32g4xx_ll_usb.o
                0x0000000008001aa6                USB_DevInit
 .text.USB_ActivateEndpoint
                0x0000000008001ac8      0x37c build/stm32g4xx_ll_usb.o
                0x0000000008001ac8                USB_ActivateEndpoint
 .text.USB_DeactivateEndpoint
                0x0000000008001e44      0x1d6 build/stm32g4xx_ll_usb.o
                0x0000000008001e44                USB_DeactivateEndpoint
 .text.USB_EPSetStall
                0x000000000800201a       0x4a build/stm32g4xx_ll_usb.o
                0x000000000800201a                USB_EPSetStall
 .text.USB_EPClearStall
                0x0000000008002064       0xa2 build/stm32g4xx_ll_usb.o
                0x0000000008002064                USB_EPClearStall
 .text.USB_SetDevAddress
                0x0000000008002106        0xc build/stm32g4xx_ll_usb.o
                0x0000000008002106                USB_SetDevAddress
 .text.USB_DevConnect
                0x0000000008002112       0x16 build/stm32g4xx_ll_usb.o
                0x0000000008002112                USB_DevConnect
 .text.USB_ReadInterrupts
                0x0000000008002128        0x8 build/stm32g4xx_ll_usb.o
                0x0000000008002128                USB_ReadInterrupts
 .text.USB_WritePMA
                0x0000000008002130       0x28 build/stm32g4xx_ll_usb.o
                0x0000000008002130                USB_WritePMA
 .text.USB_EPStartXfer
                0x0000000008002158      0x8b2 build/stm32g4xx_ll_usb.o
                0x0000000008002158                USB_EPStartXfer
 .text.USB_ReadPMA
                0x0000000008002a0a       0x30 build/stm32g4xx_ll_usb.o
                0x0000000008002a0a                USB_ReadPMA
 .text.USBD_CDC_EP0_RxReady
                0x0000000008002a3a       0x36 build/usbd_cdc.o
 .text.USBD_CDC_GetFSCfgDesc
                0x0000000008002a70        0xc build/usbd_cdc.o
 .text.USBD_CDC_GetHSCfgDesc
                0x0000000008002a7c        0xc build/usbd_cdc.o
 .text.USBD_CDC_GetOtherSpeedCfgDesc
                0x0000000008002a88        0xc build/usbd_cdc.o
 .text.USBD_CDC_GetDeviceQualifierDescriptor
                0x0000000008002a94        0xc build/usbd_cdc.o
                0x0000000008002a94                USBD_CDC_GetDeviceQualifierDescriptor
 .text.USBD_CDC_DataOut
                0x0000000008002aa0       0x2a build/usbd_cdc.o
 .text.USBD_CDC_DataIn
                0x0000000008002aca       0x6a build/usbd_cdc.o
 .text.USBD_CDC_Setup
                0x0000000008002b34       0xf4 build/usbd_cdc.o
 .text.USBD_CDC_DeInit
                0x0000000008002c28       0x48 build/usbd_cdc.o
 .text.USBD_CDC_Init
                0x0000000008002c70       0xc2 build/usbd_cdc.o
 .text.USBD_CDC_RegisterInterface
                0x0000000008002d32        0xe build/usbd_cdc.o
                0x0000000008002d32                USBD_CDC_RegisterInterface
 .text.USBD_CDC_SetTxBuffer
                0x0000000008002d40       0x16 build/usbd_cdc.o
                0x0000000008002d40                USBD_CDC_SetTxBuffer
 .text.USBD_CDC_SetRxBuffer
                0x0000000008002d56       0x12 build/usbd_cdc.o
                0x0000000008002d56                USBD_CDC_SetRxBuffer
 .text.USBD_CDC_TransmitPacket
                0x0000000008002d68       0x34 build/usbd_cdc.o
                0x0000000008002d68                USBD_CDC_TransmitPacket
 .text.USBD_CDC_ReceivePacket
                0x0000000008002d9c       0x32 build/usbd_cdc.o
                0x0000000008002d9c                USBD_CDC_ReceivePacket
 .text.USBD_Init
                0x0000000008002dce       0x2e build/usbd_core.o
                0x0000000008002dce                USBD_Init
 .text.USBD_RegisterClass
                0x0000000008002dfc       0x2e build/usbd_core.o
                0x0000000008002dfc                USBD_RegisterClass
 .text.USBD_Start
                0x0000000008002e2a        0x8 build/usbd_core.o
                0x0000000008002e2a                USBD_Start
 .text.USBD_SetClassConfig
                0x0000000008002e32       0x12 build/usbd_core.o
                0x0000000008002e32                USBD_SetClassConfig
 .text.USBD_ClrClassConfig
                0x0000000008002e44       0x10 build/usbd_core.o
                0x0000000008002e44                USBD_ClrClassConfig
 .text.USBD_LL_SetupStage
                0x0000000008002e54       0x58 build/usbd_core.o
                0x0000000008002e54                USBD_LL_SetupStage
 .text.USBD_LL_DataOutStage
                0x0000000008002eac       0x78 build/usbd_core.o
                0x0000000008002eac                USBD_LL_DataOutStage
 .text.USBD_LL_DataInStage
                0x0000000008002f24       0xbe build/usbd_core.o
                0x0000000008002f24                USBD_LL_DataInStage
 .text.USBD_LL_Reset
                0x0000000008002fe2       0x5a build/usbd_core.o
                0x0000000008002fe2                USBD_LL_Reset
 .text.USBD_LL_SetSpeed
                0x000000000800303c        0x6 build/usbd_core.o
                0x000000000800303c                USBD_LL_SetSpeed
 .text.USBD_LL_Suspend
                0x0000000008003042       0x14 build/usbd_core.o
                0x0000000008003042                USBD_LL_Suspend
 .text.USBD_LL_Resume
                0x0000000008003056       0x1a build/usbd_core.o
                0x0000000008003056                USBD_LL_Resume
 .text.USBD_LL_SOF
                0x0000000008003070       0x28 build/usbd_core.o
                0x0000000008003070                USBD_LL_SOF
 .text.USBD_GetLen
                0x0000000008003098       0x14 build/usbd_ctlreq.o
 .text.USBD_SetFeature
                0x00000000080030ac       0x14 build/usbd_ctlreq.o
 .text.USBD_ParseSetupRequest
                0x00000000080030c0       0x28 build/usbd_ctlreq.o
                0x00000000080030c0                USBD_ParseSetupRequest
 .text.USBD_CtlError
                0x00000000080030e8       0x14 build/usbd_ctlreq.o
                0x00000000080030e8                USBD_CtlError
 .text.USBD_GetDescriptor
                0x00000000080030fc      0x1ac build/usbd_ctlreq.o
 .text.USBD_SetAddress
                0x00000000080032a8       0x50 build/usbd_ctlreq.o
 .text.USBD_SetConfig
                0x00000000080032f8       0xc8 build/usbd_ctlreq.o
 .text.USBD_GetConfig
                0x00000000080033c0       0x40 build/usbd_ctlreq.o
 .text.USBD_GetStatus
                0x0000000008003400       0x38 build/usbd_ctlreq.o
 .text.USBD_ClrFeature
                0x0000000008003438       0x26 build/usbd_ctlreq.o
 .text.USBD_StdDevReq
                0x000000000800345e       0x70 build/usbd_ctlreq.o
                0x000000000800345e                USBD_StdDevReq
 .text.USBD_StdItfReq
                0x00000000080034ce       0x68 build/usbd_ctlreq.o
                0x00000000080034ce                USBD_StdItfReq
 .text.USBD_StdEPReq
                0x0000000008003536      0x1ec build/usbd_ctlreq.o
                0x0000000008003536                USBD_StdEPReq
 .text.USBD_GetString
                0x0000000008003722       0x3a build/usbd_ctlreq.o
                0x0000000008003722                USBD_GetString
 .text.USBD_CtlSendData
                0x000000000800375c       0x1a build/usbd_ioreq.o
                0x000000000800375c                USBD_CtlSendData
 .text.USBD_CtlContinueSendData
                0x0000000008003776       0x10 build/usbd_ioreq.o
                0x0000000008003776                USBD_CtlContinueSendData
 .text.USBD_CtlPrepareRx
                0x0000000008003786       0x1e build/usbd_ioreq.o
                0x0000000008003786                USBD_CtlPrepareRx
 .text.USBD_CtlContinueRx
                0x00000000080037a4       0x10 build/usbd_ioreq.o
                0x00000000080037a4                USBD_CtlContinueRx
 .text.USBD_CtlSendStatus
                0x00000000080037b4       0x16 build/usbd_ioreq.o
                0x00000000080037b4                USBD_CtlSendStatus
 .text.USBD_CtlReceiveStatus
                0x00000000080037ca       0x16 build/usbd_ioreq.o
                0x00000000080037ca                USBD_CtlReceiveStatus
 .text.MX_USB_Device_Init
                0x00000000080037e0       0x70 build/usb_device.o
                0x00000000080037e0                MX_USB_Device_Init
 .text.CDC_DeInit_FS
                0x0000000008003850        0x4 build/usbd_cdc_if.o
 .text.CDC_Control_FS
                0x0000000008003854        0x4 build/usbd_cdc_if.o
 .text.CDC_TransmitCplt_FS
                0x0000000008003858        0x4 build/usbd_cdc_if.o
 .text.CDC_Receive_FS
                0x000000000800385c       0x50 build/usbd_cdc_if.o
 .text.CDC_Init_FS
                0x00000000080038ac       0x28 build/usbd_cdc_if.o
 .text.CDC_Transmit_FS
                0x00000000080038d4       0x2c build/usbd_cdc_if.o
                0x00000000080038d4                CDC_Transmit_FS
 .text.USBD_CDC_DeviceDescriptor
                0x0000000008003900        0xc build/usbd_desc.o
                0x0000000008003900                USBD_CDC_DeviceDescriptor
 .text.USBD_CDC_LangIDStrDescriptor
                0x000000000800390c        0xc build/usbd_desc.o
                0x000000000800390c                USBD_CDC_LangIDStrDescriptor
 .text.IntToUnicode
                0x0000000008003918       0x46 build/usbd_desc.o
 *fill*         0x000000000800395e        0x2 
 .text.Get_SerialNum
                0x0000000008003960       0x38 build/usbd_desc.o
 .text.USBD_CDC_SerialStrDescriptor
                0x0000000008003998       0x14 build/usbd_desc.o
                0x0000000008003998                USBD_CDC_SerialStrDescriptor
 .text.USBD_CDC_ProductStrDescriptor
                0x00000000080039ac       0x24 build/usbd_desc.o
                0x00000000080039ac                USBD_CDC_ProductStrDescriptor
 .text.USBD_CDC_ManufacturerStrDescriptor
                0x00000000080039d0       0x1c build/usbd_desc.o
                0x00000000080039d0                USBD_CDC_ManufacturerStrDescriptor
 .text.USBD_CDC_ConfigStrDescriptor
                0x00000000080039ec       0x24 build/usbd_desc.o
                0x00000000080039ec                USBD_CDC_ConfigStrDescriptor
 .text.USBD_CDC_InterfaceStrDescriptor
                0x0000000008003a10       0x24 build/usbd_desc.o
                0x0000000008003a10                USBD_CDC_InterfaceStrDescriptor
 .text.USBD_Get_USB_Status
                0x0000000008003a34       0x14 build/usbd_conf.o
 .text.SystemClockConfig_Resume
                0x0000000008003a48        0x8 build/usbd_conf.o
 .text.HAL_PCD_MspInit
                0x0000000008003a50       0x40 build/usbd_conf.o
                0x0000000008003a50                HAL_PCD_MspInit
 .text.HAL_PCD_SetupStageCallback
                0x0000000008003a90       0x10 build/usbd_conf.o
                0x0000000008003a90                HAL_PCD_SetupStageCallback
 .text.HAL_PCD_DataOutStageCallback
                0x0000000008003aa0       0x18 build/usbd_conf.o
                0x0000000008003aa0                HAL_PCD_DataOutStageCallback
 .text.HAL_PCD_DataInStageCallback
                0x0000000008003ab8       0x16 build/usbd_conf.o
                0x0000000008003ab8                HAL_PCD_DataInStageCallback
 .text.HAL_PCD_SOFCallback
                0x0000000008003ace        0xc build/usbd_conf.o
                0x0000000008003ace                HAL_PCD_SOFCallback
 .text.HAL_PCD_ResetCallback
                0x0000000008003ada       0x24 build/usbd_conf.o
                0x0000000008003ada                HAL_PCD_ResetCallback
 *fill*         0x0000000008003afe        0x2 
 .text.HAL_PCD_SuspendCallback
                0x0000000008003b00       0x20 build/usbd_conf.o
                0x0000000008003b00                HAL_PCD_SuspendCallback
 .text.HAL_PCD_ResumeCallback
                0x0000000008003b20       0x28 build/usbd_conf.o
                0x0000000008003b20                HAL_PCD_ResumeCallback
 .text.USBD_LL_Init
                0x0000000008003b48       0x88 build/usbd_conf.o
                0x0000000008003b48                USBD_LL_Init
 .text.USBD_LL_Start
                0x0000000008003bd0       0x10 build/usbd_conf.o
                0x0000000008003bd0                USBD_LL_Start
 .text.USBD_LL_OpenEP
                0x0000000008003be0       0x16 build/usbd_conf.o
                0x0000000008003be0                USBD_LL_OpenEP
 .text.USBD_LL_CloseEP
                0x0000000008003bf6       0x10 build/usbd_conf.o
                0x0000000008003bf6                USBD_LL_CloseEP
 .text.USBD_LL_StallEP
                0x0000000008003c06       0x10 build/usbd_conf.o
                0x0000000008003c06                USBD_LL_StallEP
 .text.USBD_LL_ClearStallEP
                0x0000000008003c16       0x10 build/usbd_conf.o
                0x0000000008003c16                USBD_LL_ClearStallEP
 .text.USBD_LL_IsStallEP
                0x0000000008003c26       0x2e build/usbd_conf.o
                0x0000000008003c26                USBD_LL_IsStallEP
 .text.USBD_LL_SetUSBAddress
                0x0000000008003c54       0x10 build/usbd_conf.o
                0x0000000008003c54                USBD_LL_SetUSBAddress
 .text.USBD_LL_Transmit
                0x0000000008003c64       0x10 build/usbd_conf.o
                0x0000000008003c64                USBD_LL_Transmit
 .text.USBD_LL_PrepareReceive
                0x0000000008003c74       0x10 build/usbd_conf.o
                0x0000000008003c74                USBD_LL_PrepareReceive
 .text.USBD_LL_GetRxDataSize
                0x0000000008003c84        0xc build/usbd_conf.o
                0x0000000008003c84                USBD_LL_GetRxDataSize
 .text.HAL_PCDEx_LPM_Callback
                0x0000000008003c90       0x48 build/usbd_conf.o
                0x0000000008003c90                HAL_PCDEx_LPM_Callback
 .text.USBD_static_malloc
                0x0000000008003cd8        0x8 build/usbd_conf.o
                0x0000000008003cd8                USBD_static_malloc
 .text.USBD_static_free
                0x0000000008003ce0        0x2 build/usbd_conf.o
                0x0000000008003ce0                USBD_static_free
 *fill*         0x0000000008003ce2        0x2 
 .text.Reset_Handler
                0x0000000008003ce4       0x50 build/startup_stm32g441xx.o
                0x0000000008003ce4                Reset_Handler
 .text.Default_Handler
                0x0000000008003d34        0x2 build/startup_stm32g441xx.o
                0x0000000008003d34                RTC_Alarm_IRQHandler
                0x0000000008003d34                EXTI2_IRQHandler
                0x0000000008003d34                TIM8_TRG_COM_IRQHandler
                0x0000000008003d34                TIM8_CC_IRQHandler
                0x0000000008003d34                TIM1_CC_IRQHandler
                0x0000000008003d34                USB_HP_IRQHandler
                0x0000000008003d34                CORDIC_IRQHandler
                0x0000000008003d34                EXTI3_IRQHandler
                0x0000000008003d34                I2C3_ER_IRQHandler
                0x0000000008003d34                EXTI0_IRQHandler
                0x0000000008003d34                I2C2_EV_IRQHandler
                0x0000000008003d34                FPU_IRQHandler
                0x0000000008003d34                FDCAN1_IT1_IRQHandler
                0x0000000008003d34                TIM1_UP_TIM16_IRQHandler
                0x0000000008003d34                ADC1_2_IRQHandler
                0x0000000008003d34                SPI1_IRQHandler
                0x0000000008003d34                TIM6_DAC_IRQHandler
                0x0000000008003d34                TIM8_UP_IRQHandler
                0x0000000008003d34                DMA2_Channel2_IRQHandler
                0x0000000008003d34                DMA1_Channel4_IRQHandler
                0x0000000008003d34                USART3_IRQHandler
                0x0000000008003d34                TIM4_IRQHandler
                0x0000000008003d34                DMA2_Channel1_IRQHandler
                0x0000000008003d34                I2C1_EV_IRQHandler
                0x0000000008003d34                DMA1_Channel6_IRQHandler
                0x0000000008003d34                UART4_IRQHandler
                0x0000000008003d34                DMA2_Channel4_IRQHandler
                0x0000000008003d34                TIM3_IRQHandler
                0x0000000008003d34                RCC_IRQHandler
                0x0000000008003d34                DMA1_Channel1_IRQHandler
                0x0000000008003d34                Default_Handler
                0x0000000008003d34                RTC_TAMP_LSECSS_IRQHandler
                0x0000000008003d34                FMAC_IRQHandler
                0x0000000008003d34                EXTI15_10_IRQHandler
                0x0000000008003d34                TIM7_IRQHandler
                0x0000000008003d34                UCPD1_IRQHandler
                0x0000000008003d34                I2C3_EV_IRQHandler
                0x0000000008003d34                EXTI9_5_IRQHandler
                0x0000000008003d34                RTC_WKUP_IRQHandler
                0x0000000008003d34                PVD_PVM_IRQHandler
                0x0000000008003d34                SPI2_IRQHandler
                0x0000000008003d34                DMA2_Channel5_IRQHandler
                0x0000000008003d34                CRS_IRQHandler
                0x0000000008003d34                DMA1_Channel5_IRQHandler
                0x0000000008003d34                EXTI4_IRQHandler
                0x0000000008003d34                RNG_IRQHandler
                0x0000000008003d34                TIM1_TRG_COM_TIM17_IRQHandler
                0x0000000008003d34                DMA1_Channel3_IRQHandler
                0x0000000008003d34                WWDG_IRQHandler
                0x0000000008003d34                LPUART1_IRQHandler
                0x0000000008003d34                DMA2_Channel6_IRQHandler
                0x0000000008003d34                FDCAN1_IT0_IRQHandler
                0x0000000008003d34                TIM2_IRQHandler
                0x0000000008003d34                COMP1_2_3_IRQHandler
                0x0000000008003d34                EXTI1_IRQHandler
                0x0000000008003d34                AES_IRQHandler
                0x0000000008003d34                USART2_IRQHandler
                0x0000000008003d34                I2C2_ER_IRQHandler
                0x0000000008003d34                DMA1_Channel2_IRQHandler
                0x0000000008003d34                TIM8_BRK_IRQHandler
                0x0000000008003d34                FLASH_IRQHandler
                0x0000000008003d34                USART1_IRQHandler
                0x0000000008003d34                SPI3_IRQHandler
                0x0000000008003d34                I2C1_ER_IRQHandler
                0x0000000008003d34                LPTIM1_IRQHandler
                0x0000000008003d34                DMAMUX_OVR_IRQHandler
                0x0000000008003d34                USBWakeUp_IRQHandler
                0x0000000008003d34                SAI1_IRQHandler
                0x0000000008003d34                DMA2_Channel3_IRQHandler
                0x0000000008003d34                COMP4_IRQHandler
                0x0000000008003d34                TIM1_BRK_TIM15_IRQHandler
 *fill*         0x0000000008003d36        0x2 
 .text.__libc_init_array
                0x0000000008003d38       0x48 c:/users/jack2/appdata/roaming/code/user/globalstorage/bmd.stm32-for-vscode/@xpack-dev-tools/arm-none-eabi-gcc/10.2.1-1.1.2/.content/bin/../lib/gcc/arm-none-eabi/10.2.1/../../../../arm-none-eabi/lib/thumb/v7e-m+fp/hard\libc_nano.a(lib_a-init.o)
                0x0000000008003d38                __libc_init_array
 .text.sprintf  0x0000000008003d80       0x40 c:/users/jack2/appdata/roaming/code/user/globalstorage/bmd.stm32-for-vscode/@xpack-dev-tools/arm-none-eabi-gcc/10.2.1-1.1.2/.content/bin/../lib/gcc/arm-none-eabi/10.2.1/../../../../arm-none-eabi/lib/thumb/v7e-m+fp/hard\libc_nano.a(lib_a-sprintf.o)
                0x0000000008003d80                siprintf
                0x0000000008003d80                sprintf
 .text.__ssputs_r
                0x0000000008003dc0       0xb6 c:/users/jack2/appdata/roaming/code/user/globalstorage/bmd.stm32-for-vscode/@xpack-dev-tools/arm-none-eabi-gcc/10.2.1-1.1.2/.content/bin/../lib/gcc/arm-none-eabi/10.2.1/../../../../arm-none-eabi/lib/thumb/v7e-m+fp/hard\libc_nano.a(lib_a-nano-svfprintf.o)
                0x0000000008003dc0                __ssputs_r
 *fill*         0x0000000008003e76        0x2 
 .text._svfprintf_r
                0x0000000008003e78      0x200 c:/users/jack2/appdata/roaming/code/user/globalstorage/bmd.stm32-for-vscode/@xpack-dev-tools/arm-none-eabi-gcc/10.2.1-1.1.2/.content/bin/../lib/gcc/arm-none-eabi/10.2.1/../../../../arm-none-eabi/lib/thumb/v7e-m+fp/hard\libc_nano.a(lib_a-nano-svfprintf.o)
                0x0000000008003e78                _svfiprintf_r
                0x0000000008003e78                _svfprintf_r
 .text._printf_common
                0x0000000008004078       0xda c:/users/jack2/appdata/roaming/code/user/globalstorage/bmd.stm32-for-vscode/@xpack-dev-tools/arm-none-eabi-gcc/10.2.1-1.1.2/.content/bin/../lib/gcc/arm-none-eabi/10.2.1/../../../../arm-none-eabi/lib/thumb/v7e-m+fp/hard\libc_nano.a(lib_a-nano-vfprintf_i.o)
                0x0000000008004078                _printf_common
 *fill*         0x0000000008004152        0x2 
 .text._printf_i
                0x0000000008004154      0x24c c:/users/jack2/appdata/roaming/code/user/globalstorage/bmd.stm32-for-vscode/@xpack-dev-tools/arm-none-eabi-gcc/10.2.1-1.1.2/.content/bin/../lib/gcc/arm-none-eabi/10.2.1/../../../../arm-none-eabi/lib/thumb/v7e-m+fp/hard\libc_nano.a(lib_a-nano-vfprintf_i.o)
                0x0000000008004154                _printf_i
 .text.memcpy   0x00000000080043a0       0x1c c:/users/jack2/appdata/roaming/code/user/globalstorage/bmd.stm32-for-vscode/@xpack-dev-tools/arm-none-eabi-gcc/10.2.1-1.1.2/.content/bin/../lib/gcc/arm-none-eabi/10.2.1/../../../../arm-none-eabi/lib/thumb/v7e-m+fp/hard\libc_nano.a(lib_a-memcpy-stub.o)
                0x00000000080043a0                memcpy
 .text.memmove  0x00000000080043bc       0x34 c:/users/jack2/appdata/roaming/code/user/globalstorage/bmd.stm32-for-vscode/@xpack-dev-tools/arm-none-eabi-gcc/10.2.1-1.1.2/.content/bin/../lib/gcc/arm-none-eabi/10.2.1/../../../../arm-none-eabi/lib/thumb/v7e-m+fp/hard\libc_nano.a(lib_a-memmove.o)
                0x00000000080043bc                memmove
 .text._free_r  0x00000000080043f0       0x98 c:/users/jack2/appdata/roaming/code/user/globalstorage/bmd.stm32-for-vscode/@xpack-dev-tools/arm-none-eabi-gcc/10.2.1-1.1.2/.content/bin/../lib/gcc/arm-none-eabi/10.2.1/../../../../arm-none-eabi/lib/thumb/v7e-m+fp/hard\libc_nano.a(lib_a-nano-freer.o)
                0x00000000080043f0                _free_r
 .text._malloc_r
                0x0000000008004488       0xb4 c:/users/jack2/appdata/roaming/code/user/globalstorage/bmd.stm32-for-vscode/@xpack-dev-tools/arm-none-eabi-gcc/10.2.1-1.1.2/.content/bin/../lib/gcc/arm-none-eabi/10.2.1/../../../../arm-none-eabi/lib/thumb/v7e-m+fp/hard\libc_nano.a(lib_a-nano-mallocr.o)
                0x0000000008004488                _malloc_r
 .text._realloc_r
                0x000000000800453c       0x4c c:/users/jack2/appdata/roaming/code/user/globalstorage/bmd.stm32-for-vscode/@xpack-dev-tools/arm-none-eabi-gcc/10.2.1-1.1.2/.content/bin/../lib/gcc/arm-none-eabi/10.2.1/../../../../arm-none-eabi/lib/thumb/v7e-m+fp/hard\libc_nano.a(lib_a-nano-reallocr.o)
                0x000000000800453c                _realloc_r
 .text._sbrk_r  0x0000000008004588       0x20 c:/users/jack2/appdata/roaming/code/user/globalstorage/bmd.stm32-for-vscode/@xpack-dev-tools/arm-none-eabi-gcc/10.2.1-1.1.2/.content/bin/../lib/gcc/arm-none-eabi/10.2.1/../../../../arm-none-eabi/lib/thumb/v7e-m+fp/hard\libc_nano.a(lib_a-sbrkr.o)
                0x0000000008004588                _sbrk_r
 .text.__malloc_lock
                0x00000000080045a8        0xc c:/users/jack2/appdata/roaming/code/user/globalstorage/bmd.stm32-for-vscode/@xpack-dev-tools/arm-none-eabi-gcc/10.2.1-1.1.2/.content/bin/../lib/gcc/arm-none-eabi/10.2.1/../../../../arm-none-eabi/lib/thumb/v7e-m+fp/hard\libc_nano.a(lib_a-mlock.o)
                0x00000000080045a8                __malloc_lock
 .text.__malloc_unlock
                0x00000000080045b4        0xc c:/users/jack2/appdata/roaming/code/user/globalstorage/bmd.stm32-for-vscode/@xpack-dev-tools/arm-none-eabi-gcc/10.2.1-1.1.2/.content/bin/../lib/gcc/arm-none-eabi/10.2.1/../../../../arm-none-eabi/lib/thumb/v7e-m+fp/hard\libc_nano.a(lib_a-mlock.o)
                0x00000000080045b4                __malloc_unlock
 .text._malloc_usable_size_r
                0x00000000080045c0       0x10 c:/users/jack2/appdata/roaming/code/user/globalstorage/bmd.stm32-for-vscode/@xpack-dev-tools/arm-none-eabi-gcc/10.2.1-1.1.2/.content/bin/../lib/gcc/arm-none-eabi/10.2.1/../../../../arm-none-eabi/lib/thumb/v7e-m+fp/hard\libc_nano.a(lib_a-nano-msizer.o)
                0x00000000080045c0                _malloc_usable_size_r
 .text.__retarget_lock_acquire_recursive
                0x00000000080045d0        0x2 c:/users/jack2/appdata/roaming/code/user/globalstorage/bmd.stm32-for-vscode/@xpack-dev-tools/arm-none-eabi-gcc/10.2.1-1.1.2/.content/bin/../lib/gcc/arm-none-eabi/10.2.1/../../../../arm-none-eabi/lib/thumb/v7e-m+fp/hard\libc_nano.a(lib_a-lock.o)
                0x00000000080045d0                __retarget_lock_acquire_recursive
 .text.__retarget_lock_release_recursive
                0x00000000080045d2        0x2 c:/users/jack2/appdata/roaming/code/user/globalstorage/bmd.stm32-for-vscode/@xpack-dev-tools/arm-none-eabi-gcc/10.2.1-1.1.2/.content/bin/../lib/gcc/arm-none-eabi/10.2.1/../../../../arm-none-eabi/lib/thumb/v7e-m+fp/hard\libc_nano.a(lib_a-lock.o)
                0x00000000080045d2                __retarget_lock_release_recursive
 .text._sbrk    0x00000000080045d4       0x1c c:/users/jack2/appdata/roaming/code/user/globalstorage/bmd.stm32-for-vscode/@xpack-dev-tools/arm-none-eabi-gcc/10.2.1-1.1.2/.content/bin/../lib/gcc/arm-none-eabi/10.2.1/../../../../arm-none-eabi/lib/thumb/v7e-m+fp/hard\libnosys.a(sbrk.o)
                0x00000000080045d4                _sbrk
 *(.glue_7)
 .glue_7        0x00000000080045f0        0x0 linker stubs
 *(.glue_7t)
 .glue_7t       0x00000000080045f0        0x0 linker stubs
 *(.eh_frame)
 .eh_frame      0x00000000080045f0        0x0 c:/users/jack2/appdata/roaming/code/user/globalstorage/bmd.stm32-for-vscode/@xpack-dev-tools/arm-none-eabi-gcc/10.2.1-1.1.2/.content/bin/../lib/gcc/arm-none-eabi/10.2.1/thumb/v7e-m+fp/hard/crtbegin.o
 *(.init)
 .init          0x00000000080045f0        0x4 c:/users/jack2/appdata/roaming/code/user/globalstorage/bmd.stm32-for-vscode/@xpack-dev-tools/arm-none-eabi-gcc/10.2.1-1.1.2/.content/bin/../lib/gcc/arm-none-eabi/10.2.1/thumb/v7e-m+fp/hard/crti.o
                0x00000000080045f0                _init
 .init          0x00000000080045f4        0x8 c:/users/jack2/appdata/roaming/code/user/globalstorage/bmd.stm32-for-vscode/@xpack-dev-tools/arm-none-eabi-gcc/10.2.1-1.1.2/.content/bin/../lib/gcc/arm-none-eabi/10.2.1/thumb/v7e-m+fp/hard/crtn.o
 *(.fini)
 .fini          0x00000000080045fc        0x4 c:/users/jack2/appdata/roaming/code/user/globalstorage/bmd.stm32-for-vscode/@xpack-dev-tools/arm-none-eabi-gcc/10.2.1-1.1.2/.content/bin/../lib/gcc/arm-none-eabi/10.2.1/thumb/v7e-m+fp/hard/crti.o
                0x00000000080045fc                _fini
 .fini          0x0000000008004600        0x8 c:/users/jack2/appdata/roaming/code/user/globalstorage/bmd.stm32-for-vscode/@xpack-dev-tools/arm-none-eabi-gcc/10.2.1-1.1.2/.content/bin/../lib/gcc/arm-none-eabi/10.2.1/thumb/v7e-m+fp/hard/crtn.o
                0x0000000008004608                . = ALIGN (0x4)
                0x0000000008004608                _etext = .

.vfp11_veneer   0x0000000008004608        0x0
 .vfp11_veneer  0x0000000008004608        0x0 linker stubs

.v4_bx          0x0000000008004608        0x0
 .v4_bx         0x0000000008004608        0x0 linker stubs

.iplt           0x0000000008004608        0x0
 .iplt          0x0000000008004608        0x0 c:/users/jack2/appdata/roaming/code/user/globalstorage/bmd.stm32-for-vscode/@xpack-dev-tools/arm-none-eabi-gcc/10.2.1-1.1.2/.content/bin/../lib/gcc/arm-none-eabi/10.2.1/thumb/v7e-m+fp/hard/crtbegin.o

.rodata         0x0000000008004608      0x638
                0x0000000008004608                . = ALIGN (0x4)
 *(.rodata)
 .rodata        0x0000000008004608        0xa build/main.o
 *(.rodata*)
 *fill*         0x0000000008004612        0x2 
 .rodata.displayAddresses
                0x0000000008004614      0x110 build/7Seg.o
                0x0000000008004614                displayAddresses
 .rodata.eightDraw
                0x0000000008004724       0x40 build/7Seg.o
                0x0000000008004724                eightDraw
 .rodata.fiveDraw
                0x0000000008004764       0x40 build/7Seg.o
                0x0000000008004764                fiveDraw
 .rodata.fourDraw
                0x00000000080047a4       0x40 build/7Seg.o
                0x00000000080047a4                fourDraw
 .rodata.nineDraw
                0x00000000080047e4       0x40 build/7Seg.o
                0x00000000080047e4                nineDraw
 .rodata.oneDraw
                0x0000000008004824       0x40 build/7Seg.o
                0x0000000008004824                oneDraw
 .rodata.secretOrder
                0x0000000008004864      0x220 build/7Seg.o
                0x0000000008004864                secretOrder
 .rodata.sevenDraw
                0x0000000008004a84       0x40 build/7Seg.o
                0x0000000008004a84                sevenDraw
 .rodata.sixDraw
                0x0000000008004ac4       0x40 build/7Seg.o
                0x0000000008004ac4                sixDraw
 .rodata.threeDraw
                0x0000000008004b04       0x40 build/7Seg.o
                0x0000000008004b04                threeDraw
 .rodata.twoDraw
                0x0000000008004b44       0x40 build/7Seg.o
                0x0000000008004b44                twoDraw
 .rodata.zeroDraw
                0x0000000008004b84       0x40 build/7Seg.o
                0x0000000008004b84                zeroDraw
 .rodata.USBD_CDC_ProductStrDescriptor.str1.4
                0x0000000008004bc4       0x16 build/usbd_desc.o
 *fill*         0x0000000008004bda        0x2 
 .rodata.USBD_CDC_ManufacturerStrDescriptor.str1.4
                0x0000000008004bdc       0x13 build/usbd_desc.o
 *fill*         0x0000000008004bef        0x1 
 .rodata.USBD_CDC_ConfigStrDescriptor.str1.4
                0x0000000008004bf0        0xb build/usbd_desc.o
 *fill*         0x0000000008004bfb        0x1 
 .rodata.USBD_CDC_InterfaceStrDescriptor.str1.4
                0x0000000008004bfc        0xe build/usbd_desc.o
 .rodata._svfprintf_r.str1.1
                0x0000000008004c0a       0x11 c:/users/jack2/appdata/roaming/code/user/globalstorage/bmd.stm32-for-vscode/@xpack-dev-tools/arm-none-eabi-gcc/10.2.1-1.1.2/.content/bin/../lib/gcc/arm-none-eabi/10.2.1/../../../../arm-none-eabi/lib/thumb/v7e-m+fp/hard\libc_nano.a(lib_a-nano-svfprintf.o)
 .rodata._printf_i.str1.1
                0x0000000008004c1b       0x22 c:/users/jack2/appdata/roaming/code/user/globalstorage/bmd.stm32-for-vscode/@xpack-dev-tools/arm-none-eabi-gcc/10.2.1-1.1.2/.content/bin/../lib/gcc/arm-none-eabi/10.2.1/../../../../arm-none-eabi/lib/thumb/v7e-m+fp/hard\libc_nano.a(lib_a-nano-vfprintf_i.o)
                0x0000000008004c40                . = ALIGN (0x4)
 *fill*         0x0000000008004c3d        0x3 

.ARM.extab
 *(.ARM.extab* .gnu.linkonce.armextab.*)

.ARM            0x0000000008004c40        0x8
                0x0000000008004c40                __exidx_start = .
 *(.ARM.exidx*)
 .ARM.exidx.text._sbrk
                0x0000000008004c40        0x8 c:/users/jack2/appdata/roaming/code/user/globalstorage/bmd.stm32-for-vscode/@xpack-dev-tools/arm-none-eabi-gcc/10.2.1-1.1.2/.content/bin/../lib/gcc/arm-none-eabi/10.2.1/../../../../arm-none-eabi/lib/thumb/v7e-m+fp/hard\libnosys.a(sbrk.o)
                0x0000000008004c48                __exidx_end = .

.rel.dyn        0x0000000008004c48        0x0
 .rel.iplt      0x0000000008004c48        0x0 c:/users/jack2/appdata/roaming/code/user/globalstorage/bmd.stm32-for-vscode/@xpack-dev-tools/arm-none-eabi-gcc/10.2.1-1.1.2/.content/bin/../lib/gcc/arm-none-eabi/10.2.1/thumb/v7e-m+fp/hard/crtbegin.o

.preinit_array  0x0000000008004c48        0x0
                0x0000000008004c48                PROVIDE (__preinit_array_start = .)
 *(.preinit_array*)
                0x0000000008004c48                PROVIDE (__preinit_array_end = .)

.init_array     0x0000000008004c48        0x4
                0x0000000008004c48                PROVIDE (__init_array_start = .)
 *(SORT_BY_NAME(.init_array.*))
 *(.init_array*)
 .init_array    0x0000000008004c48        0x4 c:/users/jack2/appdata/roaming/code/user/globalstorage/bmd.stm32-for-vscode/@xpack-dev-tools/arm-none-eabi-gcc/10.2.1-1.1.2/.content/bin/../lib/gcc/arm-none-eabi/10.2.1/thumb/v7e-m+fp/hard/crtbegin.o
                0x0000000008004c4c                PROVIDE (__init_array_end = .)

.fini_array     0x0000000008004c4c        0x4
                [!provide]                        PROVIDE (__fini_array_start = .)
 *(SORT_BY_NAME(.fini_array.*))
 *(.fini_array*)
 .fini_array    0x0000000008004c4c        0x4 c:/users/jack2/appdata/roaming/code/user/globalstorage/bmd.stm32-for-vscode/@xpack-dev-tools/arm-none-eabi-gcc/10.2.1-1.1.2/.content/bin/../lib/gcc/arm-none-eabi/10.2.1/thumb/v7e-m+fp/hard/crtbegin.o
                [!provide]                        PROVIDE (__fini_array_end = .)
                0x0000000008004c50                _sidata = LOADADDR (.data)

.data           0x0000000020000000      0x340 load address 0x0000000008004c50
                0x0000000020000000                . = ALIGN (0x4)
                0x0000000020000000                _sdata = .
 *(.data)
 *(.data*)
 .data.lastDisplayState
                0x0000000020000000      0x110 build/7Seg.o
                0x0000000020000000                lastDisplayState
 .data.numDraws
                0x0000000020000110       0x28 build/7Seg.o
                0x0000000020000110                numDraws
 .data.txBuf    0x0000000020000138       0x20 build/main.o
                0x0000000020000138                txBuf
 .data.SystemCoreClock
                0x0000000020000158        0x4 build/system_stm32g4xx.o
                0x0000000020000158                SystemCoreClock
 .data.uwTickFreq
                0x000000002000015c        0x4 build/stm32g4xx_hal.o
                0x000000002000015c                uwTickFreq
 .data.uwTickPrio
                0x0000000020000160        0x4 build/stm32g4xx_hal.o
                0x0000000020000160                uwTickPrio
 .data.USBD_CDC
                0x0000000020000164       0x38 build/usbd_cdc.o
                0x0000000020000164                USBD_CDC
 .data.USBD_CDC_CfgFSDesc
                0x000000002000019c       0x43 build/usbd_cdc.o
 *fill*         0x00000000200001df        0x1 
 .data.USBD_CDC_CfgHSDesc
                0x00000000200001e0       0x43 build/usbd_cdc.o
 *fill*         0x0000000020000223        0x1 
 .data.USBD_CDC_DeviceQualifierDesc
                0x0000000020000224        0xa build/usbd_cdc.o
 *fill*         0x000000002000022e        0x2 
 .data.USBD_CDC_OtherSpeedCfgDesc
                0x0000000020000230       0x43 build/usbd_cdc.o
 *fill*         0x0000000020000273        0x1 
 .data.USBD_Interface_fops_FS
                0x0000000020000274       0x14 build/usbd_cdc_if.o
                0x0000000020000274                USBD_Interface_fops_FS
 .data.CDC_Desc
                0x0000000020000288       0x20 build/usbd_desc.o
                0x0000000020000288                CDC_Desc
 .data.USBD_CDC_DeviceDesc
                0x00000000200002a8       0x12 build/usbd_desc.o
                0x00000000200002a8                USBD_CDC_DeviceDesc
 *fill*         0x00000000200002ba        0x2 
 .data.USBD_LangIDDesc
                0x00000000200002bc        0x4 build/usbd_desc.o
                0x00000000200002bc                USBD_LangIDDesc
 .data.USBD_StringSerial
                0x00000000200002c0       0x1a build/usbd_desc.o
                0x00000000200002c0                USBD_StringSerial
 *fill*         0x00000000200002da        0x2 
 .data._impure_ptr
                0x00000000200002dc        0x4 c:/users/jack2/appdata/roaming/code/user/globalstorage/bmd.stm32-for-vscode/@xpack-dev-tools/arm-none-eabi-gcc/10.2.1-1.1.2/.content/bin/../lib/gcc/arm-none-eabi/10.2.1/../../../../arm-none-eabi/lib/thumb/v7e-m+fp/hard\libc_nano.a(lib_a-impure.o)
                0x00000000200002dc                _impure_ptr
 .data.impure_data
                0x00000000200002e0       0x60 c:/users/jack2/appdata/roaming/code/user/globalstorage/bmd.stm32-for-vscode/@xpack-dev-tools/arm-none-eabi-gcc/10.2.1-1.1.2/.content/bin/../lib/gcc/arm-none-eabi/10.2.1/../../../../arm-none-eabi/lib/thumb/v7e-m+fp/hard\libc_nano.a(lib_a-impure.o)
                0x0000000020000340                . = ALIGN (0x4)
                0x0000000020000340                _edata = .

.igot.plt       0x0000000020000340        0x0 load address 0x0000000008004f90
 .igot.plt      0x0000000020000340        0x0 c:/users/jack2/appdata/roaming/code/user/globalstorage/bmd.stm32-for-vscode/@xpack-dev-tools/arm-none-eabi-gcc/10.2.1-1.1.2/.content/bin/../lib/gcc/arm-none-eabi/10.2.1/thumb/v7e-m+fp/hard/crtbegin.o
                0x0000000020000340                . = ALIGN (0x4)

.bss            0x0000000020000340     0x1340 load address 0x0000000008004f90
                0x0000000020000340                _sbss = .
                0x0000000020000340                __bss_start__ = _sbss
 *(.bss)
 *(.bss*)
 .bss.completed.1
                0x0000000020000340        0x1 c:/users/jack2/appdata/roaming/code/user/globalstorage/bmd.stm32-for-vscode/@xpack-dev-tools/arm-none-eabi-gcc/10.2.1-1.1.2/.content/bin/../lib/gcc/arm-none-eabi/10.2.1/thumb/v7e-m+fp/hard/crtbegin.o
 *fill*         0x0000000020000341        0x3 
 .bss.object.0  0x0000000020000344       0x18 c:/users/jack2/appdata/roaming/code/user/globalstorage/bmd.stm32-for-vscode/@xpack-dev-tools/arm-none-eabi-gcc/10.2.1-1.1.2/.content/bin/../lib/gcc/arm-none-eabi/10.2.1/thumb/v7e-m+fp/hard/crtbegin.o
 .bss.displayState
                0x000000002000035c      0x110 build/7Seg.o
                0x000000002000035c                displayState
 .bss.rxBuf     0x000000002000046c       0x40 build/main.o
                0x000000002000046c                rxBuf
 .bss.usbHandler
                0x00000000200004ac        0x4 build/main.o
                0x00000000200004ac                usbHandler
 .bss.uwTick    0x00000000200004b0        0x4 build/stm32g4xx_hal.o
                0x00000000200004b0                uwTick
 .bss.cfgidx.0  0x00000000200004b4        0x1 build/usbd_ctlreq.o
 *fill*         0x00000000200004b5        0x3 
 .bss.hUsbDeviceFS
                0x00000000200004b8      0x2d0 build/usb_device.o
                0x00000000200004b8                hUsbDeviceFS
 .bss.UserRxBufferFS
                0x0000000020000788      0x3e8 build/usbd_cdc_if.o
                0x0000000020000788                UserRxBufferFS
 .bss.UserTxBufferFS
                0x0000000020000b70      0x3e8 build/usbd_cdc_if.o
                0x0000000020000b70                UserTxBufferFS
 .bss.USBD_StrDesc
                0x0000000020000f58      0x200 build/usbd_desc.o
                0x0000000020000f58                USBD_StrDesc
 .bss.hpcd_USB_FS
                0x0000000020001158      0x2f4 build/usbd_conf.o
                0x0000000020001158                hpcd_USB_FS
 .bss.mem.0     0x000000002000144c      0x220 build/usbd_conf.o
 .bss.__malloc_free_list
                0x000000002000166c        0x4 c:/users/jack2/appdata/roaming/code/user/globalstorage/bmd.stm32-for-vscode/@xpack-dev-tools/arm-none-eabi-gcc/10.2.1-1.1.2/.content/bin/../lib/gcc/arm-none-eabi/10.2.1/../../../../arm-none-eabi/lib/thumb/v7e-m+fp/hard\libc_nano.a(lib_a-nano-mallocr.o)
                0x000000002000166c                __malloc_free_list
 .bss.__malloc_sbrk_start
                0x0000000020001670        0x4 c:/users/jack2/appdata/roaming/code/user/globalstorage/bmd.stm32-for-vscode/@xpack-dev-tools/arm-none-eabi-gcc/10.2.1-1.1.2/.content/bin/../lib/gcc/arm-none-eabi/10.2.1/../../../../arm-none-eabi/lib/thumb/v7e-m+fp/hard\libc_nano.a(lib_a-nano-mallocr.o)
                0x0000000020001670                __malloc_sbrk_start
 .bss.errno     0x0000000020001674        0x4 c:/users/jack2/appdata/roaming/code/user/globalstorage/bmd.stm32-for-vscode/@xpack-dev-tools/arm-none-eabi-gcc/10.2.1-1.1.2/.content/bin/../lib/gcc/arm-none-eabi/10.2.1/../../../../arm-none-eabi/lib/thumb/v7e-m+fp/hard\libc_nano.a(lib_a-reent.o)
                0x0000000020001674                errno
 .bss.__lock___malloc_recursive_mutex
                0x0000000020001678        0x1 c:/users/jack2/appdata/roaming/code/user/globalstorage/bmd.stm32-for-vscode/@xpack-dev-tools/arm-none-eabi-gcc/10.2.1-1.1.2/.content/bin/../lib/gcc/arm-none-eabi/10.2.1/../../../../arm-none-eabi/lib/thumb/v7e-m+fp/hard\libc_nano.a(lib_a-lock.o)
                0x0000000020001678                __lock___malloc_recursive_mutex
 *fill*         0x0000000020001679        0x3 
 .bss.heap_end.0
                0x000000002000167c        0x4 c:/users/jack2/appdata/roaming/code/user/globalstorage/bmd.stm32-for-vscode/@xpack-dev-tools/arm-none-eabi-gcc/10.2.1-1.1.2/.content/bin/../lib/gcc/arm-none-eabi/10.2.1/../../../../arm-none-eabi/lib/thumb/v7e-m+fp/hard\libnosys.a(sbrk.o)
 *(COMMON)
                0x0000000020001680                . = ALIGN (0x4)
                0x0000000020001680                _ebss = .
                0x0000000020001680                __bss_end__ = _ebss

._user_heap_stack
                0x0000000020001680      0x600 load address 0x0000000008004f90
                0x0000000020001680                . = ALIGN (0x8)
                0x0000000020001680                PROVIDE (end = .)
                [!provide]                        PROVIDE (_end = .)
                0x0000000020001880                . = (. + _Min_Heap_Size)
 *fill*         0x0000000020001680      0x200 
                0x0000000020001c80                . = (. + _Min_Stack_Size)
 *fill*         0x0000000020001880      0x400 
                0x0000000020001c80                . = ALIGN (0x8)

/DISCARD/
 libc.a(*)
 libm.a(*)
 libgcc.a(*)

.ARM.attributes
                0x0000000000000000       0x30
 *(.ARM.attributes)
 .ARM.attributes
                0x0000000000000000       0x1e c:/users/jack2/appdata/roaming/code/user/globalstorage/bmd.stm32-for-vscode/@xpack-dev-tools/arm-none-eabi-gcc/10.2.1-1.1.2/.content/bin/../lib/gcc/arm-none-eabi/10.2.1/thumb/v7e-m+fp/hard/crti.o
 .ARM.attributes
                0x000000000000001e       0x34 c:/users/jack2/appdata/roaming/code/user/globalstorage/bmd.stm32-for-vscode/@xpack-dev-tools/arm-none-eabi-gcc/10.2.1-1.1.2/.content/bin/../lib/gcc/arm-none-eabi/10.2.1/thumb/v7e-m+fp/hard/crtbegin.o
 .ARM.attributes
                0x0000000000000052       0x34 build/7Seg.o
 .ARM.attributes
                0x0000000000000086       0x34 build/main.o
 .ARM.attributes
                0x00000000000000ba       0x34 build/stm32g4xx_hal_msp.o
 .ARM.attributes
                0x00000000000000ee       0x34 build/stm32g4xx_it.o
 .ARM.attributes
                0x0000000000000122       0x34 build/system_stm32g4xx.o
 .ARM.attributes
                0x0000000000000156       0x34 build/stm32g4xx_hal.o
 .ARM.attributes
                0x000000000000018a       0x34 build/stm32g4xx_hal_cortex.o
 .ARM.attributes
                0x00000000000001be       0x34 build/stm32g4xx_hal_pcd.o
 .ARM.attributes
                0x00000000000001f2       0x34 build/stm32g4xx_hal_pcd_ex.o
 .ARM.attributes
                0x0000000000000226       0x34 build/stm32g4xx_hal_pwr_ex.o
 .ARM.attributes
                0x000000000000025a       0x34 build/stm32g4xx_ll_usb.o
 .ARM.attributes
                0x000000000000028e       0x34 build/usbd_cdc.o
 .ARM.attributes
                0x00000000000002c2       0x34 build/usbd_core.o
 .ARM.attributes
                0x00000000000002f6       0x34 build/usbd_ctlreq.o
 .ARM.attributes
                0x000000000000032a       0x34 build/usbd_ioreq.o
 .ARM.attributes
                0x000000000000035e       0x34 build/usb_device.o
 .ARM.attributes
                0x0000000000000392       0x34 build/usbd_cdc_if.o
 .ARM.attributes
                0x00000000000003c6       0x34 build/usbd_desc.o
 .ARM.attributes
                0x00000000000003fa       0x34 build/usbd_conf.o
 .ARM.attributes
                0x000000000000042e       0x21 build/startup_stm32g441xx.o
 .ARM.attributes
                0x000000000000044f       0x32 c:/users/jack2/appdata/roaming/code/user/globalstorage/bmd.stm32-for-vscode/@xpack-dev-tools/arm-none-eabi-gcc/10.2.1-1.1.2/.content/bin/../lib/gcc/arm-none-eabi/10.2.1/../../../../arm-none-eabi/lib/thumb/v7e-m+fp/hard\libc_nano.a(lib_a-impure.o)
 .ARM.attributes
                0x0000000000000481       0x34 c:/users/jack2/appdata/roaming/code/user/globalstorage/bmd.stm32-for-vscode/@xpack-dev-tools/arm-none-eabi-gcc/10.2.1-1.1.2/.content/bin/../lib/gcc/arm-none-eabi/10.2.1/../../../../arm-none-eabi/lib/thumb/v7e-m+fp/hard\libc_nano.a(lib_a-init.o)
 .ARM.attributes
                0x00000000000004b5       0x34 c:/users/jack2/appdata/roaming/code/user/globalstorage/bmd.stm32-for-vscode/@xpack-dev-tools/arm-none-eabi-gcc/10.2.1-1.1.2/.content/bin/../lib/gcc/arm-none-eabi/10.2.1/../../../../arm-none-eabi/lib/thumb/v7e-m+fp/hard\libc_nano.a(lib_a-sprintf.o)
 .ARM.attributes
                0x00000000000004e9       0x34 c:/users/jack2/appdata/roaming/code/user/globalstorage/bmd.stm32-for-vscode/@xpack-dev-tools/arm-none-eabi-gcc/10.2.1-1.1.2/.content/bin/../lib/gcc/arm-none-eabi/10.2.1/../../../../arm-none-eabi/lib/thumb/v7e-m+fp/hard\libc_nano.a(lib_a-nano-svfprintf.o)
 .ARM.attributes
                0x000000000000051d       0x34 c:/users/jack2/appdata/roaming/code/user/globalstorage/bmd.stm32-for-vscode/@xpack-dev-tools/arm-none-eabi-gcc/10.2.1-1.1.2/.content/bin/../lib/gcc/arm-none-eabi/10.2.1/../../../../arm-none-eabi/lib/thumb/v7e-m+fp/hard\libc_nano.a(lib_a-nano-vfprintf_i.o)
 .ARM.attributes
                0x0000000000000551       0x1c c:/users/jack2/appdata/roaming/code/user/globalstorage/bmd.stm32-for-vscode/@xpack-dev-tools/arm-none-eabi-gcc/10.2.1-1.1.2/.content/bin/../lib/gcc/arm-none-eabi/10.2.1/../../../../arm-none-eabi/lib/thumb/v7e-m+fp/hard\libc_nano.a(lib_a-memchr.o)
 .ARM.attributes
                0x000000000000056d       0x34 c:/users/jack2/appdata/roaming/code/user/globalstorage/bmd.stm32-for-vscode/@xpack-dev-tools/arm-none-eabi-gcc/10.2.1-1.1.2/.content/bin/../lib/gcc/arm-none-eabi/10.2.1/../../../../arm-none-eabi/lib/thumb/v7e-m+fp/hard\libc_nano.a(lib_a-memcpy-stub.o)
 .ARM.attributes
                0x00000000000005a1       0x34 c:/users/jack2/appdata/roaming/code/user/globalstorage/bmd.stm32-for-vscode/@xpack-dev-tools/arm-none-eabi-gcc/10.2.1-1.1.2/.content/bin/../lib/gcc/arm-none-eabi/10.2.1/../../../../arm-none-eabi/lib/thumb/v7e-m+fp/hard\libc_nano.a(lib_a-memmove.o)
 .ARM.attributes
                0x00000000000005d5       0x34 c:/users/jack2/appdata/roaming/code/user/globalstorage/bmd.stm32-for-vscode/@xpack-dev-tools/arm-none-eabi-gcc/10.2.1-1.1.2/.content/bin/../lib/gcc/arm-none-eabi/10.2.1/../../../../arm-none-eabi/lib/thumb/v7e-m+fp/hard\libc_nano.a(lib_a-nano-freer.o)
 .ARM.attributes
                0x0000000000000609       0x34 c:/users/jack2/appdata/roaming/code/user/globalstorage/bmd.stm32-for-vscode/@xpack-dev-tools/arm-none-eabi-gcc/10.2.1-1.1.2/.content/bin/../lib/gcc/arm-none-eabi/10.2.1/../../../../arm-none-eabi/lib/thumb/v7e-m+fp/hard\libc_nano.a(lib_a-nano-mallocr.o)
 .ARM.attributes
                0x000000000000063d       0x34 c:/users/jack2/appdata/roaming/code/user/globalstorage/bmd.stm32-for-vscode/@xpack-dev-tools/arm-none-eabi-gcc/10.2.1-1.1.2/.content/bin/../lib/gcc/arm-none-eabi/10.2.1/../../../../arm-none-eabi/lib/thumb/v7e-m+fp/hard\libc_nano.a(lib_a-nano-reallocr.o)
 .ARM.attributes
                0x0000000000000671       0x34 c:/users/jack2/appdata/roaming/code/user/globalstorage/bmd.stm32-for-vscode/@xpack-dev-tools/arm-none-eabi-gcc/10.2.1-1.1.2/.content/bin/../lib/gcc/arm-none-eabi/10.2.1/../../../../arm-none-eabi/lib/thumb/v7e-m+fp/hard\libc_nano.a(lib_a-sbrkr.o)
 .ARM.attributes
                0x00000000000006a5       0x34 c:/users/jack2/appdata/roaming/code/user/globalstorage/bmd.stm32-for-vscode/@xpack-dev-tools/arm-none-eabi-gcc/10.2.1-1.1.2/.content/bin/../lib/gcc/arm-none-eabi/10.2.1/../../../../arm-none-eabi/lib/thumb/v7e-m+fp/hard\libc_nano.a(lib_a-mlock.o)
 .ARM.attributes
                0x00000000000006d9       0x34 c:/users/jack2/appdata/roaming/code/user/globalstorage/bmd.stm32-for-vscode/@xpack-dev-tools/arm-none-eabi-gcc/10.2.1-1.1.2/.content/bin/../lib/gcc/arm-none-eabi/10.2.1/../../../../arm-none-eabi/lib/thumb/v7e-m+fp/hard\libc_nano.a(lib_a-nano-msizer.o)
 .ARM.attributes
                0x000000000000070d       0x34 c:/users/jack2/appdata/roaming/code/user/globalstorage/bmd.stm32-for-vscode/@xpack-dev-tools/arm-none-eabi-gcc/10.2.1-1.1.2/.content/bin/../lib/gcc/arm-none-eabi/10.2.1/../../../../arm-none-eabi/lib/thumb/v7e-m+fp/hard\libc_nano.a(lib_a-reent.o)
 .ARM.attributes
                0x0000000000000741       0x34 c:/users/jack2/appdata/roaming/code/user/globalstorage/bmd.stm32-for-vscode/@xpack-dev-tools/arm-none-eabi-gcc/10.2.1-1.1.2/.content/bin/../lib/gcc/arm-none-eabi/10.2.1/../../../../arm-none-eabi/lib/thumb/v7e-m+fp/hard\libc_nano.a(lib_a-lock.o)
 .ARM.attributes
                0x0000000000000775       0x34 c:/users/jack2/appdata/roaming/code/user/globalstorage/bmd.stm32-for-vscode/@xpack-dev-tools/arm-none-eabi-gcc/10.2.1-1.1.2/.content/bin/../lib/gcc/arm-none-eabi/10.2.1/../../../../arm-none-eabi/lib/thumb/v7e-m+fp/hard\libnosys.a(sbrk.o)
 .ARM.attributes
                0x00000000000007a9       0x1e c:/users/jack2/appdata/roaming/code/user/globalstorage/bmd.stm32-for-vscode/@xpack-dev-tools/arm-none-eabi-gcc/10.2.1-1.1.2/.content/bin/../lib/gcc/arm-none-eabi/10.2.1/thumb/v7e-m+fp/hard/crtn.o
OUTPUT(build/USBTest.elf elf32-littlearm)
LOAD linker stubs
LOAD c:/users/jack2/appdata/roaming/code/user/globalstorage/bmd.stm32-for-vscode/@xpack-dev-tools/arm-none-eabi-gcc/10.2.1-1.1.2/.content/bin/../lib/gcc/arm-none-eabi/10.2.1/../../../../arm-none-eabi/lib/thumb/v7e-m+fp/hard\libc.a
LOAD c:/users/jack2/appdata/roaming/code/user/globalstorage/bmd.stm32-for-vscode/@xpack-dev-tools/arm-none-eabi-gcc/10.2.1-1.1.2/.content/bin/../lib/gcc/arm-none-eabi/10.2.1/../../../../arm-none-eabi/lib/thumb/v7e-m+fp/hard\libm.a
LOAD c:/users/jack2/appdata/roaming/code/user/globalstorage/bmd.stm32-for-vscode/@xpack-dev-tools/arm-none-eabi-gcc/10.2.1-1.1.2/.content/bin/../lib/gcc/arm-none-eabi/10.2.1/thumb/v7e-m+fp/hard\libgcc.a

.debug_info     0x0000000000000000    0x1035d
 .debug_info    0x0000000000000000      0x731 build/7Seg.o
 .debug_info    0x0000000000000731     0x12b4 build/main.o
 .debug_info    0x00000000000019e5      0x33e build/stm32g4xx_hal_msp.o
 .debug_info    0x0000000000001d23      0x6b6 build/stm32g4xx_it.o
 .debug_info    0x00000000000023d9      0x5b4 build/system_stm32g4xx.o
 .debug_info    0x000000000000298d      0xb7b build/stm32g4xx_hal.o
 .debug_info    0x0000000000003508     0x1047 build/stm32g4xx_hal_cortex.o
 .debug_info    0x000000000000454f     0x1a08 build/stm32g4xx_hal_pcd.o
 .debug_info    0x0000000000005f57      0x9f2 build/stm32g4xx_hal_pcd_ex.o
 .debug_info    0x0000000000006949      0xa07 build/stm32g4xx_hal_pwr_ex.o
 .debug_info    0x0000000000007350     0x1aee build/stm32g4xx_ll_usb.o
 .debug_info    0x0000000000008e3e     0x1467 build/usbd_cdc.o
 .debug_info    0x000000000000a2a5      0xe47 build/usbd_core.o
 .debug_info    0x000000000000b0ec     0x1324 build/usbd_ctlreq.o
 .debug_info    0x000000000000c410      0x87f build/usbd_ioreq.o
 .debug_info    0x000000000000cc8f      0x7d9 build/usb_device.o
 .debug_info    0x000000000000d468      0x9cb build/usbd_cdc_if.o
 .debug_info    0x000000000000de33      0x602 build/usbd_desc.o
 .debug_info    0x000000000000e435     0x1f06 build/usbd_conf.o
 .debug_info    0x000000000001033b       0x22 build/startup_stm32g441xx.o

.debug_abbrev   0x0000000000000000     0x2ac2
 .debug_abbrev  0x0000000000000000      0x19b build/7Seg.o
 .debug_abbrev  0x000000000000019b      0x2bf build/main.o
 .debug_abbrev  0x000000000000045a       0xd6 build/stm32g4xx_hal_msp.o
 .debug_abbrev  0x0000000000000530      0x176 build/stm32g4xx_it.o
 .debug_abbrev  0x00000000000006a6      0x119 build/system_stm32g4xx.o
 .debug_abbrev  0x00000000000007bf      0x22a build/stm32g4xx_hal.o
 .debug_abbrev  0x00000000000009e9      0x361 build/stm32g4xx_hal_cortex.o
 .debug_abbrev  0x0000000000000d4a      0x299 build/stm32g4xx_hal_pcd.o
 .debug_abbrev  0x0000000000000fe3      0x24b build/stm32g4xx_hal_pcd_ex.o
 .debug_abbrev  0x000000000000122e      0x245 build/stm32g4xx_hal_pwr_ex.o
 .debug_abbrev  0x0000000000001473      0x2af build/stm32g4xx_ll_usb.o
 .debug_abbrev  0x0000000000001722      0x2cf build/usbd_cdc.o
 .debug_abbrev  0x00000000000019f1      0x250 build/usbd_core.o
 .debug_abbrev  0x0000000000001c41      0x33f build/usbd_ctlreq.o
 .debug_abbrev  0x0000000000001f80      0x195 build/usbd_ioreq.o
 .debug_abbrev  0x0000000000002115      0x1bd build/usb_device.o
 .debug_abbrev  0x00000000000022d2      0x2da build/usbd_cdc_if.o
 .debug_abbrev  0x00000000000025ac      0x20d build/usbd_desc.o
 .debug_abbrev  0x00000000000027b9      0x2f7 build/usbd_conf.o
 .debug_abbrev  0x0000000000002ab0       0x12 build/startup_stm32g441xx.o

.debug_loc      0x0000000000000000     0x8a9f
 .debug_loc     0x0000000000000000      0x371 build/7Seg.o
 .debug_loc     0x0000000000000371      0x19a build/main.o
 .debug_loc     0x000000000000050b       0x9d build/system_stm32g4xx.o
 .debug_loc     0x00000000000005a8      0x1ef build/stm32g4xx_hal.o
 .debug_loc     0x0000000000000797      0x736 build/stm32g4xx_hal_cortex.o
 .debug_loc     0x0000000000000ecd     0x135b build/stm32g4xx_hal_pcd.o
 .debug_loc     0x0000000000002228      0x282 build/stm32g4xx_hal_pcd_ex.o
 .debug_loc     0x00000000000024aa      0xa06 build/stm32g4xx_hal_pwr_ex.o
 .debug_loc     0x0000000000002eb0     0x1b0d build/stm32g4xx_ll_usb.o
 .debug_loc     0x00000000000049bd      0x9d8 build/usbd_cdc.o
 .debug_loc     0x0000000000005395      0xb86 build/usbd_core.o
 .debug_loc     0x0000000000005f1b     0x1748 build/usbd_ctlreq.o
 .debug_loc     0x0000000000007663      0x2b8 build/usbd_ioreq.o
 .debug_loc     0x000000000000791b       0x44 build/usb_device.o
 .debug_loc     0x000000000000795f      0x179 build/usbd_cdc_if.o
 .debug_loc     0x0000000000007ad8      0x38f build/usbd_desc.o
 .debug_loc     0x0000000000007e67      0xc38 build/usbd_conf.o

.debug_aranges  0x0000000000000000      0xac8
 .debug_aranges
                0x0000000000000000       0x40 build/7Seg.o
 .debug_aranges
                0x0000000000000040       0x58 build/main.o
 .debug_aranges
                0x0000000000000098       0x20 build/stm32g4xx_hal_msp.o
 .debug_aranges
                0x00000000000000b8       0x68 build/stm32g4xx_it.o
 .debug_aranges
                0x0000000000000120       0x28 build/system_stm32g4xx.o
 .debug_aranges
                0x0000000000000148      0x130 build/stm32g4xx_hal.o
 .debug_aranges
                0x0000000000000278       0xa8 build/stm32g4xx_hal_cortex.o
 .debug_aranges
                0x0000000000000320      0x130 build/stm32g4xx_hal_pcd.o
 .debug_aranges
                0x0000000000000450       0x58 build/stm32g4xx_hal_pcd_ex.o
 .debug_aranges
                0x00000000000004a8      0x140 build/stm32g4xx_hal_pwr_ex.o
 .debug_aranges
                0x00000000000005e8       0xb0 build/stm32g4xx_ll_usb.o
 .debug_aranges
                0x0000000000000698       0x90 build/usbd_cdc.o
 .debug_aranges
                0x0000000000000728       0xb8 build/usbd_core.o
 .debug_aranges
                0x00000000000007e0       0x88 build/usbd_ctlreq.o
 .debug_aranges
                0x0000000000000868       0x50 build/usbd_ioreq.o
 .debug_aranges
                0x00000000000008b8       0x20 build/usb_device.o
 .debug_aranges
                0x00000000000008d8       0x48 build/usbd_cdc_if.o
 .debug_aranges
                0x0000000000000920       0x60 build/usbd_desc.o
 .debug_aranges
                0x0000000000000980      0x120 build/usbd_conf.o
 .debug_aranges
                0x0000000000000aa0       0x28 build/startup_stm32g441xx.o

.debug_ranges   0x0000000000000000      0xe20
 .debug_ranges  0x0000000000000000       0x90 build/7Seg.o
 .debug_ranges  0x0000000000000090       0x78 build/main.o
 .debug_ranges  0x0000000000000108       0x10 build/stm32g4xx_hal_msp.o
 .debug_ranges  0x0000000000000118       0x58 build/stm32g4xx_it.o
 .debug_ranges  0x0000000000000170       0x18 build/system_stm32g4xx.o
 .debug_ranges  0x0000000000000188      0x120 build/stm32g4xx_hal.o
 .debug_ranges  0x00000000000002a8       0xf8 build/stm32g4xx_hal_cortex.o
 .debug_ranges  0x00000000000003a0      0x200 build/stm32g4xx_hal_pcd.o
 .debug_ranges  0x00000000000005a0       0x48 build/stm32g4xx_hal_pcd_ex.o
 .debug_ranges  0x00000000000005e8      0x130 build/stm32g4xx_hal_pwr_ex.o
 .debug_ranges  0x0000000000000718      0x360 build/stm32g4xx_ll_usb.o
 .debug_ranges  0x0000000000000a78       0x80 build/usbd_cdc.o
 .debug_ranges  0x0000000000000af8       0xa8 build/usbd_core.o
 .debug_ranges  0x0000000000000ba0       0x78 build/usbd_ctlreq.o
 .debug_ranges  0x0000000000000c18       0x40 build/usbd_ioreq.o
 .debug_ranges  0x0000000000000c58       0x10 build/usb_device.o
 .debug_ranges  0x0000000000000c68       0x38 build/usbd_cdc_if.o
 .debug_ranges  0x0000000000000ca0       0x50 build/usbd_desc.o
 .debug_ranges  0x0000000000000cf0      0x110 build/usbd_conf.o
 .debug_ranges  0x0000000000000e00       0x20 build/startup_stm32g441xx.o

.debug_line     0x0000000000000000     0x9d9f
 .debug_line    0x0000000000000000      0x59d build/7Seg.o
 .debug_line    0x000000000000059d      0x803 build/main.o
 .debug_line    0x0000000000000da0      0x23b build/stm32g4xx_hal_msp.o
 .debug_line    0x0000000000000fdb      0x372 build/stm32g4xx_it.o
 .debug_line    0x000000000000134d      0x2e1 build/system_stm32g4xx.o
 .debug_line    0x000000000000162e      0x722 build/stm32g4xx_hal.o
 .debug_line    0x0000000000001d50      0x802 build/stm32g4xx_hal_cortex.o
 .debug_line    0x0000000000002552     0x17ff build/stm32g4xx_hal_pcd.o
 .debug_line    0x0000000000003d51      0x4c6 build/stm32g4xx_hal_pcd_ex.o
 .debug_line    0x0000000000004217      0xb14 build/stm32g4xx_hal_pwr_ex.o
 .debug_line    0x0000000000004d2b     0x1a4e build/stm32g4xx_ll_usb.o
 .debug_line    0x0000000000006779      0x919 build/usbd_cdc.o
 .debug_line    0x0000000000007092      0x902 build/usbd_core.o
 .debug_line    0x0000000000007994      0xd6a build/usbd_ctlreq.o
 .debug_line    0x00000000000086fe      0x34e build/usbd_ioreq.o
 .debug_line    0x0000000000008a4c      0x2a6 build/usb_device.o
 .debug_line    0x0000000000008cf2      0x37d build/usbd_cdc_if.o
 .debug_line    0x000000000000906f      0x401 build/usbd_desc.o
 .debug_line    0x0000000000009470      0x8b8 build/usbd_conf.o
 .debug_line    0x0000000000009d28       0x77 build/startup_stm32g441xx.o

.debug_str      0x0000000000000000     0x3382
 .debug_str     0x0000000000000000      0x296 build/7Seg.o
                                        0x2e1 (size before relaxing)
 .debug_str     0x0000000000000296      0x76f build/main.o
                                        0xa24 (size before relaxing)
 .debug_str     0x0000000000000a05       0x51 build/stm32g4xx_hal_msp.o
                                        0x32a (size before relaxing)
 .debug_str     0x0000000000000a56      0x3e3 build/stm32g4xx_it.o
                                        0x620 (size before relaxing)
 .debug_str     0x0000000000000e39       0xd3 build/system_stm32g4xx.o
                                        0x3c3 (size before relaxing)
 .debug_str     0x0000000000000f0c      0x906 build/stm32g4xx_hal.o
                                        0xc40 (size before relaxing)
 .debug_str     0x0000000000001812      0x461 build/stm32g4xx_hal_cortex.o
                                        0xb8f (size before relaxing)
 .debug_str     0x0000000000001c73      0x510 build/stm32g4xx_hal_pcd.o
                                        0xaab (size before relaxing)
 .debug_str     0x0000000000002183      0x196 build/stm32g4xx_hal_pcd_ex.o
                                        0x787 (size before relaxing)
 .debug_str     0x0000000000002319      0x4e6 build/stm32g4xx_hal_pwr_ex.o
                                        0x7de (size before relaxing)
 .debug_str     0x00000000000027ff       0xd5 build/stm32g4xx_ll_usb.o
                                        0x658 (size before relaxing)
 .debug_str     0x00000000000028d4      0x37e build/usbd_cdc.o
                                        0xcae (size before relaxing)
 .debug_str     0x0000000000002c52      0x291 build/usbd_core.o
                                        0x876 (size before relaxing)
 .debug_str     0x0000000000002ee3      0x144 build/usbd_ctlreq.o
                                        0x7c8 (size before relaxing)
 .debug_str     0x0000000000003027       0x4e build/usbd_ioreq.o
                                        0x6bd (size before relaxing)
 .debug_str     0x0000000000003075       0x49 build/usb_device.o
                                        0x6cf (size before relaxing)
 .debug_str     0x00000000000030be       0x8e build/usbd_cdc_if.o
                                        0x77f (size before relaxing)
 .debug_str     0x000000000000314c      0x175 build/usbd_desc.o
                                        0x470 (size before relaxing)
 .debug_str     0x00000000000032c1       0x9d build/usbd_conf.o
                                       0x14ac (size before relaxing)
 .debug_str     0x000000000000335e       0x24 build/startup_stm32g441xx.o
                                         0x5e (size before relaxing)

.comment        0x0000000000000000       0x44
 .comment       0x0000000000000000       0x44 build/7Seg.o
                                         0x45 (size before relaxing)
 .comment       0x0000000000000044       0x45 build/main.o
 .comment       0x0000000000000044       0x45 build/stm32g4xx_hal_msp.o
 .comment       0x0000000000000044       0x45 build/stm32g4xx_it.o
 .comment       0x0000000000000044       0x45 build/system_stm32g4xx.o
 .comment       0x0000000000000044       0x45 build/stm32g4xx_hal.o
 .comment       0x0000000000000044       0x45 build/stm32g4xx_hal_cortex.o
 .comment       0x0000000000000044       0x45 build/stm32g4xx_hal_pcd.o
 .comment       0x0000000000000044       0x45 build/stm32g4xx_hal_pcd_ex.o
 .comment       0x0000000000000044       0x45 build/stm32g4xx_hal_pwr_ex.o
 .comment       0x0000000000000044       0x45 build/stm32g4xx_ll_usb.o
 .comment       0x0000000000000044       0x45 build/usbd_cdc.o
 .comment       0x0000000000000044       0x45 build/usbd_core.o
 .comment       0x0000000000000044       0x45 build/usbd_ctlreq.o
 .comment       0x0000000000000044       0x45 build/usbd_ioreq.o
 .comment       0x0000000000000044       0x45 build/usb_device.o
 .comment       0x0000000000000044       0x45 build/usbd_cdc_if.o
 .comment       0x0000000000000044       0x45 build/usbd_desc.o
 .comment       0x0000000000000044       0x45 build/usbd_conf.o

.debug_frame    0x0000000000000000     0x1c58
 .debug_frame   0x0000000000000000       0x94 build/7Seg.o
 .debug_frame   0x0000000000000094       0xd0 build/main.o
 .debug_frame   0x0000000000000164       0x2c build/stm32g4xx_hal_msp.o
 .debug_frame   0x0000000000000190       0xc0 build/stm32g4xx_it.o
 .debug_frame   0x0000000000000250       0x30 build/system_stm32g4xx.o
 .debug_frame   0x0000000000000280      0x274 build/stm32g4xx_hal.o
 .debug_frame   0x00000000000004f4      0x148 build/stm32g4xx_hal_cortex.o
 .debug_frame   0x000000000000063c      0x32c build/stm32g4xx_hal_pcd.o
 .debug_frame   0x0000000000000968       0x9c build/stm32g4xx_hal_pcd_ex.o
 .debug_frame   0x0000000000000a04      0x268 build/stm32g4xx_hal_pwr_ex.o
 .debug_frame   0x0000000000000c6c      0x17c build/stm32g4xx_ll_usb.o
 .debug_frame   0x0000000000000de8      0x160 build/usbd_cdc.o
 .debug_frame   0x0000000000000f48      0x210 build/usbd_core.o
 .debug_frame   0x0000000000001158      0x180 build/usbd_ctlreq.o
 .debug_frame   0x00000000000012d8       0xb8 build/usbd_ioreq.o
 .debug_frame   0x0000000000001390       0x2c build/usb_device.o
 .debug_frame   0x00000000000013bc       0x8c build/usbd_cdc_if.o
 .debug_frame   0x0000000000001448       0xe0 build/usbd_desc.o
 .debug_frame   0x0000000000001528      0x30c build/usbd_conf.o
 .debug_frame   0x0000000000001834       0x2c c:/users/jack2/appdata/roaming/code/user/globalstorage/bmd.stm32-for-vscode/@xpack-dev-tools/arm-none-eabi-gcc/10.2.1-1.1.2/.content/bin/../lib/gcc/arm-none-eabi/10.2.1/../../../../arm-none-eabi/lib/thumb/v7e-m+fp/hard\libc_nano.a(lib_a-init.o)
 .debug_frame   0x0000000000001860       0x6c c:/users/jack2/appdata/roaming/code/user/globalstorage/bmd.stm32-for-vscode/@xpack-dev-tools/arm-none-eabi-gcc/10.2.1-1.1.2/.content/bin/../lib/gcc/arm-none-eabi/10.2.1/../../../../arm-none-eabi/lib/thumb/v7e-m+fp/hard\libc_nano.a(lib_a-sprintf.o)
 .debug_frame   0x00000000000018cc       0x90 c:/users/jack2/appdata/roaming/code/user/globalstorage/bmd.stm32-for-vscode/@xpack-dev-tools/arm-none-eabi-gcc/10.2.1-1.1.2/.content/bin/../lib/gcc/arm-none-eabi/10.2.1/../../../../arm-none-eabi/lib/thumb/v7e-m+fp/hard\libc_nano.a(lib_a-nano-svfprintf.o)
 .debug_frame   0x000000000000195c       0x60 c:/users/jack2/appdata/roaming/code/user/globalstorage/bmd.stm32-for-vscode/@xpack-dev-tools/arm-none-eabi-gcc/10.2.1-1.1.2/.content/bin/../lib/gcc/arm-none-eabi/10.2.1/../../../../arm-none-eabi/lib/thumb/v7e-m+fp/hard\libc_nano.a(lib_a-nano-vfprintf_i.o)
 .debug_frame   0x00000000000019bc       0x28 c:/users/jack2/appdata/roaming/code/user/globalstorage/bmd.stm32-for-vscode/@xpack-dev-tools/arm-none-eabi-gcc/10.2.1-1.1.2/.content/bin/../lib/gcc/arm-none-eabi/10.2.1/../../../../arm-none-eabi/lib/thumb/v7e-m+fp/hard\libc_nano.a(lib_a-memcpy-stub.o)
 .debug_frame   0x00000000000019e4       0x28 c:/users/jack2/appdata/roaming/code/user/globalstorage/bmd.stm32-for-vscode/@xpack-dev-tools/arm-none-eabi-gcc/10.2.1-1.1.2/.content/bin/../lib/gcc/arm-none-eabi/10.2.1/../../../../arm-none-eabi/lib/thumb/v7e-m+fp/hard\libc_nano.a(lib_a-memmove.o)
 .debug_frame   0x0000000000001a0c       0x38 c:/users/jack2/appdata/roaming/code/user/globalstorage/bmd.stm32-for-vscode/@xpack-dev-tools/arm-none-eabi-gcc/10.2.1-1.1.2/.content/bin/../lib/gcc/arm-none-eabi/10.2.1/../../../../arm-none-eabi/lib/thumb/v7e-m+fp/hard\libc_nano.a(lib_a-nano-freer.o)
 .debug_frame   0x0000000000001a44       0x30 c:/users/jack2/appdata/roaming/code/user/globalstorage/bmd.stm32-for-vscode/@xpack-dev-tools/arm-none-eabi-gcc/10.2.1-1.1.2/.content/bin/../lib/gcc/arm-none-eabi/10.2.1/../../../../arm-none-eabi/lib/thumb/v7e-m+fp/hard\libc_nano.a(lib_a-nano-mallocr.o)
 .debug_frame   0x0000000000001a74       0x3c c:/users/jack2/appdata/roaming/code/user/globalstorage/bmd.stm32-for-vscode/@xpack-dev-tools/arm-none-eabi-gcc/10.2.1-1.1.2/.content/bin/../lib/gcc/arm-none-eabi/10.2.1/../../../../arm-none-eabi/lib/thumb/v7e-m+fp/hard\libc_nano.a(lib_a-nano-reallocr.o)
 .debug_frame   0x0000000000001ab0       0x2c c:/users/jack2/appdata/roaming/code/user/globalstorage/bmd.stm32-for-vscode/@xpack-dev-tools/arm-none-eabi-gcc/10.2.1-1.1.2/.content/bin/../lib/gcc/arm-none-eabi/10.2.1/../../../../arm-none-eabi/lib/thumb/v7e-m+fp/hard\libc_nano.a(lib_a-sbrkr.o)
 .debug_frame   0x0000000000001adc       0x30 c:/users/jack2/appdata/roaming/code/user/globalstorage/bmd.stm32-for-vscode/@xpack-dev-tools/arm-none-eabi-gcc/10.2.1-1.1.2/.content/bin/../lib/gcc/arm-none-eabi/10.2.1/../../../../arm-none-eabi/lib/thumb/v7e-m+fp/hard\libc_nano.a(lib_a-mlock.o)
 .debug_frame   0x0000000000001b0c       0x20 c:/users/jack2/appdata/roaming/code/user/globalstorage/bmd.stm32-for-vscode/@xpack-dev-tools/arm-none-eabi-gcc/10.2.1-1.1.2/.content/bin/../lib/gcc/arm-none-eabi/10.2.1/../../../../arm-none-eabi/lib/thumb/v7e-m+fp/hard\libc_nano.a(lib_a-nano-msizer.o)
 .debug_frame   0x0000000000001b2c       0x5c c:/users/jack2/appdata/roaming/code/user/globalstorage/bmd.stm32-for-vscode/@xpack-dev-tools/arm-none-eabi-gcc/10.2.1-1.1.2/.content/bin/../lib/gcc/arm-none-eabi/10.2.1/../../../../arm-none-eabi/lib/thumb/v7e-m+fp/hard\libc_nano.a(lib_a-reent.o)
 .debug_frame   0x0000000000001b88       0xb0 c:/users/jack2/appdata/roaming/code/user/globalstorage/bmd.stm32-for-vscode/@xpack-dev-tools/arm-none-eabi-gcc/10.2.1-1.1.2/.content/bin/../lib/gcc/arm-none-eabi/10.2.1/../../../../arm-none-eabi/lib/thumb/v7e-m+fp/hard\libc_nano.a(lib_a-lock.o)
 .debug_frame   0x0000000000001c38       0x20 c:/users/jack2/appdata/roaming/code/user/globalstorage/bmd.stm32-for-vscode/@xpack-dev-tools/arm-none-eabi-gcc/10.2.1-1.1.2/.content/bin/../lib/gcc/arm-none-eabi/10.2.1/../../../../arm-none-eabi/lib/thumb/v7e-m+fp/hard\libnosys.a(sbrk.o)

Cross Reference Table

Symbol                                            File
ADC1_2_IRQHandler                                 build/startup_stm32g441xx.o
AES_IRQHandler                                    build/startup_stm32g441xx.o
AHBPrescTable                                     build/system_stm32g4xx.o
                                                  build/stm32g4xx_hal_rcc.o
APBPrescTable                                     build/system_stm32g4xx.o
                                                  build/stm32g4xx_hal_rcc.o
BusFault_Handler                                  build/stm32g4xx_it.o
CDC_Desc                                          build/usbd_desc.o
                                                  build/usb_device.o
CDC_Transmit_FS                                   build/usbd_cdc_if.o
                                                  build/main.o
COMP1_2_3_IRQHandler                              build/startup_stm32g441xx.o
COMP4_IRQHandler                                  build/startup_stm32g441xx.o
CORDIC_IRQHandler                                 build/startup_stm32g441xx.o
CRS_IRQHandler                                    build/startup_stm32g441xx.o
DMA1_Channel1_IRQHandler                          build/startup_stm32g441xx.o
DMA1_Channel2_IRQHandler                          build/startup_stm32g441xx.o
DMA1_Channel3_IRQHandler                          build/startup_stm32g441xx.o
DMA1_Channel4_IRQHandler                          build/startup_stm32g441xx.o
DMA1_Channel5_IRQHandler                          build/startup_stm32g441xx.o
DMA1_Channel6_IRQHandler                          build/startup_stm32g441xx.o
DMA2_Channel1_IRQHandler                          build/startup_stm32g441xx.o
DMA2_Channel2_IRQHandler                          build/startup_stm32g441xx.o
DMA2_Channel3_IRQHandler                          build/startup_stm32g441xx.o
DMA2_Channel4_IRQHandler                          build/startup_stm32g441xx.o
DMA2_Channel5_IRQHandler                          build/startup_stm32g441xx.o
DMA2_Channel6_IRQHandler                          build/startup_stm32g441xx.o
DMAMUX_OVR_IRQHandler                             build/startup_stm32g441xx.o
DWT_Delay_Init                                    build/Lcd.o
DWT_Delay_ms                                      build/Lcd.o
DWT_Delay_us                                      build/Lcd.o
DebugMon_Handler                                  build/stm32g4xx_it.o
Default_Handler                                   build/startup_stm32g441xx.o
EXTI0_IRQHandler                                  build/startup_stm32g441xx.o
EXTI15_10_IRQHandler                              build/startup_stm32g441xx.o
EXTI1_IRQHandler                                  build/startup_stm32g441xx.o
EXTI2_IRQHandler                                  build/startup_stm32g441xx.o
EXTI3_IRQHandler                                  build/startup_stm32g441xx.o
EXTI4_IRQHandler                                  build/startup_stm32g441xx.o
EXTI9_5_IRQHandler                                build/startup_stm32g441xx.o
Error_Handler                                     build/main.o
                                                  build/usbd_conf.o
                                                  build/usb_device.o
FDCAN1_IT0_IRQHandler                             build/startup_stm32g441xx.o
FDCAN1_IT1_IRQHandler                             build/startup_stm32g441xx.o
FLASH_FlushCaches                                 build/stm32g4xx_hal_flash_ex.o
                                                  build/stm32g4xx_hal_flash.o
FLASH_IRQHandler                                  build/startup_stm32g441xx.o
FLASH_PageErase                                   build/stm32g4xx_hal_flash_ex.o
                                                  build/stm32g4xx_hal_flash.o
FLASH_WaitForLastOperation                        build/stm32g4xx_hal_flash.o
                                                  build/stm32g4xx_hal_flash_ex.o
FMAC_IRQHandler                                   build/startup_stm32g441xx.o
FPU_IRQHandler                                    build/startup_stm32g441xx.o
HAL_DBGMCU_DisableDBGSleepMode                    build/stm32g4xx_hal.o
HAL_DBGMCU_DisableDBGStandbyMode                  build/stm32g4xx_hal.o
HAL_DBGMCU_DisableDBGStopMode                     build/stm32g4xx_hal.o
HAL_DBGMCU_EnableDBGSleepMode                     build/stm32g4xx_hal.o
HAL_DBGMCU_EnableDBGStandbyMode                   build/stm32g4xx_hal.o
HAL_DBGMCU_EnableDBGStopMode                      build/stm32g4xx_hal.o
HAL_DMAEx_ConfigMuxRequestGenerator               build/stm32g4xx_hal_dma_ex.o
HAL_DMAEx_ConfigMuxSync                           build/stm32g4xx_hal_dma_ex.o
HAL_DMAEx_DisableMuxRequestGenerator              build/stm32g4xx_hal_dma_ex.o
HAL_DMAEx_EnableMuxRequestGenerator               build/stm32g4xx_hal_dma_ex.o
HAL_DMAEx_MUX_IRQHandler                          build/stm32g4xx_hal_dma_ex.o
HAL_DMA_Abort                                     build/stm32g4xx_hal_dma.o
HAL_DMA_Abort_IT                                  build/stm32g4xx_hal_dma.o
HAL_DMA_DeInit                                    build/stm32g4xx_hal_dma.o
HAL_DMA_GetError                                  build/stm32g4xx_hal_dma.o
HAL_DMA_GetState                                  build/stm32g4xx_hal_dma.o
HAL_DMA_IRQHandler                                build/stm32g4xx_hal_dma.o
HAL_DMA_Init                                      build/stm32g4xx_hal_dma.o
HAL_DMA_PollForTransfer                           build/stm32g4xx_hal_dma.o
HAL_DMA_RegisterCallback                          build/stm32g4xx_hal_dma.o
HAL_DMA_Start                                     build/stm32g4xx_hal_dma.o
HAL_DMA_Start_IT                                  build/stm32g4xx_hal_dma.o
HAL_DMA_UnRegisterCallback                        build/stm32g4xx_hal_dma.o
HAL_DeInit                                        build/stm32g4xx_hal.o
HAL_Delay                                         build/stm32g4xx_hal.o
                                                  build/usbd_conf.o
                                                  build/stm32g4xx_hal_pcd_ex.o
                                                  build/main.o
                                                  build/7Seg.o
HAL_EXTI_ClearConfigLine                          build/stm32g4xx_hal_exti.o
HAL_EXTI_ClearPending                             build/stm32g4xx_hal_exti.o
HAL_EXTI_GenerateSWI                              build/stm32g4xx_hal_exti.o
HAL_EXTI_GetConfigLine                            build/stm32g4xx_hal_exti.o
HAL_EXTI_GetHandle                                build/stm32g4xx_hal_exti.o
HAL_EXTI_GetPending                               build/stm32g4xx_hal_exti.o
HAL_EXTI_IRQHandler                               build/stm32g4xx_hal_exti.o
HAL_EXTI_RegisterCallback                         build/stm32g4xx_hal_exti.o
HAL_EXTI_SetConfigLine                            build/stm32g4xx_hal_exti.o
HAL_FLASHEx_DisableDebugger                       build/stm32g4xx_hal_flash_ex.o
HAL_FLASHEx_DisableRunPowerDown                   build/stm32g4xx_hal_flash_ramfunc.o
HAL_FLASHEx_EnableDebugger                        build/stm32g4xx_hal_flash_ex.o
HAL_FLASHEx_EnableRunPowerDown                    build/stm32g4xx_hal_flash_ramfunc.o
HAL_FLASHEx_EnableSecMemProtection                build/stm32g4xx_hal_flash_ex.o
HAL_FLASHEx_Erase                                 build/stm32g4xx_hal_flash_ex.o
HAL_FLASHEx_Erase_IT                              build/stm32g4xx_hal_flash_ex.o
HAL_FLASHEx_OBGetConfig                           build/stm32g4xx_hal_flash_ex.o
HAL_FLASHEx_OBProgram                             build/stm32g4xx_hal_flash_ex.o
HAL_FLASH_EndOfOperationCallback                  build/stm32g4xx_hal_flash.o
HAL_FLASH_GetError                                build/stm32g4xx_hal_flash.o
HAL_FLASH_IRQHandler                              build/stm32g4xx_hal_flash.o
HAL_FLASH_Lock                                    build/stm32g4xx_hal_flash.o
HAL_FLASH_OB_Launch                               build/stm32g4xx_hal_flash.o
HAL_FLASH_OB_Lock                                 build/stm32g4xx_hal_flash.o
HAL_FLASH_OB_Unlock                               build/stm32g4xx_hal_flash.o
HAL_FLASH_OperationErrorCallback                  build/stm32g4xx_hal_flash.o
HAL_FLASH_Program                                 build/stm32g4xx_hal_flash.o
HAL_FLASH_Program_IT                              build/stm32g4xx_hal_flash.o
HAL_FLASH_Unlock                                  build/stm32g4xx_hal_flash.o
HAL_GPIO_DeInit                                   build/stm32g4xx_hal_gpio.o
HAL_GPIO_EXTI_Callback                            build/stm32g4xx_hal_gpio.o
HAL_GPIO_EXTI_IRQHandler                          build/stm32g4xx_hal_gpio.o
HAL_GPIO_Init                                     build/stm32g4xx_hal_gpio.o
                                                  build/stm32g4xx_hal_rcc_ex.o
                                                  build/stm32g4xx_hal_rcc.o
HAL_GPIO_LockPin                                  build/stm32g4xx_hal_gpio.o
HAL_GPIO_ReadPin                                  build/stm32g4xx_hal_gpio.o
HAL_GPIO_TogglePin                                build/stm32g4xx_hal_gpio.o
HAL_GPIO_WritePin                                 build/stm32g4xx_hal_gpio.o
HAL_GetDEVID                                      build/stm32g4xx_hal.o
HAL_GetHalVersion                                 build/stm32g4xx_hal.o
HAL_GetREVID                                      build/stm32g4xx_hal.o
HAL_GetTick                                       build/stm32g4xx_hal.o
                                                  build/stm32g4xx_hal_rcc_ex.o
                                                  build/stm32g4xx_hal_rcc.o
                                                  build/stm32g4xx_hal_pcd_ex.o
                                                  build/stm32g4xx_hal_flash.o
                                                  build/stm32g4xx_hal_dma.o
HAL_GetTickFreq                                   build/stm32g4xx_hal.o
HAL_GetTickPrio                                   build/stm32g4xx_hal.o
HAL_IncTick                                       build/stm32g4xx_hal.o
                                                  build/stm32g4xx_it.o
HAL_Init                                          build/stm32g4xx_hal.o
                                                  build/main.o
HAL_InitTick                                      build/stm32g4xx_hal.o
                                                  build/stm32g4xx_hal_rcc.o
HAL_MPU_ConfigRegion                              build/stm32g4xx_hal_cortex.o
HAL_MPU_Disable                                   build/stm32g4xx_hal_cortex.o
HAL_MPU_Enable                                    build/stm32g4xx_hal_cortex.o
HAL_MspDeInit                                     build/stm32g4xx_hal.o
HAL_MspInit                                       build/stm32g4xx_hal_msp.o
HAL_NVIC_ClearPendingIRQ                          build/stm32g4xx_hal_cortex.o
HAL_NVIC_DisableIRQ                               build/stm32g4xx_hal_cortex.o
                                                  build/usbd_conf.o
HAL_NVIC_EnableIRQ                                build/stm32g4xx_hal_cortex.o
                                                  build/usbd_conf.o
HAL_NVIC_GetActive                                build/stm32g4xx_hal_cortex.o