Archive member included to satisfy reference by file (symbol)

c:/msys2/mingw64/bin/../lib/gcc/arm-none-eabi/10.1.0/../../../../arm-none-eabi/lib/thumb/v7e-m+fp/hard\libc_nano.a(lib_a-atexit.o)
                              c:/msys2/mingw64/bin/../lib/gcc/arm-none-eabi/10.1.0/../../../../arm-none-eabi/lib/thumb/v7e-m+fp/hard/crt0.o (atexit)
c:/msys2/mingw64/bin/../lib/gcc/arm-none-eabi/10.1.0/../../../../arm-none-eabi/lib/thumb/v7e-m+fp/hard\libc_nano.a(lib_a-exit.o)
                              c:/msys2/mingw64/bin/../lib/gcc/arm-none-eabi/10.1.0/../../../../arm-none-eabi/lib/thumb/v7e-m+fp/hard/crt0.o (exit)
c:/msys2/mingw64/bin/../lib/gcc/arm-none-eabi/10.1.0/../../../../arm-none-eabi/lib/thumb/v7e-m+fp/hard\libc_nano.a(lib_a-fini.o)
                              c:/msys2/mingw64/bin/../lib/gcc/arm-none-eabi/10.1.0/../../../../arm-none-eabi/lib/thumb/v7e-m+fp/hard/crt0.o (__libc_fini_array)
c:/msys2/mingw64/bin/../lib/gcc/arm-none-eabi/10.1.0/../../../../arm-none-eabi/lib/thumb/v7e-m+fp/hard\libc_nano.a(lib_a-impure.o)
                              c:/msys2/mingw64/bin/../lib/gcc/arm-none-eabi/10.1.0/../../../../arm-none-eabi/lib/thumb/v7e-m+fp/hard\libc_nano.a(lib_a-exit.o) (_global_impure_ptr)
c:/msys2/mingw64/bin/../lib/gcc/arm-none-eabi/10.1.0/../../../../arm-none-eabi/lib/thumb/v7e-m+fp/hard\libc_nano.a(lib_a-init.o)
                              c:/msys2/mingw64/bin/../lib/gcc/arm-none-eabi/10.1.0/../../../../arm-none-eabi/lib/thumb/v7e-m+fp/hard/crt0.o (__libc_init_array)
c:/msys2/mingw64/bin/../lib/gcc/arm-none-eabi/10.1.0/../../../../arm-none-eabi/lib/thumb/v7e-m+fp/hard\libc_nano.a(lib_a-memset.o)
                              c:/msys2/mingw64/bin/../lib/gcc/arm-none-eabi/10.1.0/../../../../arm-none-eabi/lib/thumb/v7e-m+fp/hard/crt0.o (memset)
c:/msys2/mingw64/bin/../lib/gcc/arm-none-eabi/10.1.0/../../../../arm-none-eabi/lib/thumb/v7e-m+fp/hard\libc_nano.a(lib_a-vsnprintf.o)
                              build/Lcd.o (vsnprintf)
c:/msys2/mingw64/bin/../lib/gcc/arm-none-eabi/10.1.0/../../../../arm-none-eabi/lib/thumb/v7e-m+fp/hard\libc_nano.a(lib_a-__atexit.o)
                              c:/msys2/mingw64/bin/../lib/gcc/arm-none-eabi/10.1.0/../../../../arm-none-eabi/lib/thumb/v7e-m+fp/hard\libc_nano.a(lib_a-atexit.o) (__register_exitproc)
c:/msys2/mingw64/bin/../lib/gcc/arm-none-eabi/10.1.0/../../../../arm-none-eabi/lib/thumb/v7e-m+fp/hard\libc_nano.a(lib_a-__call_atexit.o)
                              c:/msys2/mingw64/bin/../lib/gcc/arm-none-eabi/10.1.0/../../../../arm-none-eabi/lib/thumb/v7e-m+fp/hard\libc_nano.a(lib_a-__atexit.o) (__call_exitprocs)
c:/msys2/mingw64/bin/../lib/gcc/arm-none-eabi/10.1.0/../../../../arm-none-eabi/lib/thumb/v7e-m+fp/hard\libc_nano.a(lib_a-lock.o)
                              c:/msys2/mingw64/bin/../lib/gcc/arm-none-eabi/10.1.0/../../../../arm-none-eabi/lib/thumb/v7e-m+fp/hard\libc_nano.a(lib_a-__atexit.o) (__retarget_lock_acquire_recursive)
c:/msys2/mingw64/bin/../lib/gcc/arm-none-eabi/10.1.0/../../../../arm-none-eabi/lib/thumb/v7e-m+fp/hard\libc_nano.a(lib_a-nano-svfprintf.o)
                              c:/msys2/mingw64/bin/../lib/gcc/arm-none-eabi/10.1.0/../../../../arm-none-eabi/lib/thumb/v7e-m+fp/hard\libc_nano.a(lib_a-vsnprintf.o) (_svfprintf_r)
c:/msys2/mingw64/bin/../lib/gcc/arm-none-eabi/10.1.0/../../../../arm-none-eabi/lib/thumb/v7e-m+fp/hard\libc_nano.a(lib_a-nano-vfprintf_i.o)
                              c:/msys2/mingw64/bin/../lib/gcc/arm-none-eabi/10.1.0/../../../../arm-none-eabi/lib/thumb/v7e-m+fp/hard\libc_nano.a(lib_a-nano-svfprintf.o) (_printf_i)
c:/msys2/mingw64/bin/../lib/gcc/arm-none-eabi/10.1.0/../../../../arm-none-eabi/lib/thumb/v7e-m+fp/hard\libc_nano.a(lib_a-memchr.o)
                              c:/msys2/mingw64/bin/../lib/gcc/arm-none-eabi/10.1.0/../../../../arm-none-eabi/lib/thumb/v7e-m+fp/hard\libc_nano.a(lib_a-nano-svfprintf.o) (memchr)
c:/msys2/mingw64/bin/../lib/gcc/arm-none-eabi/10.1.0/../../../../arm-none-eabi/lib/thumb/v7e-m+fp/hard\libc_nano.a(lib_a-memcpy.o)
                              c:/msys2/mingw64/bin/../lib/gcc/arm-none-eabi/10.1.0/../../../../arm-none-eabi/lib/thumb/v7e-m+fp/hard\libc_nano.a(lib_a-nano-svfprintf.o) (memcpy)
c:/msys2/mingw64/bin/../lib/gcc/arm-none-eabi/10.1.0/../../../../arm-none-eabi/lib/thumb/v7e-m+fp/hard\libc_nano.a(lib_a-memmove.o)
                              c:/msys2/mingw64/bin/../lib/gcc/arm-none-eabi/10.1.0/../../../../arm-none-eabi/lib/thumb/v7e-m+fp/hard\libc_nano.a(lib_a-nano-svfprintf.o) (memmove)
c:/msys2/mingw64/bin/../lib/gcc/arm-none-eabi/10.1.0/../../../../arm-none-eabi/lib/thumb/v7e-m+fp/hard\libc_nano.a(lib_a-nano-freer.o)
                              c:/msys2/mingw64/bin/../lib/gcc/arm-none-eabi/10.1.0/../../../../arm-none-eabi/lib/thumb/v7e-m+fp/hard\libc_nano.a(lib_a-nano-svfprintf.o) (_free_r)
c:/msys2/mingw64/bin/../lib/gcc/arm-none-eabi/10.1.0/../../../../arm-none-eabi/lib/thumb/v7e-m+fp/hard\libc_nano.a(lib_a-nano-mallocr.o)
[...]
Memory Configuration

Name             Origin             Length             Attributes
RAM              0x0000000020000000 0x0000000000008000 xrw
FLASH            0x0000000008000000 0x0000000000020000 xr
*default*        0x0000000000000000 0xffffffffffffffff

Linker script and memory map

LOAD c:/msys2/mingw64/bin/../lib/gcc/arm-none-eabi/10.1.0/thumb/v7e-m+fp/hard/crti.o
LOAD c:/msys2/mingw64/bin/../lib/gcc/arm-none-eabi/10.1.0/thumb/v7e-m+fp/hard/crtbegin.o
LOAD c:/msys2/mingw64/bin/../lib/gcc/arm-none-eabi/10.1.0/../../../../arm-none-eabi/lib/thumb/v7e-m+fp/hard/crt0.o
LOAD build/main.o
LOAD build/gpio.o
LOAD build/stm32g4xx_it.o
LOAD build/stm32g4xx_hal_msp.o
LOAD build/usbd_conf.o
LOAD build/usb_device.o
LOAD build/usbd_desc.o
LOAD build/usbd_cdc_if.o
LOAD build/stm32g4xx_hal_pcd.o
LOAD build/stm32g4xx_hal_pcd_ex.o
LOAD build/stm32g4xx_ll_usb.o
LOAD build/stm32g4xx_hal.o
LOAD build/stm32g4xx_hal_rcc.o
LOAD build/stm32g4xx_hal_rcc_ex.o
LOAD build/stm32g4xx_hal_flash.o
LOAD build/stm32g4xx_hal_flash_ex.o
LOAD build/stm32g4xx_hal_flash_ramfunc.o
LOAD build/stm32g4xx_hal_gpio.o
LOAD build/stm32g4xx_hal_exti.o
LOAD build/stm32g4xx_hal_dma.o
LOAD build/stm32g4xx_hal_dma_ex.o
LOAD build/stm32g4xx_hal_pwr.o
LOAD build/stm32g4xx_hal_pwr_ex.o
LOAD build/stm32g4xx_hal_cortex.o
LOAD build/stm32g4xx_hal_tim.o
LOAD build/stm32g4xx_hal_tim_ex.o
LOAD build/system_stm32g4xx.o
LOAD build/usbd_core.o
LOAD build/usbd_ctlreq.o
LOAD build/usbd_ioreq.o
LOAD build/usbd_cdc.o
LOAD build/Lcd.o
LOAD build/startup_stm32g441xx.o
LOAD c:/msys2/mingw64/bin/../lib/gcc/arm-none-eabi/10.1.0/../../../../arm-none-eabi/lib/thumb/v7e-m+fp/hard\libc_nano.a
LOAD c:/msys2/mingw64/bin/../lib/gcc/arm-none-eabi/10.1.0/../../../../arm-none-eabi/lib/thumb/v7e-m+fp/hard\libm.a
LOAD c:/msys2/mingw64/bin/../lib/gcc/arm-none-eabi/10.1.0/../../../../arm-none-eabi/lib/thumb/v7e-m+fp/hard\libnosys.a
START GROUP
LOAD c:/msys2/mingw64/bin/../lib/gcc/arm-none-eabi/10.1.0/thumb/v7e-m+fp/hard\libgcc.a
LOAD c:/msys2/mingw64/bin/../lib/gcc/arm-none-eabi/10.1.0/../../../../arm-none-eabi/lib/thumb/v7e-m+fp/hard\libc_nano.a
END GROUP
START GROUP
LOAD c:/msys2/mingw64/bin/../lib/gcc/arm-none-eabi/10.1.0/thumb/v7e-m+fp/hard\libgcc.a
LOAD c:/msys2/mingw64/bin/../lib/gcc/arm-none-eabi/10.1.0/../../../../arm-none-eabi/lib/thumb/v7e-m+fp/hard\libc_nano.a
END GROUP
LOAD c:/msys2/mingw64/bin/../lib/gcc/arm-none-eabi/10.1.0/thumb/v7e-m+fp/hard/crtend.o
LOAD c:/msys2/mingw64/bin/../lib/gcc/arm-none-eabi/10.1.0/thumb/v7e-m+fp/hard/crtn.o
                0x0000000020008000                _estack = 0x20008000
                0x0000000000000200                _Min_Heap_Size = 0x200
                0x0000000000000400                _Min_Stack_Size = 0x400

.isr_vector     0x0000000008000000      0x1d8
                0x0000000008000000                . = ALIGN (0x4)
 *(.isr_vector)
 .isr_vector    0x0000000008000000      0x1d8 build/startup_stm32g441xx.o
                0x0000000008000000                g_pfnVectors
                0x00000000080001d8                . = ALIGN (0x4)

.text           0x00000000080001e0     0x4884
                0x00000000080001e0                . = ALIGN (0x4)
 *(.text)
 .text          0x00000000080001e0       0x48 c:/msys2/mingw64/bin/../lib/gcc/arm-none-eabi/10.1.0/../../../../arm-none-eabi/lib/thumb/v7e-m+fp/hard\libc_nano.a(lib_a-init.o)
                0x00000000080001e0                __libc_init_array
 .text          0x0000000008000228       0x88 c:/msys2/mingw64/bin/../lib/gcc/arm-none-eabi/10.1.0/../../../../arm-none-eabi/lib/thumb/v7e-m+fp/hard\libc_nano.a(lib_a-vsnprintf.o)
                0x0000000008000228                _vsnprintf_r
                0x0000000008000228                _vsniprintf_r
                0x0000000008000294                vsniprintf
                0x0000000008000294                vsnprintf
 .text          0x00000000080002b0       0x28 c:/msys2/mingw64/bin/../lib/gcc/arm-none-eabi/10.1.0/../../../../arm-none-eabi/lib/thumb/v7e-m+fp/hard\libc_nano.a(lib_a-lock.o)
                0x00000000080002b0                __retarget_lock_init
                0x00000000080002b4                __retarget_lock_init_recursive
                0x00000000080002b8                __retarget_lock_close
                0x00000000080002bc                __retarget_lock_close_recursive
                0x00000000080002c0                __retarget_lock_acquire
                0x00000000080002c4                __retarget_lock_acquire_recursive
                0x00000000080002c8                __retarget_lock_try_acquire
                0x00000000080002cc                __retarget_lock_try_acquire_recursive
                0x00000000080002d0                __retarget_lock_release
                0x00000000080002d4                __retarget_lock_release_recursive
 .text          0x00000000080002d8      0x42c c:/msys2/mingw64/bin/../lib/gcc/arm-none-eabi/10.1.0/../../../../arm-none-eabi/lib/thumb/v7e-m+fp/hard\libc_nano.a(lib_a-nano-svfprintf.o)
                0x00000000080002d8                __ssputs_r
                0x0000000008000398                __ssprint_r
                0x0000000008000490                _svfiprintf_r
                0x0000000008000490                _svfprintf_r
 .text          0x0000000008000704      0x3c4 c:/msys2/mingw64/bin/../lib/gcc/arm-none-eabi/10.1.0/../../../../arm-none-eabi/lib/thumb/v7e-m+fp/hard\libc_nano.a(lib_a-nano-vfprintf_i.o)
                0x0000000008000704                _printf_common
                0x0000000008000830                _printf_i
 *fill*         0x0000000008000ac8        0x8 
 .text          0x0000000008000ad0       0xa0 c:/msys2/mingw64/bin/../lib/gcc/arm-none-eabi/10.1.0/../../../../arm-none-eabi/lib/thumb/v7e-m+fp/hard\libc_nano.a(lib_a-memchr.o)
                0x0000000008000ad0                memchr
 .text          0x0000000008000b70      0x134 c:/msys2/mingw64/bin/../lib/gcc/arm-none-eabi/10.1.0/../../../../arm-none-eabi/lib/thumb/v7e-m+fp/hard\libc_nano.a(lib_a-memcpy.o)
                0x0000000008000b70                memcpy
 .text          0x0000000008000ca4       0xd0 c:/msys2/mingw64/bin/../lib/gcc/arm-none-eabi/10.1.0/../../../../arm-none-eabi/lib/thumb/v7e-m+fp/hard\libc_nano.a(lib_a-memmove.o)
                0x0000000008000ca4                memmove
 .text          0x0000000008000d74       0xac c:/msys2/mingw64/bin/../lib/gcc/arm-none-eabi/10.1.0/../../../../arm-none-eabi/lib/thumb/v7e-m+fp/hard\libc_nano.a(lib_a-nano-freer.o)
                0x0000000008000d74                _free_r
 .text          0x0000000008000e20       0xc8 c:/msys2/mingw64/bin/../lib/gcc/arm-none-eabi/10.1.0/../../../../arm-none-eabi/lib/thumb/v7e-m+fp/hard\libc_nano.a(lib_a-nano-mallocr.o)
                0x0000000008000e20                _malloc_r
 .text          0x0000000008000ee8       0x4c c:/msys2/mingw64/bin/../lib/gcc/arm-none-eabi/10.1.0/../../../../arm-none-eabi/lib/thumb/v7e-m+fp/hard\libc_nano.a(lib_a-nano-reallocr.o)
                0x0000000008000ee8                _realloc_r
 .text          0x0000000008000f34       0x24 c:/msys2/mingw64/bin/../lib/gcc/arm-none-eabi/10.1.0/../../../../arm-none-eabi/lib/thumb/v7e-m+fp/hard\libc_nano.a(lib_a-sbrkr.o)
                0x0000000008000f34                _sbrk_r
 .text          0x0000000008000f58       0x18 c:/msys2/mingw64/bin/../lib/gcc/arm-none-eabi/10.1.0/../../../../arm-none-eabi/lib/thumb/v7e-m+fp/hard\libc_nano.a(lib_a-mlock.o)
                0x0000000008000f58                __malloc_lock
                0x0000000008000f64                __malloc_unlock
 .text          0x0000000008000f70       0x10 c:/msys2/mingw64/bin/../lib/gcc/arm-none-eabi/10.1.0/../../../../arm-none-eabi/lib/thumb/v7e-m+fp/hard\libc_nano.a(lib_a-nano-msizer.o)
                0x0000000008000f70                _malloc_usable_size_r
 .text          0x0000000008000f80       0x1c c:/msys2/mingw64/bin/../lib/gcc/arm-none-eabi/10.1.0/../../../../arm-none-eabi/lib/thumb/v7e-m+fp/hard\libnosys.a(sbrk.o)
                0x0000000008000f80                _sbrk
 *(.text*)
 .text.__do_global_dtors_aux
                0x0000000008000f9c       0x24 c:/msys2/mingw64/bin/../lib/gcc/arm-none-eabi/10.1.0/thumb/v7e-m+fp/hard/crtbegin.o
 .text.frame_dummy
                0x0000000008000fc0       0x1c c:/msys2/mingw64/bin/../lib/gcc/arm-none-eabi/10.1.0/thumb/v7e-m+fp/hard/crtbegin.o
 .text.gpioB_Init
                0x0000000008000fdc       0x2c build/main.o
                0x0000000008000fdc                gpioB_Init
 .text.gpioA_Init
                0x0000000008001008       0x20 build/main.o
                0x0000000008001008                gpioA_Init
 .text.mainRCCInit
                0x0000000008001028       0x5c build/main.o
                0x0000000008001028                mainRCCInit
 .text.contrastInit
                0x0000000008001084       0x30 build/main.o
                0x0000000008001084                contrastInit
 .text.rtcInit  0x00000000080010b4       0xb0 build/main.o
                0x00000000080010b4                rtcInit
 .text.main     0x0000000008001164      0x160 build/main.o
                0x0000000008001164                main
 .text.Error_Handler
                0x00000000080012c4        0x4 build/main.o
                0x00000000080012c4                Error_Handler
 .text.NMI_Handler
                0x00000000080012c8        0x2 build/stm32g4xx_it.o
                0x00000000080012c8                NMI_Handler
 .text.HardFault_Handler
                0x00000000080012ca        0x2 build/stm32g4xx_it.o
                0x00000000080012ca                HardFault_Handler
 .text.MemManage_Handler
                0x00000000080012cc        0x2 build/stm32g4xx_it.o
                0x00000000080012cc                MemManage_Handler
 .text.BusFault_Handler
                0x00000000080012ce        0x2 build/stm32g4xx_it.o
                0x00000000080012ce                BusFault_Handler
 .text.UsageFault_Handler
                0x00000000080012d0        0x2 build/stm32g4xx_it.o
                0x00000000080012d0                UsageFault_Handler
 .text.SVC_Handler
                0x00000000080012d2        0x2 build/stm32g4xx_it.o
                0x00000000080012d2                SVC_Handler
 .text.DebugMon_Handler
                0x00000000080012d4        0x2 build/stm32g4xx_it.o
                0x00000000080012d4                DebugMon_Handler
 .text.PendSV_Handler
                0x00000000080012d6        0x2 build/stm32g4xx_it.o
                0x00000000080012d6                PendSV_Handler
 .text.SysTick_Handler
                0x00000000080012d8        0x8 build/stm32g4xx_it.o
                0x00000000080012d8                SysTick_Handler
 .text.USB_LP_IRQHandler
                0x00000000080012e0       0x10 build/stm32g4xx_it.o
                0x00000000080012e0                USB_LP_IRQHandler
 .text.HAL_MspInit
                0x00000000080012f0       0x38 build/stm32g4xx_hal_msp.o
                0x00000000080012f0                HAL_MspInit
 .text.USBD_Get_USB_Status
                0x0000000008001328       0x14 build/usbd_conf.o
 .text.SystemClockConfig_Resume
                0x000000000800133c        0x8 build/usbd_conf.o
 .text.HAL_PCD_MspInit
                0x0000000008001344       0x40 build/usbd_conf.o
                0x0000000008001344                HAL_PCD_MspInit
 .text.HAL_PCD_SetupStageCallback
                0x0000000008001384       0x10 build/usbd_conf.o
                0x0000000008001384                HAL_PCD_SetupStageCallback
 .text.HAL_PCD_DataOutStageCallback
                0x0000000008001394       0x18 build/usbd_conf.o
                0x0000000008001394                HAL_PCD_DataOutStageCallback
 .text.HAL_PCD_DataInStageCallback
                0x00000000080013ac       0x16 build/usbd_conf.o
                0x00000000080013ac                HAL_PCD_DataInStageCallback
 .text.HAL_PCD_SOFCallback
                0x00000000080013c2        0xc build/usbd_conf.o
                0x00000000080013c2                HAL_PCD_SOFCallback
 .text.HAL_PCD_ResetCallback
                0x00000000080013ce       0x24 build/usbd_conf.o
                0x00000000080013ce                HAL_PCD_ResetCallback
 *fill*         0x00000000080013f2        0x2 
 .text.HAL_PCD_SuspendCallback
                0x00000000080013f4       0x20 build/usbd_conf.o
                0x00000000080013f4                HAL_PCD_SuspendCallback
 .text.HAL_PCD_ResumeCallback
                0x0000000008001414       0x28 build/usbd_conf.o
                0x0000000008001414                HAL_PCD_ResumeCallback
 .text.USBD_LL_Init
                0x000000000800143c       0x88 build/usbd_conf.o
                0x000000000800143c                USBD_LL_Init
 .text.USBD_LL_Start
                0x00000000080014c4       0x10 build/usbd_conf.o
                0x00000000080014c4                USBD_LL_Start
 .text.USBD_LL_OpenEP
                0x00000000080014d4       0x16 build/usbd_conf.o
                0x00000000080014d4                USBD_LL_OpenEP
 .text.USBD_LL_CloseEP
                0x00000000080014ea       0x10 build/usbd_conf.o
                0x00000000080014ea                USBD_LL_CloseEP
 .text.USBD_LL_StallEP
                0x00000000080014fa       0x10 build/usbd_conf.o
                0x00000000080014fa                USBD_LL_StallEP
 .text.USBD_LL_ClearStallEP
                0x000000000800150a       0x10 build/usbd_conf.o
                0x000000000800150a                USBD_LL_ClearStallEP
 .text.USBD_LL_IsStallEP
                0x000000000800151a       0x2e build/usbd_conf.o
                0x000000000800151a                USBD_LL_IsStallEP
 .text.USBD_LL_SetUSBAddress
                0x0000000008001548       0x10 build/usbd_conf.o
                0x0000000008001548                USBD_LL_SetUSBAddress
 .text.USBD_LL_Transmit
                0x0000000008001558       0x10 build/usbd_conf.o
                0x0000000008001558                USBD_LL_Transmit
 .text.USBD_LL_PrepareReceive
                0x0000000008001568       0x10 build/usbd_conf.o
                0x0000000008001568                USBD_LL_PrepareReceive
 .text.USBD_LL_GetRxDataSize
                0x0000000008001578        0xc build/usbd_conf.o
                0x0000000008001578                USBD_LL_GetRxDataSize
 .text.HAL_PCDEx_LPM_Callback
                0x0000000008001584       0x48 build/usbd_conf.o
                0x0000000008001584                HAL_PCDEx_LPM_Callback
 .text.USBD_static_malloc
                0x00000000080015cc        0x8 build/usbd_conf.o
                0x00000000080015cc                USBD_static_malloc
 .text.USBD_static_free
                0x00000000080015d4        0x2 build/usbd_conf.o
                0x00000000080015d4                USBD_static_free
 *fill*         0x00000000080015d6        0x2 
 .text.MX_USB_Device_Init
                0x00000000080015d8       0x70 build/usb_device.o
                0x00000000080015d8                MX_USB_Device_Init
 .text.USBD_CDC_DeviceDescriptor
                0x0000000008001648        0xc build/usbd_desc.o
                0x0000000008001648                USBD_CDC_DeviceDescriptor
 .text.USBD_CDC_LangIDStrDescriptor
                0x0000000008001654        0xc build/usbd_desc.o
                0x0000000008001654                USBD_CDC_LangIDStrDescriptor
 .text.IntToUnicode
                0x0000000008001660       0x46 build/usbd_desc.o
 *fill*         0x00000000080016a6        0x2 
 .text.Get_SerialNum
                0x00000000080016a8       0x38 build/usbd_desc.o
 .text.USBD_CDC_SerialStrDescriptor
                0x00000000080016e0       0x14 build/usbd_desc.o
                0x00000000080016e0                USBD_CDC_SerialStrDescriptor
 .text.USBD_CDC_ProductStrDescriptor
                0x00000000080016f4       0x24 build/usbd_desc.o
                0x00000000080016f4                USBD_CDC_ProductStrDescriptor
 .text.USBD_CDC_ManufacturerStrDescriptor
                0x0000000008001718       0x1c build/usbd_desc.o
                0x0000000008001718                USBD_CDC_ManufacturerStrDescriptor
 .text.USBD_CDC_ConfigStrDescriptor
                0x0000000008001734       0x24 build/usbd_desc.o
                0x0000000008001734                USBD_CDC_ConfigStrDescriptor
 .text.USBD_CDC_InterfaceStrDescriptor
                0x0000000008001758       0x24 build/usbd_desc.o
                0x0000000008001758                USBD_CDC_InterfaceStrDescriptor
 .text.CDC_DeInit_FS
                0x000000000800177c        0x4 build/usbd_cdc_if.o
 .text.CDC_Control_FS
                0x0000000008001780        0x4 build/usbd_cdc_if.o
 .text.CDC_TransmitCplt_FS
                0x0000000008001784        0x4 build/usbd_cdc_if.o
 .text.CDC_Receive_FS
                0x0000000008001788       0x50 build/usbd_cdc_if.o
 .text.CDC_Init_FS
                0x00000000080017d8       0x28 build/usbd_cdc_if.o
 .text.CDC_Transmit_FS
                0x0000000008001800       0x2c build/usbd_cdc_if.o
                0x0000000008001800                CDC_Transmit_FS
 .text.HAL_PCD_EP_DB_Receive
                0x000000000800182c      0x118 build/stm32g4xx_hal_pcd.o
 .text.HAL_PCD_Init
                0x0000000008001944       0xe4 build/stm32g4xx_hal_pcd.o
                0x0000000008001944                HAL_PCD_Init
 .text.HAL_PCD_Start
                0x0000000008001a28       0x2a build/stm32g4xx_hal_pcd.o
                0x0000000008001a28                HAL_PCD_Start
 .text.HAL_PCD_EP_DB_Transmit
                0x0000000008001a52      0x410 build/stm32g4xx_hal_pcd.o
 .text.PCD_EP_ISR_Handler
                0x0000000008001e62      0x416 build/stm32g4xx_hal_pcd.o
 .text.HAL_PCD_SetAddress
                0x0000000008002278       0x28 build/stm32g4xx_hal_pcd.o
                0x0000000008002278                HAL_PCD_SetAddress
 .text.HAL_PCD_IRQHandler
                0x00000000080022a0      0x1dc build/stm32g4xx_hal_pcd.o
                0x00000000080022a0                HAL_PCD_IRQHandler
 .text.HAL_PCD_EP_Open
                0x000000000800247c       0x84 build/stm32g4xx_hal_pcd.o
                0x000000000800247c                HAL_PCD_EP_Open
 .text.HAL_PCD_EP_Close
                0x0000000008002500       0x64 build/stm32g4xx_hal_pcd.o
                0x0000000008002500                HAL_PCD_EP_Close
 .text.HAL_PCD_EP_Receive
                0x0000000008002564       0x44 build/stm32g4xx_hal_pcd.o
                0x0000000008002564                HAL_PCD_EP_Receive
 .text.HAL_PCD_EP_GetRxCount
                0x00000000080025a8       0x12 build/stm32g4xx_hal_pcd.o
                0x00000000080025a8                HAL_PCD_EP_GetRxCount
 .text.HAL_PCD_EP_Transmit
                0x00000000080025ba       0x50 build/stm32g4xx_hal_pcd.o
                0x00000000080025ba                HAL_PCD_EP_Transmit
 .text.HAL_PCD_EP_SetStall
                0x000000000800260a       0x6a build/stm32g4xx_hal_pcd.o
                0x000000000800260a                HAL_PCD_EP_SetStall
 .text.HAL_PCD_EP_ClrStall
                0x0000000008002674       0x76 build/stm32g4xx_hal_pcd.o
                0x0000000008002674                HAL_PCD_EP_ClrStall
 .text.HAL_PCDEx_PMAConfig
                0x00000000080026ea       0x38 build/stm32g4xx_hal_pcd_ex.o
                0x00000000080026ea                HAL_PCDEx_PMAConfig
 .text.HAL_PCDEx_ActivateLPM
                0x0000000008002722       0x2c build/stm32g4xx_hal_pcd_ex.o
                0x0000000008002722                HAL_PCDEx_ActivateLPM
 .text.USB_EnableGlobalInt
                0x000000000800274e       0x12 build/stm32g4xx_ll_usb.o
                0x000000000800274e                USB_EnableGlobalInt
 .text.USB_DisableGlobalInt
                0x0000000008002760       0x14 build/stm32g4xx_ll_usb.o
                0x0000000008002760                USB_DisableGlobalInt
 .text.USB_DevInit
                0x0000000008002774       0x22 build/stm32g4xx_ll_usb.o
                0x0000000008002774                USB_DevInit
 .text.USB_ActivateEndpoint
                0x0000000008002796      0x37c build/stm32g4xx_ll_usb.o
                0x0000000008002796                USB_ActivateEndpoint
 .text.USB_DeactivateEndpoint
                0x0000000008002b12      0x1d6 build/stm32g4xx_ll_usb.o
                0x0000000008002b12                USB_DeactivateEndpoint
 .text.USB_EPSetStall
                0x0000000008002ce8       0x4a build/stm32g4xx_ll_usb.o
                0x0000000008002ce8                USB_EPSetStall
 .text.USB_EPClearStall
                0x0000000008002d32       0xa2 build/stm32g4xx_ll_usb.o
                0x0000000008002d32                USB_EPClearStall
 .text.USB_SetDevAddress
                0x0000000008002dd4        0xc build/stm32g4xx_ll_usb.o
                0x0000000008002dd4                USB_SetDevAddress
 .text.USB_DevConnect
                0x0000000008002de0       0x16 build/stm32g4xx_ll_usb.o
                0x0000000008002de0                USB_DevConnect
 .text.USB_ReadInterrupts
                0x0000000008002df6        0x8 build/stm32g4xx_ll_usb.o
                0x0000000008002df6                USB_ReadInterrupts
 .text.USB_WritePMA
                0x0000000008002dfe       0x28 build/stm32g4xx_ll_usb.o
                0x0000000008002dfe                USB_WritePMA
 .text.USB_EPStartXfer
                0x0000000008002e26      0x8b2 build/stm32g4xx_ll_usb.o
                0x0000000008002e26                USB_EPStartXfer
 .text.USB_ReadPMA
                0x00000000080036d8       0x30 build/stm32g4xx_ll_usb.o
                0x00000000080036d8                USB_ReadPMA
 .text.HAL_InitTick
                0x0000000008003708       0x50 build/stm32g4xx_hal.o
                0x0000000008003708                HAL_InitTick
 .text.HAL_Init
                0x0000000008003758       0x1e build/stm32g4xx_hal.o
                0x0000000008003758                HAL_Init
 *fill*         0x0000000008003776        0x2 
 .text.HAL_IncTick
                0x0000000008003778       0x18 build/stm32g4xx_hal.o
                0x0000000008003778                HAL_IncTick
 .text.HAL_GetTick
                0x0000000008003790        0xc build/stm32g4xx_hal.o
                0x0000000008003790                HAL_GetTick
 .text.HAL_Delay
                0x000000000800379c       0x28 build/stm32g4xx_hal.o
                0x000000000800379c                HAL_Delay
 .text.HAL_PWREx_DisableUCPDDeadBattery
                0x00000000080037c4       0x10 build/stm32g4xx_hal_pwr_ex.o
                0x00000000080037c4                HAL_PWREx_DisableUCPDDeadBattery
 .text.HAL_NVIC_SetPriorityGrouping
                0x00000000080037d4       0x24 build/stm32g4xx_hal_cortex.o
                0x00000000080037d4                HAL_NVIC_SetPriorityGrouping
 .text.HAL_NVIC_SetPriority
                0x00000000080037f8       0x70 build/stm32g4xx_hal_cortex.o
                0x00000000080037f8                HAL_NVIC_SetPriority
 .text.HAL_NVIC_EnableIRQ
                0x0000000008003868       0x1c build/stm32g4xx_hal_cortex.o
                0x0000000008003868                HAL_NVIC_EnableIRQ
 .text.HAL_SYSTICK_Config
                0x0000000008003884       0x28 build/stm32g4xx_hal_cortex.o
                0x0000000008003884                HAL_SYSTICK_Config
 .text.SystemInit
                0x00000000080038ac       0x14 build/system_stm32g4xx.o
                0x00000000080038ac                SystemInit
 .text.USBD_Init
                0x00000000080038c0       0x2e build/usbd_core.o
                0x00000000080038c0                USBD_Init
 .text.USBD_RegisterClass
                0x00000000080038ee       0x2e build/usbd_core.o
                0x00000000080038ee                USBD_RegisterClass
 .text.USBD_Start
                0x000000000800391c        0x8 build/usbd_core.o
                0x000000000800391c                USBD_Start
 .text.USBD_SetClassConfig
                0x0000000008003924       0x12 build/usbd_core.o
                0x0000000008003924                USBD_SetClassConfig
 .text.USBD_ClrClassConfig
                0x0000000008003936       0x10 build/usbd_core.o
                0x0000000008003936                USBD_ClrClassConfig
 .text.USBD_LL_SetupStage
                0x0000000008003946       0x58 build/usbd_core.o
                0x0000000008003946                USBD_LL_SetupStage
 .text.USBD_LL_DataOutStage
                0x000000000800399e       0x78 build/usbd_core.o
                0x000000000800399e                USBD_LL_DataOutStage
 .text.USBD_LL_DataInStage
                0x0000000008003a16       0xbe build/usbd_core.o
                0x0000000008003a16                USBD_LL_DataInStage
 .text.USBD_LL_Reset
                0x0000000008003ad4       0x5a build/usbd_core.o
                0x0000000008003ad4                USBD_LL_Reset
 .text.USBD_LL_SetSpeed
                0x0000000008003b2e        0x6 build/usbd_core.o
                0x0000000008003b2e                USBD_LL_SetSpeed
 .text.USBD_LL_Suspend
                0x0000000008003b34       0x14 build/usbd_core.o
                0x0000000008003b34                USBD_LL_Suspend
 .text.USBD_LL_Resume
                0x0000000008003b48       0x1a build/usbd_core.o
                0x0000000008003b48                USBD_LL_Resume
 .text.USBD_LL_SOF
                0x0000000008003b62       0x28 build/usbd_core.o
                0x0000000008003b62                USBD_LL_SOF
 .text.USBD_GetLen
                0x0000000008003b8a       0x14 build/usbd_ctlreq.o
 .text.USBD_SetFeature
                0x0000000008003b9e       0x14 build/usbd_ctlreq.o
 .text.USBD_ParseSetupRequest
                0x0000000008003bb2       0x28 build/usbd_ctlreq.o
                0x0000000008003bb2                USBD_ParseSetupRequest
 .text.USBD_CtlError
                0x0000000008003bda       0x14 build/usbd_ctlreq.o
                0x0000000008003bda                USBD_CtlError
 .text.USBD_GetDescriptor
                0x0000000008003bee      0x1ac build/usbd_ctlreq.o
 .text.USBD_SetAddress
                0x0000000008003d9a       0x50 build/usbd_ctlreq.o
 *fill*         0x0000000008003dea        0x2 
 .text.USBD_SetConfig
                0x0000000008003dec       0xc8 build/usbd_ctlreq.o
 .text.USBD_GetConfig
                0x0000000008003eb4       0x40 build/usbd_ctlreq.o
 .text.USBD_GetStatus
                0x0000000008003ef4       0x38 build/usbd_ctlreq.o
 .text.USBD_ClrFeature
                0x0000000008003f2c       0x26 build/usbd_ctlreq.o
 .text.USBD_StdDevReq
                0x0000000008003f52       0x70 build/usbd_ctlreq.o
                0x0000000008003f52                USBD_StdDevReq
 .text.USBD_StdItfReq
                0x0000000008003fc2       0x68 build/usbd_ctlreq.o
                0x0000000008003fc2                USBD_StdItfReq
 .text.USBD_StdEPReq
                0x000000000800402a      0x1ec build/usbd_ctlreq.o
                0x000000000800402a                USBD_StdEPReq
 .text.USBD_GetString
                0x0000000008004216       0x3a build/usbd_ctlreq.o
                0x0000000008004216                USBD_GetString
 .text.USBD_CtlSendData
                0x0000000008004250       0x1a build/usbd_ioreq.o
                0x0000000008004250                USBD_CtlSendData
 .text.USBD_CtlContinueSendData
                0x000000000800426a       0x10 build/usbd_ioreq.o
                0x000000000800426a                USBD_CtlContinueSendData
 .text.USBD_CtlPrepareRx
                0x000000000800427a       0x1e build/usbd_ioreq.o
                0x000000000800427a                USBD_CtlPrepareRx
 .text.USBD_CtlContinueRx
                0x0000000008004298       0x10 build/usbd_ioreq.o
                0x0000000008004298                USBD_CtlContinueRx
 .text.USBD_CtlSendStatus
                0x00000000080042a8       0x16 build/usbd_ioreq.o
                0x00000000080042a8                USBD_CtlSendStatus
 .text.USBD_CtlReceiveStatus
                0x00000000080042be       0x16 build/usbd_ioreq.o
                0x00000000080042be                USBD_CtlReceiveStatus
 .text.USBD_CDC_EP0_RxReady
                0x00000000080042d4       0x36 build/usbd_cdc.o
 *fill*         0x000000000800430a        0x2 
 .text.USBD_CDC_GetFSCfgDesc
                0x000000000800430c        0xc build/usbd_cdc.o
 .text.USBD_CDC_GetHSCfgDesc
                0x0000000008004318        0xc build/usbd_cdc.o
 .text.USBD_CDC_GetOtherSpeedCfgDesc
                0x0000000008004324        0xc build/usbd_cdc.o
 .text.USBD_CDC_GetDeviceQualifierDescriptor
                0x0000000008004330        0xc build/usbd_cdc.o
                0x0000000008004330                USBD_CDC_GetDeviceQualifierDescriptor
 .text.USBD_CDC_DataOut
                0x000000000800433c       0x2a build/usbd_cdc.o
 .text.USBD_CDC_DataIn
                0x0000000008004366       0x6a build/usbd_cdc.o
 .text.USBD_CDC_Setup
                0x00000000080043d0       0xf4 build/usbd_cdc.o
 .text.USBD_CDC_DeInit
                0x00000000080044c4       0x48 build/usbd_cdc.o
 .text.USBD_CDC_Init
                0x000000000800450c       0xc2 build/usbd_cdc.o
 .text.USBD_CDC_RegisterInterface
                0x00000000080045ce        0xe build/usbd_cdc.o
                0x00000000080045ce                USBD_CDC_RegisterInterface
 .text.USBD_CDC_SetTxBuffer
                0x00000000080045dc       0x16 build/usbd_cdc.o
                0x00000000080045dc                USBD_CDC_SetTxBuffer
 .text.USBD_CDC_SetRxBuffer
                0x00000000080045f2       0x12 build/usbd_cdc.o
                0x00000000080045f2                USBD_CDC_SetRxBuffer
 .text.USBD_CDC_TransmitPacket
                0x0000000008004604       0x34 build/usbd_cdc.o
                0x0000000008004604                USBD_CDC_TransmitPacket
 .text.USBD_CDC_ReceivePacket
                0x0000000008004638       0x32 build/usbd_cdc.o
                0x0000000008004638                USBD_CDC_ReceivePacket
 *fill*         0x000000000800466a        0x2 
 .text.DWT_Delay_Init
                0x000000000800466c       0x48 build/Lcd.o
                0x000000000800466c                DWT_Delay_Init
 .text.DWT_Delay_us
                0x00000000080046b4       0x28 build/Lcd.o
                0x00000000080046b4                DWT_Delay_us
 .text.DWT_Delay_ms
                0x00000000080046dc       0x2c build/Lcd.o
                0x00000000080046dc                DWT_Delay_ms
 .text.setE     0x0000000008004708       0x1c build/Lcd.o
                0x0000000008004708                setE
 .text.setRW    0x0000000008004724       0x20 build/Lcd.o
                0x0000000008004724                setRW
 .text.setRS    0x0000000008004744       0x20 build/Lcd.o
                0x0000000008004744                setRS
 .text.sendNibble
                0x0000000008004764       0x3c build/Lcd.o
                0x0000000008004764                sendNibble
 .text.sendByte
                0x00000000080047a0       0x46 build/Lcd.o
                0x00000000080047a0                sendByte
 *fill*         0x00000000080047e6        0x2 
 .text.waitWhileBusy
                0x00000000080047e8       0x58 build/Lcd.o
                0x00000000080047e8                waitWhileBusy
 .text.sendInstruction
                0x0000000008004840       0x1c build/Lcd.o
                0x0000000008004840                sendInstruction
 .text.writeDisplay
                0x000000000800485c       0x1c build/Lcd.o
                0x000000000800485c                writeDisplay
 .text.initDisplay
                0x0000000008004878       0xec build/Lcd.o
                0x0000000008004878                initDisplay
 .text.returnHome
                0x0000000008004964        0xa build/Lcd.o
                0x0000000008004964                returnHome
 .text.entryModeSet
                0x000000000800496e       0x14 build/Lcd.o
                0x000000000800496e                entryModeSet
 *fill*         0x0000000008004982        0x2 
 .text.displayControl
                0x0000000008004984       0x2c build/Lcd.o
                0x0000000008004984                displayControl
 .text.functionSet2Lines5By8
                0x00000000080049b0        0xa build/Lcd.o
                0x00000000080049b0                functionSet2Lines5By8
 .text.lcdPrintString
                0x00000000080049ba       0x16 build/Lcd.o
                0x00000000080049ba                lcdPrintString
 .text.lcdPrintf
                0x00000000080049d0       0x26 build/Lcd.o
                0x00000000080049d0                lcdPrintf
 *fill*         0x00000000080049f6        0x2 
 .text.Reset_Handler
                0x00000000080049f8       0x50 build/startup_stm32g441xx.o
                0x00000000080049f8                Reset_Handler
 .text.Default_Handler
                0x0000000008004a48        0x2 build/startup_stm32g441xx.o
                0x0000000008004a48                RTC_Alarm_IRQHandler
                0x0000000008004a48                EXTI2_IRQHandler
                0x0000000008004a48                TIM8_TRG_COM_IRQHandler
                0x0000000008004a48                TIM8_CC_IRQHandler
                0x0000000008004a48                TIM1_CC_IRQHandler
                0x0000000008004a48                USB_HP_IRQHandler
                0x0000000008004a48                CORDIC_IRQHandler
                0x0000000008004a48                EXTI3_IRQHandler
                0x0000000008004a48                I2C3_ER_IRQHandler
                0x0000000008004a48                EXTI0_IRQHandler
                0x0000000008004a48                I2C2_EV_IRQHandler
                0x0000000008004a48                FPU_IRQHandler
                0x0000000008004a48                FDCAN1_IT1_IRQHandler
                0x0000000008004a48                TIM1_UP_TIM16_IRQHandler
                0x0000000008004a48                ADC1_2_IRQHandler
                0x0000000008004a48                SPI1_IRQHandler
                0x0000000008004a48                TIM6_DAC_IRQHandler
                0x0000000008004a48                TIM8_UP_IRQHandler
                0x0000000008004a48                DMA2_Channel2_IRQHandler
                0x0000000008004a48                DMA1_Channel4_IRQHandler
                0x0000000008004a48                USART3_IRQHandler
                0x0000000008004a48                TIM4_IRQHandler
                0x0000000008004a48                DMA2_Channel1_IRQHandler
                0x0000000008004a48                I2C1_EV_IRQHandler
                0x0000000008004a48                DMA1_Channel6_IRQHandler
                0x0000000008004a48                UART4_IRQHandler
                0x0000000008004a48                DMA2_Channel4_IRQHandler
                0x0000000008004a48                TIM3_IRQHandler
                0x0000000008004a48                RCC_IRQHandler
                0x0000000008004a48                DMA1_Channel1_IRQHandler
                0x0000000008004a48                Default_Handler
                0x0000000008004a48                RTC_TAMP_LSECSS_IRQHandler
                0x0000000008004a48                FMAC_IRQHandler
                0x0000000008004a48                EXTI15_10_IRQHandler
                0x0000000008004a48                TIM7_IRQHandler
                0x0000000008004a48                UCPD1_IRQHandler
                0x0000000008004a48                I2C3_EV_IRQHandler
                0x0000000008004a48                EXTI9_5_IRQHandler
                0x0000000008004a48                RTC_WKUP_IRQHandler
                0x0000000008004a48                PVD_PVM_IRQHandler
                0x0000000008004a48                SPI2_IRQHandler
                0x0000000008004a48                DMA2_Channel5_IRQHandler
                0x0000000008004a48                CRS_IRQHandler
                0x0000000008004a48                DMA1_Channel5_IRQHandler
                0x0000000008004a48                EXTI4_IRQHandler
                0x0000000008004a48                RNG_IRQHandler
                0x0000000008004a48                TIM1_TRG_COM_TIM17_IRQHandler
                0x0000000008004a48                DMA1_Channel3_IRQHandler
                0x0000000008004a48                WWDG_IRQHandler
                0x0000000008004a48                LPUART1_IRQHandler
                0x0000000008004a48                DMA2_Channel6_IRQHandler
                0x0000000008004a48                FDCAN1_IT0_IRQHandler
                0x0000000008004a48                TIM2_IRQHandler
                0x0000000008004a48                COMP1_2_3_IRQHandler
                0x0000000008004a48                EXTI1_IRQHandler
                0x0000000008004a48                AES_IRQHandler
                0x0000000008004a48                USART2_IRQHandler
                0x0000000008004a48                I2C2_ER_IRQHandler
                0x0000000008004a48                DMA1_Channel2_IRQHandler
                0x0000000008004a48                TIM8_BRK_IRQHandler
                0x0000000008004a48                FLASH_IRQHandler
                0x0000000008004a48                USART1_IRQHandler
                0x0000000008004a48                SPI3_IRQHandler
                0x0000000008004a48                I2C1_ER_IRQHandler
                0x0000000008004a48                LPTIM1_IRQHandler
                0x0000000008004a48                DMAMUX_OVR_IRQHandler
                0x0000000008004a48                USBWakeUp_IRQHandler
                0x0000000008004a48                SAI1_IRQHandler
                0x0000000008004a48                DMA2_Channel3_IRQHandler
                0x0000000008004a48                COMP4_IRQHandler
                0x0000000008004a48                TIM1_BRK_TIM15_IRQHandler
 *(.glue_7)
 .glue_7        0x0000000008004a4a        0x0 linker stubs
 *(.glue_7t)
 .glue_7t       0x0000000008004a4a        0x0 linker stubs
 *(.eh_frame)
 *fill*         0x0000000008004a4a        0x2 
 .eh_frame      0x0000000008004a4c        0x0 c:/msys2/mingw64/bin/../lib/gcc/arm-none-eabi/10.1.0/thumb/v7e-m+fp/hard/crtbegin.o
 *(.init)
 .init          0x0000000008004a4c        0x4 c:/msys2/mingw64/bin/../lib/gcc/arm-none-eabi/10.1.0/thumb/v7e-m+fp/hard/crti.o
                0x0000000008004a4c                _init
 .init          0x0000000008004a50        0x8 c:/msys2/mingw64/bin/../lib/gcc/arm-none-eabi/10.1.0/thumb/v7e-m+fp/hard/crtn.o
 *(.fini)
 .fini          0x0000000008004a58        0x4 c:/msys2/mingw64/bin/../lib/gcc/arm-none-eabi/10.1.0/thumb/v7e-m+fp/hard/crti.o
                0x0000000008004a58                _fini
 .fini          0x0000000008004a5c        0x8 c:/msys2/mingw64/bin/../lib/gcc/arm-none-eabi/10.1.0/thumb/v7e-m+fp/hard/crtn.o
                0x0000000008004a64                . = ALIGN (0x4)
                0x0000000008004a64                _etext = .

.vfp11_veneer   0x0000000008004a64        0x0
 .vfp11_veneer  0x0000000008004a64        0x0 linker stubs

.v4_bx          0x0000000008004a64        0x0
 .v4_bx         0x0000000008004a64        0x0 linker stubs

.iplt           0x0000000008004a64        0x0
 .iplt          0x0000000008004a64        0x0 c:/msys2/mingw64/bin/../lib/gcc/arm-none-eabi/10.1.0/thumb/v7e-m+fp/hard/crtbegin.o

.rodata         0x0000000008004a64       0x9c
                0x0000000008004a64                . = ALIGN (0x4)
 *(.rodata)
 *(.rodata*)
 .rodata.main.str1.4
                0x0000000008004a64       0x17 build/main.o
 *fill*         0x0000000008004a7b        0x1 
 .rodata.USBD_CDC_ProductStrDescriptor.str1.4
                0x0000000008004a7c       0x16 build/usbd_desc.o
 *fill*         0x0000000008004a92        0x2 
 .rodata.USBD_CDC_ManufacturerStrDescriptor.str1.4
                0x0000000008004a94       0x13 build/usbd_desc.o
 *fill*         0x0000000008004aa7        0x1 
 .rodata.USBD_CDC_ConfigStrDescriptor.str1.4
                0x0000000008004aa8        0xb build/usbd_desc.o
 *fill*         0x0000000008004ab3        0x1 
 .rodata.USBD_CDC_InterfaceStrDescriptor.str1.4
                0x0000000008004ab4        0xe build/usbd_desc.o
 *fill*         0x0000000008004ac2        0x2 
 .rodata.str1.4
                0x0000000008004ac4       0x13 c:/msys2/mingw64/bin/../lib/gcc/arm-none-eabi/10.1.0/../../../../arm-none-eabi/lib/thumb/v7e-m+fp/hard\libc_nano.a(lib_a-nano-svfprintf.o)
 *fill*         0x0000000008004ad7        0x1 
 .rodata.str1.4
                0x0000000008004ad8       0x25 c:/msys2/mingw64/bin/../lib/gcc/arm-none-eabi/10.1.0/../../../../arm-none-eabi/lib/thumb/v7e-m+fp/hard\libc_nano.a(lib_a-nano-vfprintf_i.o)
                0x0000000008004b00                . = ALIGN (0x4)
 *fill*         0x0000000008004afd        0x3 

.rel.dyn        0x0000000008004b00        0x0
 .rel.iplt      0x0000000008004b00        0x0 c:/msys2/mingw64/bin/../lib/gcc/arm-none-eabi/10.1.0/thumb/v7e-m+fp/hard/crtbegin.o

.ARM.extab
 *(.ARM.extab* .gnu.linkonce.armextab.*)

.ARM            0x0000000008004b00        0x0
                0x0000000008004b00                __exidx_start = .
 *(.ARM.exidx*)
                0x0000000008004b00                __exidx_end = .

.preinit_array  0x0000000008004b00        0x0
                0x0000000008004b00                PROVIDE (__preinit_array_start = .)
 *(.preinit_array*)
                0x0000000008004b00                PROVIDE (__preinit_array_end = .)

.init_array     0x0000000008004b00        0x4
                0x0000000008004b00                PROVIDE (__init_array_start = .)
 *(SORT_BY_NAME(.init_array.*))
 *(.init_array*)
 .init_array    0x0000000008004b00        0x4 c:/msys2/mingw64/bin/../lib/gcc/arm-none-eabi/10.1.0/thumb/v7e-m+fp/hard/crtbegin.o
                0x0000000008004b04                PROVIDE (__init_array_end = .)

.fini_array     0x0000000008004b04        0x4
                0x0000000008004b04                PROVIDE (__fini_array_start = .)
 *(SORT_BY_NAME(.fini_array.*))
 *(.fini_array*)
 .fini_array    0x0000000008004b04        0x4 c:/msys2/mingw64/bin/../lib/gcc/arm-none-eabi/10.1.0/thumb/v7e-m+fp/hard/crtbegin.o
                0x0000000008004b08                PROVIDE (__fini_array_end = .)
                0x0000000008004b08                _sidata = LOADADDR (.data)

.data           0x0000000020000000      0x208 load address 0x0000000008004b08
                0x0000000020000000                . = ALIGN (0x4)
                0x0000000020000000                _sdata = .
 *(.data)
 .data          0x0000000020000000       0x64 c:/msys2/mingw64/bin/../lib/gcc/arm-none-eabi/10.1.0/../../../../arm-none-eabi/lib/thumb/v7e-m+fp/hard\libc_nano.a(lib_a-impure.o)
                0x0000000020000000                _impure_ptr
 *(.data*)
 .data.txBuf    0x0000000020000064       0x20 build/main.o
                0x0000000020000064                txBuf
 .data.CDC_Desc
                0x0000000020000084       0x20 build/usbd_desc.o
                0x0000000020000084                CDC_Desc
 .data.USBD_CDC_DeviceDesc
                0x00000000200000a4       0x12 build/usbd_desc.o
                0x00000000200000a4                USBD_CDC_DeviceDesc
 *fill*         0x00000000200000b6        0x2 
 .data.USBD_LangIDDesc
                0x00000000200000b8        0x4 build/usbd_desc.o
                0x00000000200000b8                USBD_LangIDDesc
 .data.USBD_StringSerial
                0x00000000200000bc       0x1a build/usbd_desc.o
                0x00000000200000bc                USBD_StringSerial
 *fill*         0x00000000200000d6        0x2 
 .data.USBD_Interface_fops_FS
                0x00000000200000d8       0x14 build/usbd_cdc_if.o
                0x00000000200000d8                USBD_Interface_fops_FS
 .data.uwTickFreq
                0x00000000200000ec        0x4 build/stm32g4xx_hal.o
                0x00000000200000ec                uwTickFreq
 .data.uwTickPrio
                0x00000000200000f0        0x4 build/stm32g4xx_hal.o
                0x00000000200000f0                uwTickPrio
 .data.SystemCoreClock
                0x00000000200000f4        0x4 build/system_stm32g4xx.o
                0x00000000200000f4                SystemCoreClock
 .data.USBD_CDC
                0x00000000200000f8       0x38 build/usbd_cdc.o
                0x00000000200000f8                USBD_CDC
 .data.USBD_CDC_CfgFSDesc
                0x0000000020000130       0x43 build/usbd_cdc.o
 *fill*         0x0000000020000173        0x1 
 .data.USBD_CDC_CfgHSDesc
                0x0000000020000174       0x43 build/usbd_cdc.o
 *fill*         0x00000000200001b7        0x1 
 .data.USBD_CDC_DeviceQualifierDesc
                0x00000000200001b8        0xa build/usbd_cdc.o
 *fill*         0x00000000200001c2        0x2 
 .data.USBD_CDC_OtherSpeedCfgDesc
                0x00000000200001c4       0x43 build/usbd_cdc.o
 .data.displayMode
                0x0000000020000207        0x1 build/Lcd.o
                0x0000000020000207                displayMode
                0x0000000020000208                . = ALIGN (0x4)
                0x0000000020000208                _edata = .

.igot.plt       0x0000000020000208        0x0 load address 0x0000000008004d10
 .igot.plt      0x0000000020000208        0x0 c:/msys2/mingw64/bin/../lib/gcc/arm-none-eabi/10.1.0/thumb/v7e-m+fp/hard/crtbegin.o
                0x0000000020000208                . = ALIGN (0x4)

.bss            0x0000000020000208     0x1230 load address 0x0000000008004d10
                0x0000000020000208                _sbss = .
                0x0000000020000208                __bss_start__ = _sbss
 *(.bss)
 .bss           0x0000000020000208        0x8 c:/msys2/mingw64/bin/../lib/gcc/arm-none-eabi/10.1.0/../../../../arm-none-eabi/lib/thumb/v7e-m+fp/hard\libc_nano.a(lib_a-nano-mallocr.o)
                0x0000000020000208                __malloc_free_list
                0x000000002000020c                __malloc_sbrk_start
 .bss           0x0000000020000210        0x4 c:/msys2/mingw64/bin/../lib/gcc/arm-none-eabi/10.1.0/../../../../arm-none-eabi/lib/thumb/v7e-m+fp/hard\libnosys.a(sbrk.o)
 *(.bss*)
 .bss.completed.1
                0x0000000020000214        0x1 c:/msys2/mingw64/bin/../lib/gcc/arm-none-eabi/10.1.0/thumb/v7e-m+fp/hard/crtbegin.o
 *fill*         0x0000000020000215        0x3 
 .bss.object.0  0x0000000020000218       0x18 c:/msys2/mingw64/bin/../lib/gcc/arm-none-eabi/10.1.0/thumb/v7e-m+fp/hard/crtbegin.o
 .bss.rxBuf     0x0000000020000230       0x20 build/main.o
                0x0000000020000230                rxBuf
 .bss.usbHandler
                0x0000000020000250        0x4 build/main.o
                0x0000000020000250                usbHandler
 .bss.hpcd_USB_FS
                0x0000000020000254      0x2f4 build/usbd_conf.o
                0x0000000020000254                hpcd_USB_FS
 .bss.mem.0     0x0000000020000548      0x220 build/usbd_conf.o
 .bss.hUsbDeviceFS
                0x0000000020000768      0x2d0 build/usb_device.o
                0x0000000020000768                hUsbDeviceFS
 .bss.USBD_StrDesc
                0x0000000020000a38      0x200 build/usbd_desc.o
                0x0000000020000a38                USBD_StrDesc
 .bss.UserRxBufferFS
                0x0000000020000c38      0x3e8 build/usbd_cdc_if.o
                0x0000000020000c38                UserRxBufferFS
 .bss.UserTxBufferFS
                0x0000000020001020      0x3e8 build/usbd_cdc_if.o
                0x0000000020001020                UserTxBufferFS
 .bss.uwTick    0x0000000020001408        0x4 build/stm32g4xx_hal.o
                0x0000000020001408                uwTick
 .bss.cfgidx.0  0x000000002000140c        0x1 build/usbd_ctlreq.o
 *(COMMON)
 *fill*         0x000000002000140d        0x3 
 COMMON         0x0000000020001410       0x21 c:/msys2/mingw64/bin/../lib/gcc/arm-none-eabi/10.1.0/../../../../arm-none-eabi/lib/thumb/v7e-m+fp/hard\libc_nano.a(lib_a-lock.o)
                0x0000000020001410                __lock___atexit_recursive_mutex
                0x0000000020001414                __lock___arc4random_mutex
                0x0000000020001418                __lock___env_recursive_mutex
                0x000000002000141c                __lock___sinit_recursive_mutex
                0x0000000020001420                __lock___malloc_recursive_mutex
                0x0000000020001424                __lock___at_quick_exit_mutex
                0x0000000020001428                __lock___dd_hash_mutex
                0x000000002000142c                __lock___tz_mutex
                0x0000000020001430                __lock___sfp_recursive_mutex
 *fill*         0x0000000020001431        0x3 
 COMMON         0x0000000020001434        0x4 c:/msys2/mingw64/bin/../lib/gcc/arm-none-eabi/10.1.0/../../../../arm-none-eabi/lib/thumb/v7e-m+fp/hard\libc_nano.a(lib_a-reent.o)
                0x0000000020001434                errno
                0x0000000020001438                . = ALIGN (0x4)
                0x0000000020001438                _ebss = .
                0x0000000020001438                __bss_end__ = _ebss

._user_heap_stack
                0x0000000020001438      0x600 load address 0x0000000008004d10
                0x0000000020001438                . = ALIGN (0x8)
                0x0000000020001438                PROVIDE (end = .)
                [!provide]                        PROVIDE (_end = .)
                0x0000000020001638                . = (. + _Min_Heap_Size)
 *fill*         0x0000000020001438      0x200 
                0x0000000020001a38                . = (. + _Min_Stack_Size)
 *fill*         0x0000000020001638      0x400 
                0x0000000020001a38                . = ALIGN (0x8)

/DISCARD/
 libc.a(*)
 libm.a(*)
 libgcc.a(*)

.ARM.attributes
                0x0000000000000000       0x30
 *(.ARM.attributes)
 .ARM.attributes
                0x0000000000000000       0x1e c:/msys2/mingw64/bin/../lib/gcc/arm-none-eabi/10.1.0/thumb/v7e-m+fp/hard/crti.o
 .ARM.attributes
                0x000000000000001e       0x34 c:/msys2/mingw64/bin/../lib/gcc/arm-none-eabi/10.1.0/thumb/v7e-m+fp/hard/crtbegin.o
 .ARM.attributes
                0x0000000000000052       0x34 build/main.o
 .ARM.attributes
                0x0000000000000086       0x34 build/stm32g4xx_it.o
 .ARM.attributes
                0x00000000000000ba       0x34 build/stm32g4xx_hal_msp.o
 .ARM.attributes
                0x00000000000000ee       0x34 build/usbd_conf.o
 .ARM.attributes
                0x0000000000000122       0x34 build/usb_device.o
 .ARM.attributes
                0x0000000000000156       0x34 build/usbd_desc.o
 .ARM.attributes
                0x000000000000018a       0x34 build/usbd_cdc_if.o
 .ARM.attributes
                0x00000000000001be       0x34 build/stm32g4xx_hal_pcd.o
 .ARM.attributes
                0x00000000000001f2       0x34 build/stm32g4xx_hal_pcd_ex.o
 .ARM.attributes
                0x0000000000000226       0x34 build/stm32g4xx_ll_usb.o
 .ARM.attributes
                0x000000000000025a       0x34 build/stm32g4xx_hal.o
 .ARM.attributes
                0x000000000000028e       0x34 build/stm32g4xx_hal_pwr_ex.o
 .ARM.attributes
                0x00000000000002c2       0x34 build/stm32g4xx_hal_cortex.o
 .ARM.attributes
                0x00000000000002f6       0x34 build/system_stm32g4xx.o
 .ARM.attributes
                0x000000000000032a       0x34 build/usbd_core.o
 .ARM.attributes
                0x000000000000035e       0x34 build/usbd_ctlreq.o
 .ARM.attributes
                0x0000000000000392       0x34 build/usbd_ioreq.o
 .ARM.attributes
                0x00000000000003c6       0x34 build/usbd_cdc.o
 .ARM.attributes
                0x00000000000003fa       0x34 build/Lcd.o
 .ARM.attributes
                0x000000000000042e       0x21 build/startup_stm32g441xx.o
 .ARM.attributes
                0x000000000000044f       0x32 c:/msys2/mingw64/bin/../lib/gcc/arm-none-eabi/10.1.0/../../../../arm-none-eabi/lib/thumb/v7e-m+fp/hard\libc_nano.a(lib_a-impure.o)
 .ARM.attributes
                0x0000000000000481       0x34 c:/msys2/mingw64/bin/../lib/gcc/arm-none-eabi/10.1.0/../../../../arm-none-eabi/lib/thumb/v7e-m+fp/hard\libc_nano.a(lib_a-init.o)
 .ARM.attributes
                0x00000000000004b5       0x34 c:/msys2/mingw64/bin/../lib/gcc/arm-none-eabi/10.1.0/../../../../arm-none-eabi/lib/thumb/v7e-m+fp/hard\libc_nano.a(lib_a-vsnprintf.o)
 .ARM.attributes
                0x00000000000004e9       0x34 c:/msys2/mingw64/bin/../lib/gcc/arm-none-eabi/10.1.0/../../../../arm-none-eabi/lib/thumb/v7e-m+fp/hard\libc_nano.a(lib_a-lock.o)
 .ARM.attributes
                0x000000000000051d       0x34 c:/msys2/mingw64/bin/../lib/gcc/arm-none-eabi/10.1.0/../../../../arm-none-eabi/lib/thumb/v7e-m+fp/hard\libc_nano.a(lib_a-nano-svfprintf.o)
 .ARM.attributes
                0x0000000000000551       0x34 c:/msys2/mingw64/bin/../lib/gcc/arm-none-eabi/10.1.0/../../../../arm-none-eabi/lib/thumb/v7e-m+fp/hard\libc_nano.a(lib_a-nano-vfprintf_i.o)
 .ARM.attributes
                0x0000000000000585       0x1c c:/msys2/mingw64/bin/../lib/gcc/arm-none-eabi/10.1.0/../../../../arm-none-eabi/lib/thumb/v7e-m+fp/hard\libc_nano.a(lib_a-memchr.o)
 .ARM.attributes
                0x00000000000005a1       0x1c c:/msys2/mingw64/bin/../lib/gcc/arm-none-eabi/10.1.0/../../../../arm-none-eabi/lib/thumb/v7e-m+fp/hard\libc_nano.a(lib_a-memcpy.o)
 .ARM.attributes
                0x00000000000005bd       0x34 c:/msys2/mingw64/bin/../lib/gcc/arm-none-eabi/10.1.0/../../../../arm-none-eabi/lib/thumb/v7e-m+fp/hard\libc_nano.a(lib_a-memmove.o)
 .ARM.attributes
                0x00000000000005f1       0x34 c:/msys2/mingw64/bin/../lib/gcc/arm-none-eabi/10.1.0/../../../../arm-none-eabi/lib/thumb/v7e-m+fp/hard\libc_nano.a(lib_a-nano-freer.o)
 .ARM.attributes
                0x0000000000000625       0x34 c:/msys2/mingw64/bin/../lib/gcc/arm-none-eabi/10.1.0/../../../../arm-none-eabi/lib/thumb/v7e-m+fp/hard\libc_nano.a(lib_a-nano-mallocr.o)
 .ARM.attributes
                0x0000000000000659       0x34 c:/msys2/mingw64/bin/../lib/gcc/arm-none-eabi/10.1.0/../../../../arm-none-eabi/lib/thumb/v7e-m+fp/hard\libc_nano.a(lib_a-nano-reallocr.o)
 .ARM.attributes
                0x000000000000068d       0x34 c:/msys2/mingw64/bin/../lib/gcc/arm-none-eabi/10.1.0/../../../../arm-none-eabi/lib/thumb/v7e-m+fp/hard\libc_nano.a(lib_a-sbrkr.o)
 .ARM.attributes
                0x00000000000006c1       0x34 c:/msys2/mingw64/bin/../lib/gcc/arm-none-eabi/10.1.0/../../../../arm-none-eabi/lib/thumb/v7e-m+fp/hard\libc_nano.a(lib_a-mlock.o)
 .ARM.attributes
                0x00000000000006f5       0x34 c:/msys2/mingw64/bin/../lib/gcc/arm-none-eabi/10.1.0/../../../../arm-none-eabi/lib/thumb/v7e-m+fp/hard\libc_nano.a(lib_a-nano-msizer.o)
 .ARM.attributes
                0x0000000000000729       0x34 c:/msys2/mingw64/bin/../lib/gcc/arm-none-eabi/10.1.0/../../../../arm-none-eabi/lib/thumb/v7e-m+fp/hard\libc_nano.a(lib_a-reent.o)
 .ARM.attributes
                0x000000000000075d       0x34 c:/msys2/mingw64/bin/../lib/gcc/arm-none-eabi/10.1.0/../../../../arm-none-eabi/lib/thumb/v7e-m+fp/hard\libnosys.a(sbrk.o)
 .ARM.attributes
                0x0000000000000791       0x1e c:/msys2/mingw64/bin/../lib/gcc/arm-none-eabi/10.1.0/thumb/v7e-m+fp/hard/crtn.o
OUTPUT(build/USBTest.elf elf32-littlearm)
LOAD linker stubs
LOAD c:/msys2/mingw64/bin/../lib/gcc/arm-none-eabi/10.1.0/../../../../arm-none-eabi/lib/thumb/v7e-m+fp/hard\libc.a
LOAD c:/msys2/mingw64/bin/../lib/gcc/arm-none-eabi/10.1.0/../../../../arm-none-eabi/lib/thumb/v7e-m+fp/hard\libm.a
LOAD c:/msys2/mingw64/bin/../lib/gcc/arm-none-eabi/10.1.0/thumb/v7e-m+fp/hard\libgcc.a

.debug_info     0x0000000000000000    0x11ed6
 .debug_info    0x0000000000000000     0x12d5 build/main.o
 .debug_info    0x00000000000012d5      0x772 build/stm32g4xx_it.o
 .debug_info    0x0000000000001a47      0x3a1 build/stm32g4xx_hal_msp.o
 .debug_info    0x0000000000001de8     0x216c build/usbd_conf.o
 .debug_info    0x0000000000003f54      0x87c build/usb_device.o
 .debug_info    0x00000000000047d0      0x648 build/usbd_desc.o
 .debug_info    0x0000000000004e18      0xa8c build/usbd_cdc_if.o
 .debug_info    0x00000000000058a4     0x1b56 build/stm32g4xx_hal_pcd.o
 .debug_info    0x00000000000073fa      0xaa3 build/stm32g4xx_hal_pcd_ex.o
 .debug_info    0x0000000000007e9d     0x1bb0 build/stm32g4xx_ll_usb.o
 .debug_info    0x0000000000009a4d      0xc9b build/stm32g4xx_hal.o
 .debug_info    0x000000000000a6e8      0xb20 build/stm32g4xx_hal_pwr_ex.o
 .debug_info    0x000000000000b208     0x1123 build/stm32g4xx_hal_cortex.o
 .debug_info    0x000000000000c32b      0x649 build/system_stm32g4xx.o
 .debug_info    0x000000000000c974      0xf3f build/usbd_core.o
 .debug_info    0x000000000000d8b3     0x13ec build/usbd_ctlreq.o
 .debug_info    0x000000000000ec9f      0x923 build/usbd_ioreq.o
 .debug_info    0x000000000000f5c2     0x15db build/usbd_cdc.o
 .debug_info    0x0000000000010b9d     0x1317 build/Lcd.o
 .debug_info    0x0000000000011eb4       0x22 build/startup_stm32g441xx.o

.debug_abbrev   0x0000000000000000     0x2cb3
 .debug_abbrev  0x0000000000000000      0x22c build/main.o
 .debug_abbrev  0x000000000000022c      0x168 build/stm32g4xx_it.o
 .debug_abbrev  0x0000000000000394       0xd9 build/stm32g4xx_hal_msp.o
 .debug_abbrev  0x000000000000046d      0x313 build/usbd_conf.o
 .debug_abbrev  0x0000000000000780      0x1af build/usb_device.o
 .debug_abbrev  0x000000000000092f      0x22e build/usbd_desc.o
 .debug_abbrev  0x0000000000000b5d      0x2f3 build/usbd_cdc_if.o
 .debug_abbrev  0x0000000000000e50      0x2c5 build/stm32g4xx_hal_pcd.o
 .debug_abbrev  0x0000000000001115      0x23d build/stm32g4xx_hal_pcd_ex.o
 .debug_abbrev  0x0000000000001352      0x2ed build/stm32g4xx_ll_usb.o
 .debug_abbrev  0x000000000000163f      0x249 build/stm32g4xx_hal.o
 .debug_abbrev  0x0000000000001888      0x264 build/stm32g4xx_hal_pwr_ex.o
 .debug_abbrev  0x0000000000001aec      0x379 build/stm32g4xx_hal_cortex.o
 .debug_abbrev  0x0000000000001e65      0x11b build/system_stm32g4xx.o
 .debug_abbrev  0x0000000000001f80      0x27e build/usbd_core.o
 .debug_abbrev  0x00000000000021fe      0x369 build/usbd_ctlreq.o
 .debug_abbrev  0x0000000000002567      0x187 build/usbd_ioreq.o
 .debug_abbrev  0x00000000000026ee      0x2ea build/usbd_cdc.o
 .debug_abbrev  0x00000000000029d8      0x2c9 build/Lcd.o
 .debug_abbrev  0x0000000000002ca1       0x12 build/startup_stm32g441xx.o

.debug_loc      0x0000000000000000     0xa135
 .debug_loc     0x0000000000000000      0x1ac build/main.o
 .debug_loc     0x00000000000001ac       0x40 build/stm32g4xx_it.o
 .debug_loc     0x00000000000001ec       0x38 build/stm32g4xx_hal_msp.o
 .debug_loc     0x0000000000000224      0xff0 build/usbd_conf.o
 .debug_loc     0x0000000000001214       0x64 build/usb_device.o
 .debug_loc     0x0000000000001278      0x47b build/usbd_desc.o
 .debug_loc     0x00000000000016f3      0x1d9 build/usbd_cdc_if.o
 .debug_loc     0x00000000000018cc     0x1657 build/stm32g4xx_hal_pcd.o
 .debug_loc     0x0000000000002f23      0x2a2 build/stm32g4xx_hal_pcd_ex.o
 .debug_loc     0x00000000000031c5     0x1bfd build/stm32g4xx_ll_usb.o
 .debug_loc     0x0000000000004dc2      0x2af build/stm32g4xx_hal.o
 .debug_loc     0x0000000000005071      0xa26 build/stm32g4xx_hal_pwr_ex.o
 .debug_loc     0x0000000000005a97      0x796 build/stm32g4xx_hal_cortex.o
 .debug_loc     0x000000000000622d       0x9d build/system_stm32g4xx.o
 .debug_loc     0x00000000000062ca      0xdea build/usbd_core.o
 .debug_loc     0x00000000000070b4     0x18f8 build/usbd_ctlreq.o
 .debug_loc     0x00000000000089ac      0x398 build/usbd_ioreq.o
 .debug_loc     0x0000000000008d44      0xb08 build/usbd_cdc.o
 .debug_loc     0x000000000000984c      0x8e9 build/Lcd.o

.debug_aranges  0x0000000000000000      0xbc8
 .debug_aranges
                0x0000000000000000       0x50 build/main.o
 .debug_aranges
                0x0000000000000050       0x68 build/stm32g4xx_it.o
 .debug_aranges
                0x00000000000000b8       0x20 build/stm32g4xx_hal_msp.o
 .debug_aranges
                0x00000000000000d8      0x120 build/usbd_conf.o
 .debug_aranges
                0x00000000000001f8       0x20 build/usb_device.o
 .debug_aranges
                0x0000000000000218       0x60 build/usbd_desc.o
 .debug_aranges
                0x0000000000000278       0x48 build/usbd_cdc_if.o
 .debug_aranges
                0x00000000000002c0      0x130 build/stm32g4xx_hal_pcd.o
 .debug_aranges
                0x00000000000003f0       0x58 build/stm32g4xx_hal_pcd_ex.o
 .debug_aranges
                0x0000000000000448       0xb0 build/stm32g4xx_ll_usb.o
 .debug_aranges
                0x00000000000004f8      0x130 build/stm32g4xx_hal.o
 .debug_aranges
                0x0000000000000628      0x140 build/stm32g4xx_hal_pwr_ex.o
 .debug_aranges
                0x0000000000000768       0xa8 build/stm32g4xx_hal_cortex.o
 .debug_aranges
                0x0000000000000810       0x28 build/system_stm32g4xx.o
 .debug_aranges
                0x0000000000000838       0xb8 build/usbd_core.o
 .debug_aranges
                0x00000000000008f0       0x88 build/usbd_ctlreq.o
 .debug_aranges
                0x0000000000000978       0x50 build/usbd_ioreq.o
 .debug_aranges
                0x00000000000009c8       0x90 build/usbd_cdc.o
 .debug_aranges
                0x0000000000000a58      0x148 build/Lcd.o
 .debug_aranges
                0x0000000000000ba0       0x28 build/startup_stm32g441xx.o

.debug_ranges   0x0000000000000000      0xec0
 .debug_ranges  0x0000000000000000       0x70 build/main.o
 .debug_ranges  0x0000000000000070       0x58 build/stm32g4xx_it.o
 .debug_ranges  0x00000000000000c8       0x10 build/stm32g4xx_hal_msp.o
 .debug_ranges  0x00000000000000d8      0x110 build/usbd_conf.o
 .debug_ranges  0x00000000000001e8       0x10 build/usb_device.o
 .debug_ranges  0x00000000000001f8       0x50 build/usbd_desc.o
 .debug_ranges  0x0000000000000248       0x38 build/usbd_cdc_if.o
 .debug_ranges  0x0000000000000280      0x200 build/stm32g4xx_hal_pcd.o
 .debug_ranges  0x0000000000000480       0x48 build/stm32g4xx_hal_pcd_ex.o
 .debug_ranges  0x00000000000004c8      0x360 build/stm32g4xx_ll_usb.o
 .debug_ranges  0x0000000000000828      0x120 build/stm32g4xx_hal.o
 .debug_ranges  0x0000000000000948      0x130 build/stm32g4xx_hal_pwr_ex.o
 .debug_ranges  0x0000000000000a78       0xf8 build/stm32g4xx_hal_cortex.o
 .debug_ranges  0x0000000000000b70       0x18 build/system_stm32g4xx.o
 .debug_ranges  0x0000000000000b88       0xa8 build/usbd_core.o
 .debug_ranges  0x0000000000000c30       0x78 build/usbd_ctlreq.o
 .debug_ranges  0x0000000000000ca8       0x40 build/usbd_ioreq.o
 .debug_ranges  0x0000000000000ce8       0x80 build/usbd_cdc.o
 .debug_ranges  0x0000000000000d68      0x138 build/Lcd.o
 .debug_ranges  0x0000000000000ea0       0x20 build/startup_stm32g441xx.o

.debug_line     0x0000000000000000     0x8e5a
 .debug_line    0x0000000000000000      0x55e build/main.o
 .debug_line    0x000000000000055e      0x28a build/stm32g4xx_it.o
 .debug_line    0x00000000000007e8      0x153 build/stm32g4xx_hal_msp.o
 .debug_line    0x000000000000093b      0x7d0 build/usbd_conf.o
 .debug_line    0x000000000000110b      0x1be build/usb_device.o
 .debug_line    0x00000000000012c9      0x319 build/usbd_desc.o
 .debug_line    0x00000000000015e2      0x295 build/usbd_cdc_if.o
 .debug_line    0x0000000000001877     0x1717 build/stm32g4xx_hal_pcd.o
 .debug_line    0x0000000000002f8e      0x3de build/stm32g4xx_hal_pcd_ex.o
 .debug_line    0x000000000000336c     0x1966 build/stm32g4xx_ll_usb.o
 .debug_line    0x0000000000004cd2      0x63a build/stm32g4xx_hal.o
 .debug_line    0x000000000000530c      0xa2c build/stm32g4xx_hal_pwr_ex.o
 .debug_line    0x0000000000005d38      0x71a build/stm32g4xx_hal_cortex.o
 .debug_line    0x0000000000006452      0x1f9 build/system_stm32g4xx.o
 .debug_line    0x000000000000664b      0x81a build/usbd_core.o
 .debug_line    0x0000000000006e65      0xc82 build/usbd_ctlreq.o
 .debug_line    0x0000000000007ae7      0x266 build/usbd_ioreq.o
 .debug_line    0x0000000000007d4d      0x831 build/usbd_cdc.o
 .debug_line    0x000000000000857e      0x865 build/Lcd.o
 .debug_line    0x0000000000008de3       0x77 build/startup_stm32g441xx.o

.debug_str      0x0000000000000000     0x3546
 .debug_str     0x0000000000000000      0x8b6 build/main.o
                                        0x9a2 (size before relaxing)
 .debug_str     0x00000000000008b6      0x3e3 build/stm32g4xx_it.o
                                        0x5f7 (size before relaxing)
 .debug_str     0x0000000000000c99       0x51 build/stm32g4xx_hal_msp.o
                                        0x301 (size before relaxing)
 .debug_str     0x0000000000000cea      0xa75 build/usbd_conf.o
                                       0x1483 (size before relaxing)
 .debug_str     0x000000000000175f       0xf7 build/usb_device.o
                                        0x6a6 (size before relaxing)
 .debug_str     0x0000000000001856      0x184 build/usbd_desc.o
                                        0x447 (size before relaxing)
 .debug_str     0x00000000000019da      0x10f build/usbd_cdc_if.o
                                        0x756 (size before relaxing)
 .debug_str     0x0000000000001ae9      0x28f build/stm32g4xx_hal_pcd.o
                                        0xa82 (size before relaxing)
 .debug_str     0x0000000000001d78      0x185 build/stm32g4xx_hal_pcd_ex.o
                                        0x75e (size before relaxing)
 .debug_str     0x0000000000001efd       0xd5 build/stm32g4xx_ll_usb.o
                                        0x62f (size before relaxing)
 .debug_str     0x0000000000001fd2      0x455 build/stm32g4xx_hal.o
                                        0xc17 (size before relaxing)
 .debug_str     0x0000000000002427      0x4e6 build/stm32g4xx_hal_pwr_ex.o
                                        0x7b5 (size before relaxing)
 .debug_str     0x000000000000290d      0x43a build/stm32g4xx_hal_cortex.o
                                        0xb66 (size before relaxing)
 .debug_str     0x0000000000002d47       0x74 build/system_stm32g4xx.o
                                        0x39a (size before relaxing)
 .debug_str     0x0000000000002dbb      0x145 build/usbd_core.o
                                        0x84d (size before relaxing)
 .debug_str     0x0000000000002f00      0x109 build/usbd_ctlreq.o
                                        0x79f (size before relaxing)
 .debug_str     0x0000000000003009       0x60 build/usbd_ioreq.o
                                        0x694 (size before relaxing)
 .debug_str     0x0000000000003069      0x189 build/usbd_cdc.o
                                        0xc85 (size before relaxing)
 .debug_str     0x00000000000031f2      0x332 build/Lcd.o
                                        0x6aa (size before relaxing)
 .debug_str     0x0000000000003524       0x22 build/startup_stm32g441xx.o
                                         0x4a (size before relaxing)

.comment        0x0000000000000000       0x12
 .comment       0x0000000000000000       0x12 build/main.o
                                         0x13 (size before relaxing)
 .comment       0x0000000000000012       0x13 build/stm32g4xx_it.o
 .comment       0x0000000000000012       0x13 build/stm32g4xx_hal_msp.o
 .comment       0x0000000000000012       0x13 build/usbd_conf.o
 .comment       0x0000000000000012       0x13 build/usb_device.o
 .comment       0x0000000000000012       0x13 build/usbd_desc.o
 .comment       0x0000000000000012       0x13 build/usbd_cdc_if.o
 .comment       0x0000000000000012       0x13 build/stm32g4xx_hal_pcd.o
 .comment       0x0000000000000012       0x13 build/stm32g4xx_hal_pcd_ex.o
 .comment       0x0000000000000012       0x13 build/stm32g4xx_ll_usb.o
 .comment       0x0000000000000012       0x13 build/stm32g4xx_hal.o
 .comment       0x0000000000000012       0x13 build/stm32g4xx_hal_pwr_ex.o
 .comment       0x0000000000000012       0x13 build/stm32g4xx_hal_cortex.o
 .comment       0x0000000000000012       0x13 build/system_stm32g4xx.o
 .comment       0x0000000000000012       0x13 build/usbd_core.o
 .comment       0x0000000000000012       0x13 build/usbd_ctlreq.o
 .comment       0x0000000000000012       0x13 build/usbd_ioreq.o
 .comment       0x0000000000000012       0x13 build/usbd_cdc.o
 .comment       0x0000000000000012       0x13 build/Lcd.o

.debug_frame    0x0000000000000000     0x1f30
 .debug_frame   0x0000000000000000       0x88 build/main.o
 .debug_frame   0x0000000000000088       0xc0 build/stm32g4xx_it.o
 .debug_frame   0x0000000000000148       0x2c build/stm32g4xx_hal_msp.o
 .debug_frame   0x0000000000000174      0x30c build/usbd_conf.o
 .debug_frame   0x0000000000000480       0x2c build/usb_device.o
 .debug_frame   0x00000000000004ac       0xe0 build/usbd_desc.o
 .debug_frame   0x000000000000058c       0x8c build/usbd_cdc_if.o
 .debug_frame   0x0000000000000618      0x32c build/stm32g4xx_hal_pcd.o
 .debug_frame   0x0000000000000944       0x9c build/stm32g4xx_hal_pcd_ex.o
 .debug_frame   0x00000000000009e0      0x17c build/stm32g4xx_ll_usb.o
 .debug_frame   0x0000000000000b5c      0x274 build/stm32g4xx_hal.o
 .debug_frame   0x0000000000000dd0      0x268 build/stm32g4xx_hal_pwr_ex.o
 .debug_frame   0x0000000000001038      0x148 build/stm32g4xx_hal_cortex.o
 .debug_frame   0x0000000000001180       0x30 build/system_stm32g4xx.o
 .debug_frame   0x00000000000011b0      0x210 build/usbd_core.o
 .debug_frame   0x00000000000013c0      0x180 build/usbd_ctlreq.o
 .debug_frame   0x0000000000001540       0xb8 build/usbd_ioreq.o
 .debug_frame   0x00000000000015f8      0x160 build/usbd_cdc.o
 .debug_frame   0x0000000000001758      0x398 build/Lcd.o
 .debug_frame   0x0000000000001af0       0x2c c:/msys2/mingw64/bin/../lib/gcc/arm-none-eabi/10.1.0/../../../../arm-none-eabi/lib/thumb/v7e-m+fp/hard\libc_nano.a(lib_a-init.o)
 .debug_frame   0x0000000000001b1c       0x5c c:/msys2/mingw64/bin/../lib/gcc/arm-none-eabi/10.1.0/../../../../arm-none-eabi/lib/thumb/v7e-m+fp/hard\libc_nano.a(lib_a-vsnprintf.o)
 .debug_frame   0x0000000000001b78       0xb0 c:/msys2/mingw64/bin/../lib/gcc/arm-none-eabi/10.1.0/../../../../arm-none-eabi/lib/thumb/v7e-m+fp/hard\libc_nano.a(lib_a-lock.o)
 .debug_frame   0x0000000000001c28       0x98 c:/msys2/mingw64/bin/../lib/gcc/arm-none-eabi/10.1.0/../../../../arm-none-eabi/lib/thumb/v7e-m+fp/hard\libc_nano.a(lib_a-nano-svfprintf.o)
 .debug_frame   0x0000000000001cc0       0x68 c:/msys2/mingw64/bin/../lib/gcc/arm-none-eabi/10.1.0/../../../../arm-none-eabi/lib/thumb/v7e-m+fp/hard\libc_nano.a(lib_a-nano-vfprintf_i.o)
 .debug_frame   0x0000000000001d28       0x40 c:/msys2/mingw64/bin/../lib/gcc/arm-none-eabi/10.1.0/../../../../arm-none-eabi/lib/thumb/v7e-m+fp/hard\libc_nano.a(lib_a-memmove.o)
 .debug_frame   0x0000000000001d68       0x58 c:/msys2/mingw64/bin/../lib/gcc/arm-none-eabi/10.1.0/../../../../arm-none-eabi/lib/thumb/v7e-m+fp/hard\libc_nano.a(lib_a-nano-freer.o)
 .debug_frame   0x0000000000001dc0       0x30 c:/msys2/mingw64/bin/../lib/gcc/arm-none-eabi/10.1.0/../../../../arm-none-eabi/lib/thumb/v7e-m+fp/hard\libc_nano.a(lib_a-nano-mallocr.o)
 .debug_frame   0x0000000000001df0       0x38 c:/msys2/mingw64/bin/../lib/gcc/arm-none-eabi/10.1.0/../../../../arm-none-eabi/lib/thumb/v7e-m+fp/hard\libc_nano.a(lib_a-nano-reallocr.o)
 .debug_frame   0x0000000000001e28       0x2c c:/msys2/mingw64/bin/../lib/gcc/arm-none-eabi/10.1.0/../../../../arm-none-eabi/lib/thumb/v7e-m+fp/hard\libc_nano.a(lib_a-sbrkr.o)
 .debug_frame   0x0000000000001e54       0x30 c:/msys2/mingw64/bin/../lib/gcc/arm-none-eabi/10.1.0/../../../../arm-none-eabi/lib/thumb/v7e-m+fp/hard\libc_nano.a(lib_a-mlock.o)
 .debug_frame   0x0000000000001e84       0x20 c:/msys2/mingw64/bin/../lib/gcc/arm-none-eabi/10.1.0/../../../../arm-none-eabi/lib/thumb/v7e-m+fp/hard\libc_nano.a(lib_a-nano-msizer.o)
 .debug_frame   0x0000000000001ea4       0x6c c:/msys2/mingw64/bin/../lib/gcc/arm-none-eabi/10.1.0/../../../../arm-none-eabi/lib/thumb/v7e-m+fp/hard\libc_nano.a(lib_a-reent.o)
 .debug_frame   0x0000000000001f10       0x20 c:/msys2/mingw64/bin/../lib/gcc/arm-none-eabi/10.1.0/../../../../arm-none-eabi/lib/thumb/v7e-m+fp/hard\libnosys.a(sbrk.o)

Cross Reference Table

Symbol                                            File
ADC1_2_IRQHandler                                 build/startup_stm32g441xx.o
AES_IRQHandler                                    build/startup_stm32g441xx.o
AHBPrescTable                                     build/system_stm32g4xx.o
                                                  build/stm32g4xx_hal_rcc.o
APBPrescTable                                     build/system_stm32g4xx.o
                                                  build/stm32g4xx_hal_rcc.o
BusFault_Handler                                  build/stm32g4xx_it.o
CDC_Desc                                          build/usbd_desc.o
                                                  build/usb_device.o
CDC_Transmit_FS                                   build/usbd_cdc_if.o
                                                  build/main.o
COMP1_2_3_IRQHandler                              build/startup_stm32g441xx.o
COMP4_IRQHandler                                  build/startup_stm32g441xx.o
CORDIC_IRQHandler                                 build/startup_stm32g441xx.o
CRS_IRQHandler                                    build/startup_stm32g441xx.o
DMA1_Channel1_IRQHandler                          build/startup_stm32g441xx.o
DMA1_Channel2_IRQHandler                          build/startup_stm32g441xx.o
DMA1_Channel3_IRQHandler                          build/startup_stm32g441xx.o
DMA1_Channel4_IRQHandler                          build/startup_stm32g441xx.o
DMA1_Channel5_IRQHandler                          build/startup_stm32g441xx.o
DMA1_Channel6_IRQHandler                          build/startup_stm32g441xx.o
DMA2_Channel1_IRQHandler                          build/startup_stm32g441xx.o
DMA2_Channel2_IRQHandler                          build/startup_stm32g441xx.o
DMA2_Channel3_IRQHandler                          build/startup_stm32g441xx.o
DMA2_Channel4_IRQHandler                          build/startup_stm32g441xx.o
DMA2_Channel5_IRQHandler                          build/startup_stm32g441xx.o
DMA2_Channel6_IRQHandler                          build/startup_stm32g441xx.o
DMAMUX_OVR_IRQHandler                             build/startup_stm32g441xx.o
DWT_Delay_Init                                    build/Lcd.o
DWT_Delay_ms                                      build/Lcd.o
DWT_Delay_us                                      build/Lcd.o
DebugMon_Handler                                  build/stm32g4xx_it.o
Default_Handler                                   build/startup_stm32g441xx.o
EXTI0_IRQHandler                                  build/startup_stm32g441xx.o
EXTI15_10_IRQHandler                              build/startup_stm32g441xx.o
EXTI1_IRQHandler                                  build/startup_stm32g441xx.o
EXTI2_IRQHandler                                  build/startup_stm32g441xx.o
EXTI3_IRQHandler                                  build/startup_stm32g441xx.o
EXTI4_IRQHandler                                  build/startup_stm32g441xx.o
EXTI9_5_IRQHandler                                build/startup_stm32g441xx.o
Error_Handler                                     build/main.o
                                                  build/usb_device.o
                                                  build/usbd_conf.o
FDCAN1_IT0_IRQHandler                             build/startup_stm32g441xx.o
FDCAN1_IT1_IRQHandler                             build/startup_stm32g441xx.o
FLASH_FlushCaches                                 build/stm32g4xx_hal_flash_ex.o
                                                  build/stm32g4xx_hal_flash.o
FLASH_IRQHandler                                  build/startup_stm32g441xx.o
FLASH_PageErase                                   build/stm32g4xx_hal_flash_ex.o
                                                  build/stm32g4xx_hal_flash.o
FLASH_WaitForLastOperation                        build/stm32g4xx_hal_flash.o
                                                  build/stm32g4xx_hal_flash_ex.o
FMAC_IRQHandler                                   build/startup_stm32g441xx.o
FPU_IRQHandler                                    build/startup_stm32g441xx.o
HAL_DBGMCU_DisableDBGSleepMode                    build/stm32g4xx_hal.o
HAL_DBGMCU_DisableDBGStandbyMode                  build/stm32g4xx_hal.o
HAL_DBGMCU_DisableDBGStopMode                     build/stm32g4xx_hal.o
HAL_DBGMCU_EnableDBGSleepMode                     build/stm32g4xx_hal.o
HAL_DBGMCU_EnableDBGStandbyMode                   build/stm32g4xx_hal.o
HAL_DBGMCU_EnableDBGStopMode                      build/stm32g4xx_hal.o
HAL_DMAEx_ConfigMuxRequestGenerator               build/stm32g4xx_hal_dma_ex.o
HAL_DMAEx_ConfigMuxSync                           build/stm32g4xx_hal_dma_ex.o
HAL_DMAEx_DisableMuxRequestGenerator              build/stm32g4xx_hal_dma_ex.o
HAL_DMAEx_EnableMuxRequestGenerator               build/stm32g4xx_hal_dma_ex.o
HAL_DMAEx_MUX_IRQHandler                          build/stm32g4xx_hal_dma_ex.o
HAL_DMA_Abort                                     build/stm32g4xx_hal_dma.o
HAL_DMA_Abort_IT                                  build/stm32g4xx_hal_dma.o
HAL_DMA_DeInit                                    build/stm32g4xx_hal_dma.o
HAL_DMA_GetError                                  build/stm32g4xx_hal_dma.o
HAL_DMA_GetState                                  build/stm32g4xx_hal_dma.o
HAL_DMA_IRQHandler                                build/stm32g4xx_hal_dma.o
HAL_DMA_Init                                      build/stm32g4xx_hal_dma.o
HAL_DMA_PollForTransfer                           build/stm32g4xx_hal_dma.o
HAL_DMA_RegisterCallback                          build/stm32g4xx_hal_dma.o
HAL_DMA_Start                                     build/stm32g4xx_hal_dma.o
HAL_DMA_Start_IT                                  build/stm32g4xx_hal_dma.o
HAL_DMA_UnRegisterCallback                        build/stm32g4xx_hal_dma.o
HAL_DeInit                                        build/stm32g4xx_hal.o
HAL_Delay                                         build/stm32g4xx_hal.o
                                                  build/stm32g4xx_hal_pcd_ex.o
                                                  build/usbd_conf.o
                                                  build/main.o
HAL_EXTI_ClearConfigLine                          build/stm32g4xx_hal_exti.o
HAL_EXTI_ClearPending                             build/stm32g4xx_hal_exti.o
HAL_EXTI_GenerateSWI                              build/stm32g4xx_hal_exti.o
HAL_EXTI_GetConfigLine                            build/stm32g4xx_hal_exti.o
HAL_EXTI_GetHandle                                build/stm32g4xx_hal_exti.o
HAL_EXTI_GetPending                               build/stm32g4xx_hal_exti.o
HAL_EXTI_IRQHandler                               build/stm32g4xx_hal_exti.o
HAL_EXTI_RegisterCallback                         build/stm32g4xx_hal_exti.o
HAL_EXTI_SetConfigLine                            build/stm32g4xx_hal_exti.o
HAL_FLASHEx_DisableDebugger                       build/stm32g4xx_hal_flash_ex.o
HAL_FLASHEx_DisableRunPowerDown                   build/stm32g4xx_hal_flash_ramfunc.o
HAL_FLASHEx_EnableDebugger                        build/stm32g4xx_hal_flash_ex.o
HAL_FLASHEx_EnableRunPowerDown                    build/stm32g4xx_hal_flash_ramfunc.o
HAL_FLASHEx_EnableSecMemProtection                build/stm32g4xx_hal_flash_ex.o
HAL_FLASHEx_Erase                                 build/stm32g4xx_hal_flash_ex.o
HAL_FLASHEx_Erase_IT                              build/stm32g4xx_hal_flash_ex.o
HAL_FLASHEx_OBGetConfig                           build/stm32g4xx_hal_flash_ex.o
HAL_FLASHEx_OBProgram                             build/stm32g4xx_hal_flash_ex.o
HAL_FLASH_EndOfOperationCallback                  build/stm32g4xx_hal_flash.o
HAL_FLASH_GetError                                build/stm32g4xx_hal_flash.o
HAL_FLASH_IRQHandler                              build/stm32g4xx_hal_flash.o
HAL_FLASH_Lock                                    build/stm32g4xx_hal_flash.o
HAL_FLASH_OB_Launch                               build/stm32g4xx_hal_flash.o
HAL_FLASH_OB_Lock                                 build/stm32g4xx_hal_flash.o
HAL_FLASH_OB_Unlock                               build/stm32g4xx_hal_flash.o
HAL_FLASH_OperationErrorCallback                  build/stm32g4xx_hal_flash.o
HAL_FLASH_Program                                 build/stm32g4xx_hal_flash.o
HAL_FLASH_Program_IT                              build/stm32g4xx_hal_flash.o
HAL_FLASH_Unlock                                  build/stm32g4xx_hal_flash.o
HAL_GPIO_DeInit                                   build/stm32g4xx_hal_gpio.o
HAL_GPIO_EXTI_Callback                            build/stm32g4xx_hal_gpio.o
HAL_GPIO_EXTI_IRQHandler                          build/stm32g4xx_hal_gpio.o
HAL_GPIO_Init                                     build/stm32g4xx_hal_gpio.o
                                                  build/stm32g4xx_hal_rcc_ex.o
                                                  build/stm32g4xx_hal_rcc.o
HAL_GPIO_LockPin                                  build/stm32g4xx_hal_gpio.o
HAL_GPIO_ReadPin                                  build/stm32g4xx_hal_gpio.o
HAL_GPIO_TogglePin                                build/stm32g4xx_hal_gpio.o
HAL_GPIO_WritePin                                 build/stm32g4xx_hal_gpio.o
HAL_GetDEVID                                      build/stm32g4xx_hal.o
HAL_GetHalVersion                                 build/stm32g4xx_hal.o
HAL_GetREVID                                      build/stm32g4xx_hal.o
HAL_GetTick                                       build/stm32g4xx_hal.o
                                                  build/stm32g4xx_hal_dma.o
                                                  build/stm32g4xx_hal_flash.o
                                                  build/stm32g4xx_hal_rcc_ex.o
                                                  build/stm32g4xx_hal_rcc.o
                                                  build/stm32g4xx_hal_pcd_ex.o
HAL_GetTickFreq                                   build/stm32g4xx_hal.o
HAL_GetTickPrio                                   build/stm32g4xx_hal.o
HAL_IncTick                                       build/stm32g4xx_hal.o
                                                  build/stm32g4xx_it.o
HAL_Init                                          build/stm32g4xx_hal.o
                                                  build/main.o
HAL_InitTick                                      build/stm32g4xx_hal.o
                                                  build/stm32g4xx_hal_rcc.o
HAL_MPU_ConfigRegion                              build/stm32g4xx_hal_cortex.o
HAL_MPU_Disable                                   build/stm32g4xx_hal_cortex.o
HAL_MPU_Enable                                    build/stm32g4xx_hal_cortex.o
HAL_MspDeInit                                     build/stm32g4xx_hal.o
HAL_MspInit                                       build/stm32g4xx_hal_msp.o
HAL_NVIC_ClearPendingIRQ                          build/stm32g4xx_hal_cortex.o
HAL_NVIC_DisableIRQ                               build/stm32g4xx_hal_cortex.o
                                                  build/usbd_conf.o
HAL_NVIC_EnableIRQ                                build/stm32g4xx_hal_cortex.o
                                                  build/usbd_conf.o
HAL_NVIC_GetActive                                build/stm32g4xx_hal_cortex.o
HAL_NVIC_GetPendingIRQ                            build/stm32g4xx_hal_cortex.o
HAL_NVIC_GetPriority                              build/stm32g4xx_hal_cortex.o
HAL_NVIC_GetPriorityGrouping                      build/stm32g4xx_hal_cortex.o
HAL_NVIC_SetPendingIRQ                            build/stm32g4xx_hal_cortex.o
HAL_NVIC_SetPriority                              build/stm32g4xx_hal_cortex.o
                                                  build/stm32g4xx_hal.o
                                                  build/usbd_conf.o
HAL_NVIC_SetPriorityGrouping                      build/stm32g4xx_hal_cortex.o
                                                  build/stm32g4xx_hal.o
HAL_NVIC_SystemReset                              build/stm32g4xx_hal_cortex.o
HAL_PCDEx_ActivateBCD                             build/stm32g4xx_hal_pcd_ex.o
HAL_PCDEx_ActivateLPM                             build/stm32g4xx_hal_pcd_ex.o
                                                  build/stm32g4xx_hal_pcd.o
HAL_PCDEx_BCD_Callback                            build/stm32g4xx_hal_pcd_ex.o
HAL_PCDEx_BCD_VBUSDetect                          build/stm32g4xx_hal_pcd_ex.o
HAL_PCDEx_DeActivateBCD                           build/stm32g4xx_hal_pcd_ex.o
HAL_PCDEx_DeActivateLPM                           build/stm32g4xx_hal_pcd_ex.o
HAL_PCDEx_LPM_Callback                            build/usbd_conf.o
                                                  build/stm32g4xx_hal_pcd.o
HAL_PCDEx_PMAConfig                               build/stm32g4xx_hal_pcd_ex.o
                                                  build/usbd_conf.o
HAL_PCD_ActivateRemoteWakeup                      build/stm32g4xx_hal_pcd.o
HAL_PCD_ConnectCallback                           build/usbd_conf.o
HAL_PCD_DataInStageCallback                       build/usbd_conf.o
HAL_PCD_DataOutStageCallback                      build/usbd_conf.o
HAL_PCD_DeActivateRemoteWakeup                    build/stm32g4xx_hal_pcd.o
HAL_PCD_DeInit                                    build/stm32g4xx_hal_pcd.o
                                                  build/usbd_conf.o
HAL_PCD_DevConnect                                build/stm32g4xx_hal_pcd.o
HAL_PCD_DevDisconnect                             build/stm32g4xx_hal_pcd.o
HAL_PCD_DisconnectCallback                        build/usbd_conf.o
HAL_PCD_EP_Close                                  build/stm32g4xx_hal_pcd.o
                                                  build/usbd_conf.o
HAL_PCD_EP_ClrStall                               build/stm32g4xx_hal_pcd.o
                                                  build/usbd_conf.o
HAL_PCD_EP_Flush                                  build/stm32g4xx_hal_pcd.o
                                                  build/usbd_conf.o
HAL_PCD_EP_GetRxCount                             build/stm32g4xx_hal_pcd.o
                                                  build/usbd_conf.o
HAL_PCD_EP_Open                                   build/stm32g4xx_hal_pcd.o
                                                  build/usbd_conf.o
HAL_PCD_EP_Receive                                build/stm32g4xx_hal_pcd.o
                                                  build/usbd_conf.o
HAL_PCD_EP_SetStall                               build/stm32g4xx_hal_pcd.o
                                                  build/usbd_conf.o
HAL_PCD_EP_Transmit                               build/stm32g4xx_hal_pcd.o
                                                  build/usbd_conf.o
HAL_PCD_GetState                                  build/stm32g4xx_hal_pcd.o
HAL_PCD_IRQHandler                                build/stm32g4xx_hal_pcd.o
                                                  build/stm32g4xx_it.o
HAL_PCD_ISOINIncompleteCallback                   build/usbd_conf.o
HAL_PCD_ISOOUTIncompleteCallback                  build/usbd_conf.o
HAL_PCD_Init                                      build/stm32g4xx_hal_pcd.o
                                                  build/usbd_conf.o
HAL_PCD_MspDeInit                                 build/usbd_conf.o
HAL_PCD_MspInit                                   build/usbd_conf.o
HAL_PCD_ResetCallback                             build/usbd_conf.o
HAL_PCD_ResumeCallback                            build/usbd_conf.o
HAL_PCD_SOFCallback                               build/usbd_conf.o
HAL_PCD_SetAddress                                build/stm32g4xx_hal_pcd.o
                                                  build/usbd_conf.o
HAL_PCD_SetupStageCallback                        build/usbd_conf.o
HAL_PCD_Start                                     build/stm32g4xx_hal_pcd.o
                                                  build/usbd_conf.o
HAL_PCD_Stop                                      build/stm32g4xx_hal_pcd.o
                                                  build/usbd_conf.o
HAL_PCD_SuspendCallback                           build/usbd_conf.o
HAL_PWREx_ConfigPVM                               build/stm32g4xx_hal_pwr_ex.o
HAL_PWREx_ControlVoltageScaling                   build/stm32g4xx_hal_pwr_ex.o
HAL_PWREx_DisableBatteryCharging                  build/stm32g4xx_hal_pwr_ex.o
HAL_PWREx_DisableGPIOPullDown                     build/stm32g4xx_hal_pwr_ex.o
HAL_PWREx_DisableGPIOPullUp                       build/stm32g4xx_hal_pwr_ex.o
HAL_PWREx_DisableInternalWakeUpLine               build/stm32g4xx_hal_pwr_ex.o
HAL_PWREx_DisableLowPowerRunMode                  build/stm32g4xx_hal_pwr_ex.o
                                                  build/stm32g4xx_hal_pwr.o
HAL_PWREx_DisablePVM1                             build/stm32g4xx_hal_pwr_ex.o
HAL_PWREx_DisablePVM2                             build/stm32g4xx_hal_pwr_ex.o
HAL_PWREx_DisablePVM3                             build/stm32g4xx_hal_pwr_ex.o
HAL_PWREx_DisablePVM4                             build/stm32g4xx_hal_pwr_ex.o
HAL_PWREx_DisablePullUpPullDownConfig             build/stm32g4xx_hal_pwr_ex.o
HAL_PWREx_DisableSRAM2ContentRetention            build/stm32g4xx_hal_pwr_ex.o
HAL_PWREx_DisableUCPDDeadBattery                  build/stm32g4xx_hal_pwr_ex.o
                                                  build/stm32g4xx_hal_msp.o
HAL_PWREx_DisableUCPDStandbyMode                  build/stm32g4xx_hal_pwr_ex.o
HAL_PWREx_EnableBatteryCharging                   build/stm32g4xx_hal_pwr_ex.o
HAL_PWREx_EnableGPIOPullDown                      build/stm32g4xx_hal_pwr_ex.o
HAL_PWREx_EnableGPIOPullUp                        build/stm32g4xx_hal_pwr_ex.o
HAL_PWREx_EnableInternalWakeUpLine                build/stm32g4xx_hal_pwr_ex.o
HAL_PWREx_EnableLowPowerRunMode                   build/stm32g4xx_hal_pwr_ex.o
                                                  build/stm32g4xx_hal_pwr.o
HAL_PWREx_EnablePVM1                              build/stm32g4xx_hal_pwr_ex.o
HAL_PWREx_EnablePVM2                              build/stm32g4xx_hal_pwr_ex.o
HAL_PWREx_EnablePVM3                              build/stm32g4xx_hal_pwr_ex.o
HAL_PWREx_EnablePVM4                              build/stm32g4xx_hal_pwr_ex.o
HAL_PWREx_EnablePullUpPullDownConfig              build/stm32g4xx_hal_pwr_ex.o
HAL_PWREx_EnableSRAM2ContentRetention             build/stm32g4xx_hal_pwr_ex.o
HAL_PWREx_EnableUCPDDeadBattery                   build/stm32g4xx_hal_pwr_ex.o
HAL_PWREx_EnableUCPDStandbyMode                   build/stm32g4xx_hal_pwr_ex.o
HAL_PWREx_EnterSHUTDOWNMode                       build/stm32g4xx_hal_pwr_ex.o
HAL_PWREx_EnterSTOP0Mode                          build/stm32g4xx_hal_pwr_ex.o
                                                  build/stm32g4xx_hal_pwr.o
HAL_PWREx_EnterSTOP1Mode                          build/stm32g4xx_hal_pwr_ex.o
                                                  build/stm32g4xx_hal_pwr.o
HAL_PWREx_GetVoltageRange                         build/stm32g4xx_hal_pwr_ex.o
HAL_PWREx_PVD_PVM_IRQHandler                      build/stm32g4xx_hal_pwr_ex.o
HAL_PWREx_PVM1Callback                            build/stm32g4xx_hal_pwr_ex.o
HAL_PWREx_PVM2Callback                            build/stm32g4xx_hal_pwr_ex.o
HAL_PWREx_PVM3Callback                            build/stm32g4xx_hal_pwr_ex.o
HAL_PWREx_PVM4Callback                            build/stm32g4xx_hal_pwr_ex.o
HAL_PWR_ConfigPVD                                 build/stm32g4xx_hal_pwr.o
HAL_PWR_DeInit                                    build/stm32g4xx_hal_pwr.o
HAL_PWR_DisableBkUpAccess                         build/stm32g4xx_hal_pwr.o
                                                  build/stm32g4xx_hal_rcc_ex.o
HAL_PWR_DisablePVD                                build/stm32g4xx_hal_pwr.o
HAL_PWR_DisableSEVOnPend                          build/stm32g4xx_hal_pwr.o
HAL_PWR_DisableSleepOnExit                        build/stm32g4xx_hal_pwr.o
HAL_PWR_DisableWakeUpPin                          build/stm32g4xx_hal_pwr.o
HAL_PWR_EnableBkUpAccess                          build/stm32g4xx_hal_pwr.o
                                                  build/stm32g4xx_hal_rcc_ex.o
HAL_PWR_EnablePVD                                 build/stm32g4xx_hal_pwr.o
HAL_PWR_EnableSEVOnPend                           build/stm32g4xx_hal_pwr.o
HAL_PWR_EnableSleepOnExit                         build/stm32g4xx_hal_pwr.o
HAL_PWR_EnableWakeUpPin                           build/stm32g4xx_hal_pwr.o
HAL_PWR_EnterSLEEPMode                            build/stm32g4xx_hal_pwr.o
HAL_PWR_EnterSTANDBYMode                          build/stm32g4xx_hal_pwr.o
HAL_PWR_EnterSTOPMode                             build/stm32g4xx_hal_pwr.o
HAL_PWR_PVDCallback                               build/stm32g4xx_hal_pwr.o
                                                  build/stm32g4xx_hal_pwr_ex.o
HAL_RCCEx_CRSConfig                               build/stm32g4xx_hal_rcc_ex.o
HAL_RCCEx_CRSGetSynchronizationInfo               build/stm32g4xx_hal_rcc_ex.o
HAL_RCCEx_CRSSoftwareSynchronizationGenerate      build/stm32g4xx_hal_rcc_ex.o
HAL_RCCEx_CRSWaitSynchronization                  build/stm32g4xx_hal_rcc_ex.o
HAL_RCCEx_CRS_ErrorCallback                       build/stm32g4xx_hal_rcc_ex.o
HAL_RCCEx_CRS_ExpectedSyncCallback                build/stm32g4xx_hal_rcc_ex.o
HAL_RCCEx_CRS_IRQHandler                          build/stm32g4xx_hal_rcc_ex.o
HAL_RCCEx_CRS_SyncOkCallback                      build/stm32g4xx_hal_rcc_ex.o
HAL_RCCEx_CRS_SyncWarnCallback                    build/stm32g4xx_hal_rcc_ex.o
HAL_RCCEx_DisableLSCO                             build/stm32g4xx_hal_rcc_ex.o
HAL_RCCEx_DisableLSECSS                           build/stm32g4xx_hal_rcc_ex.o
HAL_RCCEx_EnableLSCO                              build/stm32g4xx_hal_rcc_ex.o
HAL_RCCEx_EnableLSECSS                            build/stm32g4xx_hal_rcc_ex.o
HAL_RCCEx_EnableLSECSS_IT                         build/stm32g4xx_hal_rcc_ex.o
HAL_RCCEx_GetPeriphCLKConfig                      build/stm32g4xx_hal_rcc_ex.o
HAL_RCCEx_GetPeriphCLKFreq                        build/stm32g4xx_hal_rcc_ex.o
HAL_RCCEx_LSECSS_Callback                         build/stm32g4xx_hal_rcc_ex.o
HAL_RCCEx_LSECSS_IRQHandler                       build/stm32g4xx_hal_rcc_ex.o
HAL_RCCEx_PeriphCLKConfig                         build/stm32g4xx_hal_rcc_ex.o