Archive member included to satisfy reference by file (symbol)

e:/arm/10 2020-q4-major/bin/../lib/gcc/arm-none-eabi/10.2.1/../../../../arm-none-eabi/lib/thumb/v7e-m+fp/hard\libc_nano.a(lib_a-exit.o)
                              e:/arm/10 2020-q4-major/bin/../lib/gcc/arm-none-eabi/10.2.1/../../../../arm-none-eabi/lib/thumb/v7e-m+fp/hard/crt0.o (exit)
e:/arm/10 2020-q4-major/bin/../lib/gcc/arm-none-eabi/10.2.1/../../../../arm-none-eabi/lib/thumb/v7e-m+fp/hard\libc_nano.a(lib_a-impure.o)
                              e:/arm/10 2020-q4-major/bin/../lib/gcc/arm-none-eabi/10.2.1/../../../../arm-none-eabi/lib/thumb/v7e-m+fp/hard\libc_nano.a(lib_a-exit.o) (_global_impure_ptr)
e:/arm/10 2020-q4-major/bin/../lib/gcc/arm-none-eabi/10.2.1/../../../../arm-none-eabi/lib/thumb/v7e-m+fp/hard\libc_nano.a(lib_a-init.o)
                              e:/arm/10 2020-q4-major/bin/../lib/gcc/arm-none-eabi/10.2.1/../../../../arm-none-eabi/lib/thumb/v7e-m+fp/hard/crt0.o (__libc_init_array)
e:/arm/10 2020-q4-major/bin/../lib/gcc/arm-none-eabi/10.2.1/../../../../arm-none-eabi/lib/thumb/v7e-m+fp/hard\libc_nano.a(lib_a-memset.o)
                              e:/arm/10 2020-q4-major/bin/../lib/gcc/arm-none-eabi/10.2.1/../../../../arm-none-eabi/lib/thumb/v7e-m+fp/hard/crt0.o (memset)
e:/arm/10 2020-q4-major/bin/../lib/gcc/arm-none-eabi/10.2.1/../../../../arm-none-eabi/lib/thumb/v7e-m+fp/hard\libc_nano.a(lib_a-vsnprintf.o)
                              build/Lcd.o (vsnprintf)
e:/arm/10 2020-q4-major/bin/../lib/gcc/arm-none-eabi/10.2.1/../../../../arm-none-eabi/lib/thumb/v7e-m+fp/hard\libc_nano.a(lib_a-nano-svfprintf.o)
                              e:/arm/10 2020-q4-major/bin/../lib/gcc/arm-none-eabi/10.2.1/../../../../arm-none-eabi/lib/thumb/v7e-m+fp/hard\libc_nano.a(lib_a-vsnprintf.o) (_svfprintf_r)
e:/arm/10 2020-q4-major/bin/../lib/gcc/arm-none-eabi/10.2.1/../../../../arm-none-eabi/lib/thumb/v7e-m+fp/hard\libc_nano.a(lib_a-nano-vfprintf_i.o)
                              e:/arm/10 2020-q4-major/bin/../lib/gcc/arm-none-eabi/10.2.1/../../../../arm-none-eabi/lib/thumb/v7e-m+fp/hard\libc_nano.a(lib_a-nano-svfprintf.o) (_printf_i)
e:/arm/10 2020-q4-major/bin/../lib/gcc/arm-none-eabi/10.2.1/../../../../arm-none-eabi/lib/thumb/v7e-m+fp/hard\libc_nano.a(lib_a-memchr.o)
                              e:/arm/10 2020-q4-major/bin/../lib/gcc/arm-none-eabi/10.2.1/../../../../arm-none-eabi/lib/thumb/v7e-m+fp/hard\libc_nano.a(lib_a-nano-svfprintf.o) (memchr)
e:/arm/10 2020-q4-major/bin/../lib/gcc/arm-none-eabi/10.2.1/../../../../arm-none-eabi/lib/thumb/v7e-m+fp/hard\libc_nano.a(lib_a-memcpy-stub.o)
                              e:/arm/10 2020-q4-major/bin/../lib/gcc/arm-none-eabi/10.2.1/../../../../arm-none-eabi/lib/thumb/v7e-m+fp/hard\libc_nano.a(lib_a-nano-svfprintf.o) (memcpy)
e:/arm/10 2020-q4-major/bin/../lib/gcc/arm-none-eabi/10.2.1/../../../../arm-none-eabi/lib/thumb/v7e-m+fp/hard\libc_nano.a(lib_a-memmove.o)
                              e:/arm/10 2020-q4-major/bin/../lib/gcc/arm-none-eabi/10.2.1/../../../../arm-none-eabi/lib/thumb/v7e-m+fp/hard\libc_nano.a(lib_a-nano-svfprintf.o) (memmove)
e:/arm/10 2020-q4-major/bin/../lib/gcc/arm-none-eabi/10.2.1/../../../../arm-none-eabi/lib/thumb/v7e-m+fp/hard\libc_nano.a(lib_a-nano-freer.o)
                              e:/arm/10 2020-q4-major/bin/../lib/gcc/arm-none-eabi/10.2.1/../../../../arm-none-eabi/lib/thumb/v7e-m+fp/hard\libc_nano.a(lib_a-nano-svfprintf.o) (_free_r)
e:/arm/10 2020-q4-major/bin/../lib/gcc/arm-none-eabi/10.2.1/../../../../arm-none-eabi/lib/thumb/v7e-m+fp/hard\libc_nano.a(lib_a-nano-mallocr.o)
                              e:/arm/10 2020-q4-major/bin/../lib/gcc/arm-none-eabi/10.2.1/../../../../arm-none-eabi/lib/thumb/v7e-m+fp/hard\libc_nano.a(lib_a-nano-svfprintf.o) (_malloc_r)
e:/arm/10 2020-q4-major/bin/../lib/gcc/arm-none-eabi/10.2.1/../../../../arm-none-eabi/lib/thumb/v7e-m+fp/hard\libc_nano.a(lib_a-nano-reallocr.o)
                              e:/arm/10 2020-q4-major/bin/../lib/gcc/arm-none-eabi/10.2.1/../../../../arm-none-eabi/lib/thumb/v7e-m+fp/hard\libc_nano.a(lib_a-nano-svfprintf.o) (_realloc_r)
e:/arm/10 2020-q4-major/bin/../lib/gcc/arm-none-eabi/10.2.1/../../../../arm-none-eabi/lib/thumb/v7e-m+fp/hard\libc_nano.a(lib_a-sbrkr.o)
                              e:/arm/10 2020-q4-major/bin/../lib/gcc/arm-none-eabi/10.2.1/../../../../arm-none-eabi/lib/thumb/v7e-m+fp/hard\libc_nano.a(lib_a-nano-mallocr.o) (_sbrk_r)
e:/arm/10 2020-q4-major/bin/../lib/gcc/arm-none-eabi/10.2.1/../../../../arm-none-eabi/lib/thumb/v7e-m+fp/hard\libc_nano.a(lib_a-mlock.o)
                              e:/arm/10 2020-q4-major/bin/../lib/gcc/arm-none-eabi/10.2.1/../../../../arm-none-eabi/lib/thumb/v7e-m+fp/hard\libc_nano.a(lib_a-nano-freer.o) (__malloc_lock)
e:/arm/10 2020-q4-major/bin/../lib/gcc/arm-none-eabi/10.2.1/../../../../arm-none-eabi/lib/thumb/v7e-m+fp/hard\libc_nano.a(lib_a-nano-msizer.o)
[...]
Memory Configuration

Name             Origin             Length             Attributes
RAM              0x20000000         0x00008000         xrw
FLASH            0x08000000         0x00020000         xr
*default*        0x00000000         0xffffffff

Linker script and memory map

LOAD e:/arm/10 2020-q4-major/bin/../lib/gcc/arm-none-eabi/10.2.1/thumb/v7e-m+fp/hard/crti.o
LOAD e:/arm/10 2020-q4-major/bin/../lib/gcc/arm-none-eabi/10.2.1/thumb/v7e-m+fp/hard/crtbegin.o
LOAD e:/arm/10 2020-q4-major/bin/../lib/gcc/arm-none-eabi/10.2.1/../../../../arm-none-eabi/lib/thumb/v7e-m+fp/hard/crt0.o
LOAD build/main.o
LOAD build/gpio.o
LOAD build/stm32g4xx_it.o
LOAD build/stm32g4xx_hal_msp.o
LOAD build/usbd_conf.o
LOAD build/usb_device.o
LOAD build/usbd_desc.o
LOAD build/usbd_cdc_if.o
LOAD build/stm32g4xx_hal_pcd.o
LOAD build/stm32g4xx_hal_pcd_ex.o
LOAD build/stm32g4xx_ll_usb.o
LOAD build/stm32g4xx_hal.o
LOAD build/stm32g4xx_hal_rcc.o
LOAD build/stm32g4xx_hal_rcc_ex.o
LOAD build/stm32g4xx_hal_flash.o
LOAD build/stm32g4xx_hal_flash_ex.o
LOAD build/stm32g4xx_hal_flash_ramfunc.o
LOAD build/stm32g4xx_hal_gpio.o
LOAD build/stm32g4xx_hal_exti.o
LOAD build/stm32g4xx_hal_dma.o
LOAD build/stm32g4xx_hal_dma_ex.o
LOAD build/stm32g4xx_hal_pwr.o
LOAD build/stm32g4xx_hal_pwr_ex.o
LOAD build/stm32g4xx_hal_cortex.o
LOAD build/stm32g4xx_hal_tim.o
LOAD build/stm32g4xx_hal_tim_ex.o
LOAD build/system_stm32g4xx.o
LOAD build/usbd_core.o
LOAD build/usbd_ctlreq.o
LOAD build/usbd_ioreq.o
LOAD build/usbd_cdc.o
LOAD build/Lcd.o
LOAD build/7Seg.o
LOAD build/startup_stm32g441xx.o
LOAD e:/arm/10 2020-q4-major/bin/../lib/gcc/arm-none-eabi/10.2.1/../../../../arm-none-eabi/lib/thumb/v7e-m+fp/hard\libc_nano.a
LOAD e:/arm/10 2020-q4-major/bin/../lib/gcc/arm-none-eabi/10.2.1/../../../../arm-none-eabi/lib/thumb/v7e-m+fp/hard\libm.a
LOAD e:/arm/10 2020-q4-major/bin/../lib/gcc/arm-none-eabi/10.2.1/../../../../arm-none-eabi/lib/thumb/v7e-m+fp/hard\libnosys.a
START GROUP
LOAD e:/arm/10 2020-q4-major/bin/../lib/gcc/arm-none-eabi/10.2.1/thumb/v7e-m+fp/hard\libgcc.a
LOAD e:/arm/10 2020-q4-major/bin/../lib/gcc/arm-none-eabi/10.2.1/../../../../arm-none-eabi/lib/thumb/v7e-m+fp/hard\libc_nano.a
END GROUP
START GROUP
LOAD e:/arm/10 2020-q4-major/bin/../lib/gcc/arm-none-eabi/10.2.1/thumb/v7e-m+fp/hard\libgcc.a
LOAD e:/arm/10 2020-q4-major/bin/../lib/gcc/arm-none-eabi/10.2.1/../../../../arm-none-eabi/lib/thumb/v7e-m+fp/hard\libc_nano.a
END GROUP
LOAD e:/arm/10 2020-q4-major/bin/../lib/gcc/arm-none-eabi/10.2.1/thumb/v7e-m+fp/hard/crtend.o
LOAD e:/arm/10 2020-q4-major/bin/../lib/gcc/arm-none-eabi/10.2.1/thumb/v7e-m+fp/hard/crtn.o
                0x20008000                _estack = 0x20008000
                0x00000200                _Min_Heap_Size = 0x200
                0x00000400                _Min_Stack_Size = 0x400

.isr_vector     0x08000000      0x1d8
                0x08000000                . = ALIGN (0x4)
 *(.isr_vector)
 .isr_vector    0x08000000      0x1d8 build/startup_stm32g441xx.o
                0x08000000                g_pfnVectors
                0x080001d8                . = ALIGN (0x4)

.text           0x080001e0     0x4568
                0x080001e0                . = ALIGN (0x4)
 *(.text)
 .text          0x080001e0       0x40 e:/arm/10 2020-q4-major/bin/../lib/gcc/arm-none-eabi/10.2.1/thumb/v7e-m+fp/hard/crtbegin.o
 .text          0x08000220       0xa0 e:/arm/10 2020-q4-major/bin/../lib/gcc/arm-none-eabi/10.2.1/../../../../arm-none-eabi/lib/thumb/v7e-m+fp/hard\libc_nano.a(lib_a-memchr.o)
                0x08000220                memchr
 *(.text*)
 .text.gpioB_Init
                0x080002c0       0x2c build/main.o
                0x080002c0                gpioB_Init
 .text.gpioA_Init
                0x080002ec       0x20 build/main.o
                0x080002ec                gpioA_Init
 .text.mainRCCInit
                0x0800030c       0x5c build/main.o
                0x0800030c                mainRCCInit
 .text.contrastInit
                0x08000368       0x30 build/main.o
                0x08000368                contrastInit
 .text.rtcInit  0x08000398       0xb0 build/main.o
                0x08000398                rtcInit
 .text.main     0x08000448      0x11c build/main.o
                0x08000448                main
 .text.Error_Handler
                0x08000564        0x4 build/main.o
                0x08000564                Error_Handler
 .text.NMI_Handler
                0x08000568        0x2 build/stm32g4xx_it.o
                0x08000568                NMI_Handler
 .text.HardFault_Handler
                0x0800056a        0x2 build/stm32g4xx_it.o
                0x0800056a                HardFault_Handler
 .text.MemManage_Handler
                0x0800056c        0x2 build/stm32g4xx_it.o
                0x0800056c                MemManage_Handler
 .text.BusFault_Handler
                0x0800056e        0x2 build/stm32g4xx_it.o
                0x0800056e                BusFault_Handler
 .text.UsageFault_Handler
                0x08000570        0x2 build/stm32g4xx_it.o
                0x08000570                UsageFault_Handler
 .text.SVC_Handler
                0x08000572        0x2 build/stm32g4xx_it.o
                0x08000572                SVC_Handler
 .text.DebugMon_Handler
                0x08000574        0x2 build/stm32g4xx_it.o
                0x08000574                DebugMon_Handler
 .text.PendSV_Handler
                0x08000576        0x2 build/stm32g4xx_it.o
                0x08000576                PendSV_Handler
 .text.SysTick_Handler
                0x08000578        0x8 build/stm32g4xx_it.o
                0x08000578                SysTick_Handler
 .text.USB_LP_IRQHandler
                0x08000580       0x10 build/stm32g4xx_it.o
                0x08000580                USB_LP_IRQHandler
 .text.HAL_MspInit
                0x08000590       0x38 build/stm32g4xx_hal_msp.o
                0x08000590                HAL_MspInit
 .text.USBD_Get_USB_Status
                0x080005c8       0x14 build/usbd_conf.o
 .text.SystemClockConfig_Resume
                0x080005dc        0x8 build/usbd_conf.o
 .text.HAL_PCD_MspInit
                0x080005e4       0x40 build/usbd_conf.o
                0x080005e4                HAL_PCD_MspInit
 .text.HAL_PCD_SetupStageCallback
                0x08000624       0x10 build/usbd_conf.o
                0x08000624                HAL_PCD_SetupStageCallback
 .text.HAL_PCD_DataOutStageCallback
                0x08000634       0x18 build/usbd_conf.o
                0x08000634                HAL_PCD_DataOutStageCallback
 .text.HAL_PCD_DataInStageCallback
                0x0800064c       0x16 build/usbd_conf.o
                0x0800064c                HAL_PCD_DataInStageCallback
 .text.HAL_PCD_SOFCallback
                0x08000662        0xc build/usbd_conf.o
                0x08000662                HAL_PCD_SOFCallback
 .text.HAL_PCD_ResetCallback
                0x0800066e       0x24 build/usbd_conf.o
                0x0800066e                HAL_PCD_ResetCallback
 *fill*         0x08000692        0x2 
 .text.HAL_PCD_SuspendCallback
                0x08000694       0x20 build/usbd_conf.o
                0x08000694                HAL_PCD_SuspendCallback
 .text.HAL_PCD_ResumeCallback
                0x080006b4       0x28 build/usbd_conf.o
                0x080006b4                HAL_PCD_ResumeCallback
 .text.USBD_LL_Init
                0x080006dc       0x88 build/usbd_conf.o
                0x080006dc                USBD_LL_Init
 .text.USBD_LL_Start
                0x08000764       0x10 build/usbd_conf.o
                0x08000764                USBD_LL_Start
 .text.USBD_LL_OpenEP
                0x08000774       0x16 build/usbd_conf.o
                0x08000774                USBD_LL_OpenEP
 .text.USBD_LL_CloseEP
                0x0800078a       0x10 build/usbd_conf.o
                0x0800078a                USBD_LL_CloseEP
 .text.USBD_LL_StallEP
                0x0800079a       0x10 build/usbd_conf.o
                0x0800079a                USBD_LL_StallEP
 .text.USBD_LL_ClearStallEP
                0x080007aa       0x10 build/usbd_conf.o
                0x080007aa                USBD_LL_ClearStallEP
 .text.USBD_LL_IsStallEP
                0x080007ba       0x2e build/usbd_conf.o
                0x080007ba                USBD_LL_IsStallEP
 .text.USBD_LL_SetUSBAddress
                0x080007e8       0x10 build/usbd_conf.o
                0x080007e8                USBD_LL_SetUSBAddress
 .text.USBD_LL_Transmit
                0x080007f8       0x10 build/usbd_conf.o
                0x080007f8                USBD_LL_Transmit
 .text.USBD_LL_PrepareReceive
                0x08000808       0x10 build/usbd_conf.o
                0x08000808                USBD_LL_PrepareReceive
 .text.USBD_LL_GetRxDataSize
                0x08000818        0xc build/usbd_conf.o
                0x08000818                USBD_LL_GetRxDataSize
 .text.HAL_PCDEx_LPM_Callback
                0x08000824       0x48 build/usbd_conf.o
                0x08000824                HAL_PCDEx_LPM_Callback
 .text.USBD_static_malloc
                0x0800086c        0x8 build/usbd_conf.o
                0x0800086c                USBD_static_malloc
 .text.USBD_static_free
                0x08000874        0x2 build/usbd_conf.o
                0x08000874                USBD_static_free
 *fill*         0x08000876        0x2 
 .text.MX_USB_Device_Init
                0x08000878       0x70 build/usb_device.o
                0x08000878                MX_USB_Device_Init
 .text.USBD_CDC_DeviceDescriptor
                0x080008e8        0xc build/usbd_desc.o
                0x080008e8                USBD_CDC_DeviceDescriptor
 .text.USBD_CDC_LangIDStrDescriptor
                0x080008f4        0xc build/usbd_desc.o
                0x080008f4                USBD_CDC_LangIDStrDescriptor
 .text.IntToUnicode
                0x08000900       0x46 build/usbd_desc.o
 *fill*         0x08000946        0x2 
 .text.Get_SerialNum
                0x08000948       0x38 build/usbd_desc.o
 .text.USBD_CDC_SerialStrDescriptor
                0x08000980       0x14 build/usbd_desc.o
                0x08000980                USBD_CDC_SerialStrDescriptor
 .text.USBD_CDC_ProductStrDescriptor
                0x08000994       0x24 build/usbd_desc.o
                0x08000994                USBD_CDC_ProductStrDescriptor
 .text.USBD_CDC_ManufacturerStrDescriptor
                0x080009b8       0x1c build/usbd_desc.o
                0x080009b8                USBD_CDC_ManufacturerStrDescriptor
 .text.USBD_CDC_ConfigStrDescriptor
                0x080009d4       0x24 build/usbd_desc.o
                0x080009d4                USBD_CDC_ConfigStrDescriptor
 .text.USBD_CDC_InterfaceStrDescriptor
                0x080009f8       0x24 build/usbd_desc.o
                0x080009f8                USBD_CDC_InterfaceStrDescriptor
 .text.CDC_DeInit_FS
                0x08000a1c        0x4 build/usbd_cdc_if.o
 .text.CDC_Control_FS
                0x08000a20        0x4 build/usbd_cdc_if.o
 .text.CDC_TransmitCplt_FS
                0x08000a24        0x4 build/usbd_cdc_if.o
 .text.CDC_Receive_FS
                0x08000a28       0x50 build/usbd_cdc_if.o
 .text.CDC_Init_FS
                0x08000a78       0x28 build/usbd_cdc_if.o
 .text.HAL_PCD_EP_DB_Receive
                0x08000aa0      0x118 build/stm32g4xx_hal_pcd.o
 .text.HAL_PCD_Init
                0x08000bb8       0xe4 build/stm32g4xx_hal_pcd.o
                0x08000bb8                HAL_PCD_Init
 .text.HAL_PCD_Start
                0x08000c9c       0x2a build/stm32g4xx_hal_pcd.o
                0x08000c9c                HAL_PCD_Start
 .text.HAL_PCD_EP_DB_Transmit
                0x08000cc6      0x410 build/stm32g4xx_hal_pcd.o
 .text.PCD_EP_ISR_Handler
                0x080010d6      0x416 build/stm32g4xx_hal_pcd.o
 .text.HAL_PCD_SetAddress
                0x080014ec       0x28 build/stm32g4xx_hal_pcd.o
                0x080014ec                HAL_PCD_SetAddress
 .text.HAL_PCD_IRQHandler
                0x08001514      0x1dc build/stm32g4xx_hal_pcd.o
                0x08001514                HAL_PCD_IRQHandler
 .text.HAL_PCD_EP_Open
                0x080016f0       0x84 build/stm32g4xx_hal_pcd.o
                0x080016f0                HAL_PCD_EP_Open
 .text.HAL_PCD_EP_Close
                0x08001774       0x64 build/stm32g4xx_hal_pcd.o
                0x08001774                HAL_PCD_EP_Close
 .text.HAL_PCD_EP_Receive
                0x080017d8       0x44 build/stm32g4xx_hal_pcd.o
                0x080017d8                HAL_PCD_EP_Receive
 .text.HAL_PCD_EP_GetRxCount
                0x0800181c       0x12 build/stm32g4xx_hal_pcd.o
                0x0800181c                HAL_PCD_EP_GetRxCount
 .text.HAL_PCD_EP_Transmit
                0x0800182e       0x50 build/stm32g4xx_hal_pcd.o
                0x0800182e                HAL_PCD_EP_Transmit
 .text.HAL_PCD_EP_SetStall
                0x0800187e       0x6a build/stm32g4xx_hal_pcd.o
                0x0800187e                HAL_PCD_EP_SetStall
 .text.HAL_PCD_EP_ClrStall
                0x080018e8       0x76 build/stm32g4xx_hal_pcd.o
                0x080018e8                HAL_PCD_EP_ClrStall
 .text.HAL_PCDEx_PMAConfig
                0x0800195e       0x38 build/stm32g4xx_hal_pcd_ex.o
                0x0800195e                HAL_PCDEx_PMAConfig
 .text.HAL_PCDEx_ActivateLPM
                0x08001996       0x2c build/stm32g4xx_hal_pcd_ex.o
                0x08001996                HAL_PCDEx_ActivateLPM
 .text.USB_EnableGlobalInt
                0x080019c2       0x12 build/stm32g4xx_ll_usb.o
                0x080019c2                USB_EnableGlobalInt
 .text.USB_DisableGlobalInt
                0x080019d4       0x14 build/stm32g4xx_ll_usb.o
                0x080019d4                USB_DisableGlobalInt
 .text.USB_DevInit
                0x080019e8       0x22 build/stm32g4xx_ll_usb.o
                0x080019e8                USB_DevInit
 .text.USB_ActivateEndpoint
                0x08001a0a      0x37c build/stm32g4xx_ll_usb.o
                0x08001a0a                USB_ActivateEndpoint
 .text.USB_DeactivateEndpoint
                0x08001d86      0x1d6 build/stm32g4xx_ll_usb.o
                0x08001d86                USB_DeactivateEndpoint
 .text.USB_EPSetStall
                0x08001f5c       0x4a build/stm32g4xx_ll_usb.o
                0x08001f5c                USB_EPSetStall
 .text.USB_EPClearStall
                0x08001fa6       0xa2 build/stm32g4xx_ll_usb.o
                0x08001fa6                USB_EPClearStall
 .text.USB_SetDevAddress
                0x08002048        0xc build/stm32g4xx_ll_usb.o
                0x08002048                USB_SetDevAddress
 .text.USB_DevConnect
                0x08002054       0x16 build/stm32g4xx_ll_usb.o
                0x08002054                USB_DevConnect
 .text.USB_ReadInterrupts
                0x0800206a        0x8 build/stm32g4xx_ll_usb.o
                0x0800206a                USB_ReadInterrupts
 .text.USB_WritePMA
                0x08002072       0x28 build/stm32g4xx_ll_usb.o
                0x08002072                USB_WritePMA
 .text.USB_EPStartXfer
                0x0800209a      0x8b2 build/stm32g4xx_ll_usb.o
                0x0800209a                USB_EPStartXfer
 .text.USB_ReadPMA
                0x0800294c       0x30 build/stm32g4xx_ll_usb.o
                0x0800294c                USB_ReadPMA
 .text.HAL_InitTick
                0x0800297c       0x50 build/stm32g4xx_hal.o
                0x0800297c                HAL_InitTick
 .text.HAL_Init
                0x080029cc       0x1e build/stm32g4xx_hal.o
                0x080029cc                HAL_Init
 *fill*         0x080029ea        0x2 
 .text.HAL_IncTick
                0x080029ec       0x18 build/stm32g4xx_hal.o
                0x080029ec                HAL_IncTick
 .text.HAL_GetTick
                0x08002a04        0xc build/stm32g4xx_hal.o
                0x08002a04                HAL_GetTick
 .text.HAL_Delay
                0x08002a10       0x28 build/stm32g4xx_hal.o
                0x08002a10                HAL_Delay
 .text.HAL_PWREx_DisableUCPDDeadBattery
                0x08002a38       0x10 build/stm32g4xx_hal_pwr_ex.o
                0x08002a38                HAL_PWREx_DisableUCPDDeadBattery
 .text.HAL_NVIC_SetPriorityGrouping
                0x08002a48       0x24 build/stm32g4xx_hal_cortex.o
                0x08002a48                HAL_NVIC_SetPriorityGrouping
 .text.HAL_NVIC_SetPriority
                0x08002a6c       0x70 build/stm32g4xx_hal_cortex.o
                0x08002a6c                HAL_NVIC_SetPriority
 .text.HAL_NVIC_EnableIRQ
                0x08002adc       0x1c build/stm32g4xx_hal_cortex.o
                0x08002adc                HAL_NVIC_EnableIRQ
 .text.HAL_SYSTICK_Config
                0x08002af8       0x28 build/stm32g4xx_hal_cortex.o
                0x08002af8                HAL_SYSTICK_Config
 .text.SystemInit
                0x08002b20       0x14 build/system_stm32g4xx.o
                0x08002b20                SystemInit
 .text.USBD_Init
                0x08002b34       0x2e build/usbd_core.o
                0x08002b34                USBD_Init
 .text.USBD_RegisterClass
                0x08002b62       0x2e build/usbd_core.o
                0x08002b62                USBD_RegisterClass
 .text.USBD_Start
                0x08002b90        0x8 build/usbd_core.o
                0x08002b90                USBD_Start
 .text.USBD_SetClassConfig
                0x08002b98       0x12 build/usbd_core.o
                0x08002b98                USBD_SetClassConfig
 .text.USBD_ClrClassConfig
                0x08002baa       0x10 build/usbd_core.o
                0x08002baa                USBD_ClrClassConfig
 .text.USBD_LL_SetupStage
                0x08002bba       0x58 build/usbd_core.o
                0x08002bba                USBD_LL_SetupStage
 .text.USBD_LL_DataOutStage
                0x08002c12       0x78 build/usbd_core.o
                0x08002c12                USBD_LL_DataOutStage
 .text.USBD_LL_DataInStage
                0x08002c8a       0xbe build/usbd_core.o
                0x08002c8a                USBD_LL_DataInStage
 .text.USBD_LL_Reset
                0x08002d48       0x5a build/usbd_core.o
                0x08002d48                USBD_LL_Reset
 .text.USBD_LL_SetSpeed
                0x08002da2        0x6 build/usbd_core.o
                0x08002da2                USBD_LL_SetSpeed
 .text.USBD_LL_Suspend
                0x08002da8       0x14 build/usbd_core.o
                0x08002da8                USBD_LL_Suspend
 .text.USBD_LL_Resume
                0x08002dbc       0x1a build/usbd_core.o
                0x08002dbc                USBD_LL_Resume
 .text.USBD_LL_SOF
                0x08002dd6       0x28 build/usbd_core.o
                0x08002dd6                USBD_LL_SOF
 .text.USBD_GetLen
                0x08002dfe       0x14 build/usbd_ctlreq.o
 .text.USBD_SetFeature
                0x08002e12       0x14 build/usbd_ctlreq.o
 .text.USBD_ParseSetupRequest
                0x08002e26       0x28 build/usbd_ctlreq.o
                0x08002e26                USBD_ParseSetupRequest
 .text.USBD_CtlError
                0x08002e4e       0x14 build/usbd_ctlreq.o
                0x08002e4e                USBD_CtlError
 .text.USBD_GetDescriptor
                0x08002e62      0x1ac build/usbd_ctlreq.o
 .text.USBD_SetAddress
                0x0800300e       0x50 build/usbd_ctlreq.o
 *fill*         0x0800305e        0x2 
 .text.USBD_SetConfig
                0x08003060       0xc8 build/usbd_ctlreq.o
 .text.USBD_GetConfig
                0x08003128       0x40 build/usbd_ctlreq.o
 .text.USBD_GetStatus
                0x08003168       0x38 build/usbd_ctlreq.o
 .text.USBD_ClrFeature
                0x080031a0       0x26 build/usbd_ctlreq.o
 .text.USBD_StdDevReq
                0x080031c6       0x70 build/usbd_ctlreq.o
                0x080031c6                USBD_StdDevReq
 .text.USBD_StdItfReq
                0x08003236       0x68 build/usbd_ctlreq.o
                0x08003236                USBD_StdItfReq
 .text.USBD_StdEPReq
                0x0800329e      0x1ec build/usbd_ctlreq.o
                0x0800329e                USBD_StdEPReq
 .text.USBD_GetString
                0x0800348a       0x3a build/usbd_ctlreq.o
                0x0800348a                USBD_GetString
 .text.USBD_CtlSendData
                0x080034c4       0x1a build/usbd_ioreq.o
                0x080034c4                USBD_CtlSendData
 .text.USBD_CtlContinueSendData
                0x080034de       0x10 build/usbd_ioreq.o
                0x080034de                USBD_CtlContinueSendData
 .text.USBD_CtlPrepareRx
                0x080034ee       0x1e build/usbd_ioreq.o
                0x080034ee                USBD_CtlPrepareRx
 .text.USBD_CtlContinueRx
                0x0800350c       0x10 build/usbd_ioreq.o
                0x0800350c                USBD_CtlContinueRx
 .text.USBD_CtlSendStatus
                0x0800351c       0x16 build/usbd_ioreq.o
                0x0800351c                USBD_CtlSendStatus
 .text.USBD_CtlReceiveStatus
                0x08003532       0x16 build/usbd_ioreq.o
                0x08003532                USBD_CtlReceiveStatus
 .text.USBD_CDC_EP0_RxReady
                0x08003548       0x36 build/usbd_cdc.o
 *fill*         0x0800357e        0x2 
 .text.USBD_CDC_GetFSCfgDesc
                0x08003580        0xc build/usbd_cdc.o
 .text.USBD_CDC_GetHSCfgDesc
                0x0800358c        0xc build/usbd_cdc.o
 .text.USBD_CDC_GetOtherSpeedCfgDesc
                0x08003598        0xc build/usbd_cdc.o
 .text.USBD_CDC_GetDeviceQualifierDescriptor
                0x080035a4        0xc build/usbd_cdc.o
                0x080035a4                USBD_CDC_GetDeviceQualifierDescriptor
 .text.USBD_CDC_DataOut
                0x080035b0       0x2a build/usbd_cdc.o
 .text.USBD_CDC_DataIn
                0x080035da       0x6a build/usbd_cdc.o
 .text.USBD_CDC_Setup
                0x08003644       0xf4 build/usbd_cdc.o
 .text.USBD_CDC_DeInit
                0x08003738       0x48 build/usbd_cdc.o
 .text.USBD_CDC_Init
                0x08003780       0xc2 build/usbd_cdc.o
 .text.USBD_CDC_RegisterInterface
                0x08003842        0xe build/usbd_cdc.o
                0x08003842                USBD_CDC_RegisterInterface
 .text.USBD_CDC_SetTxBuffer
                0x08003850       0x16 build/usbd_cdc.o
                0x08003850                USBD_CDC_SetTxBuffer
 .text.USBD_CDC_SetRxBuffer
                0x08003866       0x12 build/usbd_cdc.o
                0x08003866                USBD_CDC_SetRxBuffer
 .text.USBD_CDC_ReceivePacket
                0x08003878       0x32 build/usbd_cdc.o
                0x08003878                USBD_CDC_ReceivePacket
 *fill*         0x080038aa        0x2 
 .text.DWT_Delay_Init
                0x080038ac       0x48 build/Lcd.o
                0x080038ac                DWT_Delay_Init
 .text.DWT_Delay_us
                0x080038f4       0x28 build/Lcd.o
                0x080038f4                DWT_Delay_us
 .text.DWT_Delay_ms
                0x0800391c       0x2c build/Lcd.o
                0x0800391c                DWT_Delay_ms
 .text.setE     0x08003948       0x1c build/Lcd.o
                0x08003948                setE
 .text.setRW    0x08003964       0x20 build/Lcd.o
                0x08003964                setRW
 .text.setRS    0x08003984       0x20 build/Lcd.o
                0x08003984                setRS
 .text.sendNibble
                0x080039a4       0x3c build/Lcd.o
                0x080039a4                sendNibble
 .text.sendByte
                0x080039e0       0x46 build/Lcd.o
                0x080039e0                sendByte
 *fill*         0x08003a26        0x2 
 .text.waitWhileBusy
                0x08003a28       0x58 build/Lcd.o
                0x08003a28                waitWhileBusy
 .text.sendInstruction
                0x08003a80       0x1c build/Lcd.o
                0x08003a80                sendInstruction
 .text.writeDisplay
                0x08003a9c       0x1c build/Lcd.o
                0x08003a9c                writeDisplay
 .text.initDisplay
                0x08003ab8       0xec build/Lcd.o
                0x08003ab8                initDisplay
 .text.returnHome
                0x08003ba4        0xa build/Lcd.o
                0x08003ba4                returnHome
 .text.entryModeSet
                0x08003bae       0x14 build/Lcd.o
                0x08003bae                entryModeSet
 *fill*         0x08003bc2        0x2 
 .text.displayControl
                0x08003bc4       0x2c build/Lcd.o
                0x08003bc4                displayControl
 .text.functionSet2Lines5By8
                0x08003bf0        0xa build/Lcd.o
                0x08003bf0                functionSet2Lines5By8
 .text.lcdPrintString
                0x08003bfa       0x16 build/Lcd.o
                0x08003bfa                lcdPrintString
 .text.lcdPrintf
                0x08003c10       0x26 build/Lcd.o
                0x08003c10                lcdPrintf
 *fill*         0x08003c36        0x2 
 .text.updateDisplayCell
                0x08003c38       0x14 build/7Seg.o
                0x08003c38                updateDisplayCell
 .text.updateDisplayWithTime
                0x08003c4c      0x104 build/7Seg.o
                0x08003c4c                updateDisplayWithTime
 .text.setDisplayCell
                0x08003d50       0x64 build/7Seg.o
                0x08003d50                setDisplayCell
 .text.setDisplay
                0x08003db4       0x3c build/7Seg.o
                0x08003db4                setDisplay
 .text.Reset_Handler
                0x08003df0       0x50 build/startup_stm32g441xx.o
                0x08003df0                Reset_Handler
 .text.Default_Handler
                0x08003e40        0x2 build/startup_stm32g441xx.o
                0x08003e40                RTC_Alarm_IRQHandler
                0x08003e40                EXTI2_IRQHandler
                0x08003e40                TIM8_TRG_COM_IRQHandler
                0x08003e40                TIM8_CC_IRQHandler
                0x08003e40                TIM1_CC_IRQHandler
                0x08003e40                USB_HP_IRQHandler
                0x08003e40                CORDIC_IRQHandler
                0x08003e40                EXTI3_IRQHandler
                0x08003e40                I2C3_ER_IRQHandler
                0x08003e40                EXTI0_IRQHandler
                0x08003e40                I2C2_EV_IRQHandler
                0x08003e40                FPU_IRQHandler
                0x08003e40                FDCAN1_IT1_IRQHandler
                0x08003e40                TIM1_UP_TIM16_IRQHandler
                0x08003e40                ADC1_2_IRQHandler
                0x08003e40                SPI1_IRQHandler
                0x08003e40                TIM6_DAC_IRQHandler
                0x08003e40                TIM8_UP_IRQHandler
                0x08003e40                DMA2_Channel2_IRQHandler
                0x08003e40                DMA1_Channel4_IRQHandler
                0x08003e40                USART3_IRQHandler
                0x08003e40                TIM4_IRQHandler
                0x08003e40                DMA2_Channel1_IRQHandler
                0x08003e40                I2C1_EV_IRQHandler
                0x08003e40                DMA1_Channel6_IRQHandler
                0x08003e40                UART4_IRQHandler
                0x08003e40                DMA2_Channel4_IRQHandler
                0x08003e40                TIM3_IRQHandler
                0x08003e40                RCC_IRQHandler
                0x08003e40                DMA1_Channel1_IRQHandler
                0x08003e40                Default_Handler
                0x08003e40                RTC_TAMP_LSECSS_IRQHandler
                0x08003e40                FMAC_IRQHandler
                0x08003e40                EXTI15_10_IRQHandler
                0x08003e40                TIM7_IRQHandler
                0x08003e40                UCPD1_IRQHandler
                0x08003e40                I2C3_EV_IRQHandler
                0x08003e40                EXTI9_5_IRQHandler
                0x08003e40                RTC_WKUP_IRQHandler
                0x08003e40                PVD_PVM_IRQHandler
                0x08003e40                SPI2_IRQHandler
                0x08003e40                DMA2_Channel5_IRQHandler
                0x08003e40                CRS_IRQHandler
                0x08003e40                DMA1_Channel5_IRQHandler
                0x08003e40                EXTI4_IRQHandler
                0x08003e40                RNG_IRQHandler
                0x08003e40                TIM1_TRG_COM_TIM17_IRQHandler
                0x08003e40                DMA1_Channel3_IRQHandler
                0x08003e40                WWDG_IRQHandler
                0x08003e40                LPUART1_IRQHandler
                0x08003e40                DMA2_Channel6_IRQHandler
                0x08003e40                FDCAN1_IT0_IRQHandler
                0x08003e40                TIM2_IRQHandler
                0x08003e40                COMP1_2_3_IRQHandler
                0x08003e40                EXTI1_IRQHandler
                0x08003e40                AES_IRQHandler
                0x08003e40                USART2_IRQHandler
                0x08003e40                I2C2_ER_IRQHandler
                0x08003e40                DMA1_Channel2_IRQHandler
                0x08003e40                TIM8_BRK_IRQHandler
                0x08003e40                FLASH_IRQHandler
                0x08003e40                USART1_IRQHandler
                0x08003e40                SPI3_IRQHandler
                0x08003e40                I2C1_ER_IRQHandler
                0x08003e40                LPTIM1_IRQHandler
                0x08003e40                DMAMUX_OVR_IRQHandler
                0x08003e40                USBWakeUp_IRQHandler
                0x08003e40                SAI1_IRQHandler
                0x08003e40                DMA2_Channel3_IRQHandler
                0x08003e40                COMP4_IRQHandler
                0x08003e40                TIM1_BRK_TIM15_IRQHandler
 *fill*         0x08003e42        0x2 
 .text.__libc_init_array
                0x08003e44       0x48 e:/arm/10 2020-q4-major/bin/../lib/gcc/arm-none-eabi/10.2.1/../../../../arm-none-eabi/lib/thumb/v7e-m+fp/hard\libc_nano.a(lib_a-init.o)
                0x08003e44                __libc_init_array
 .text._vsnprintf_r
                0x08003e8c       0x56 e:/arm/10 2020-q4-major/bin/../lib/gcc/arm-none-eabi/10.2.1/../../../../arm-none-eabi/lib/thumb/v7e-m+fp/hard\libc_nano.a(lib_a-vsnprintf.o)
                0x08003e8c                _vsniprintf_r
                0x08003e8c                _vsnprintf_r
 *fill*         0x08003ee2        0x2 
 .text.vsnprintf
                0x08003ee4       0x1c e:/arm/10 2020-q4-major/bin/../lib/gcc/arm-none-eabi/10.2.1/../../../../arm-none-eabi/lib/thumb/v7e-m+fp/hard\libc_nano.a(lib_a-vsnprintf.o)
                0x08003ee4                vsniprintf
                0x08003ee4                vsnprintf
 .text.__ssputs_r
                0x08003f00       0xb6 e:/arm/10 2020-q4-major/bin/../lib/gcc/arm-none-eabi/10.2.1/../../../../arm-none-eabi/lib/thumb/v7e-m+fp/hard\libc_nano.a(lib_a-nano-svfprintf.o)
                0x08003f00                __ssputs_r
 *fill*         0x08003fb6        0x2 
 .text._svfprintf_r
                0x08003fb8      0x200 e:/arm/10 2020-q4-major/bin/../lib/gcc/arm-none-eabi/10.2.1/../../../../arm-none-eabi/lib/thumb/v7e-m+fp/hard\libc_nano.a(lib_a-nano-svfprintf.o)
                0x08003fb8                _svfiprintf_r
                0x08003fb8                _svfprintf_r
 .text._printf_common
                0x080041b8       0xda e:/arm/10 2020-q4-major/bin/../lib/gcc/arm-none-eabi/10.2.1/../../../../arm-none-eabi/lib/thumb/v7e-m+fp/hard\libc_nano.a(lib_a-nano-vfprintf_i.o)
                0x080041b8                _printf_common
 *fill*         0x08004292        0x2 
 .text._printf_i
                0x08004294      0x24c e:/arm/10 2020-q4-major/bin/../lib/gcc/arm-none-eabi/10.2.1/../../../../arm-none-eabi/lib/thumb/v7e-m+fp/hard\libc_nano.a(lib_a-nano-vfprintf_i.o)
                0x08004294                _printf_i
 .text.memcpy   0x080044e0       0x1c e:/arm/10 2020-q4-major/bin/../lib/gcc/arm-none-eabi/10.2.1/../../../../arm-none-eabi/lib/thumb/v7e-m+fp/hard\libc_nano.a(lib_a-memcpy-stub.o)
                0x080044e0                memcpy
 .text.memmove  0x080044fc       0x34 e:/arm/10 2020-q4-major/bin/../lib/gcc/arm-none-eabi/10.2.1/../../../../arm-none-eabi/lib/thumb/v7e-m+fp/hard\libc_nano.a(lib_a-memmove.o)
                0x080044fc                memmove
 .text._free_r  0x08004530       0x98 e:/arm/10 2020-q4-major/bin/../lib/gcc/arm-none-eabi/10.2.1/../../../../arm-none-eabi/lib/thumb/v7e-m+fp/hard\libc_nano.a(lib_a-nano-freer.o)
                0x08004530                _free_r
 .text._malloc_r
                0x080045c8       0xb4 e:/arm/10 2020-q4-major/bin/../lib/gcc/arm-none-eabi/10.2.1/../../../../arm-none-eabi/lib/thumb/v7e-m+fp/hard\libc_nano.a(lib_a-nano-mallocr.o)
                0x080045c8                _malloc_r
 .text._realloc_r
                0x0800467c       0x4c e:/arm/10 2020-q4-major/bin/../lib/gcc/arm-none-eabi/10.2.1/../../../../arm-none-eabi/lib/thumb/v7e-m+fp/hard\libc_nano.a(lib_a-nano-reallocr.o)
                0x0800467c                _realloc_r
 .text._sbrk_r  0x080046c8       0x20 e:/arm/10 2020-q4-major/bin/../lib/gcc/arm-none-eabi/10.2.1/../../../../arm-none-eabi/lib/thumb/v7e-m+fp/hard\libc_nano.a(lib_a-sbrkr.o)
                0x080046c8                _sbrk_r
 .text.__malloc_lock
                0x080046e8        0xc e:/arm/10 2020-q4-major/bin/../lib/gcc/arm-none-eabi/10.2.1/../../../../arm-none-eabi/lib/thumb/v7e-m+fp/hard\libc_nano.a(lib_a-mlock.o)
                0x080046e8                __malloc_lock
 .text.__malloc_unlock
                0x080046f4        0xc e:/arm/10 2020-q4-major/bin/../lib/gcc/arm-none-eabi/10.2.1/../../../../arm-none-eabi/lib/thumb/v7e-m+fp/hard\libc_nano.a(lib_a-mlock.o)
                0x080046f4                __malloc_unlock
 .text._malloc_usable_size_r
                0x08004700       0x10 e:/arm/10 2020-q4-major/bin/../lib/gcc/arm-none-eabi/10.2.1/../../../../arm-none-eabi/lib/thumb/v7e-m+fp/hard\libc_nano.a(lib_a-nano-msizer.o)
                0x08004700                _malloc_usable_size_r
 .text.__retarget_lock_acquire_recursive
                0x08004710        0x2 e:/arm/10 2020-q4-major/bin/../lib/gcc/arm-none-eabi/10.2.1/../../../../arm-none-eabi/lib/thumb/v7e-m+fp/hard\libc_nano.a(lib_a-lock.o)
                0x08004710                __retarget_lock_acquire_recursive
 .text.__retarget_lock_release_recursive
                0x08004712        0x2 e:/arm/10 2020-q4-major/bin/../lib/gcc/arm-none-eabi/10.2.1/../../../../arm-none-eabi/lib/thumb/v7e-m+fp/hard\libc_nano.a(lib_a-lock.o)
                0x08004712                __retarget_lock_release_recursive
 .text._sbrk    0x08004714       0x1c e:/arm/10 2020-q4-major/bin/../lib/gcc/arm-none-eabi/10.2.1/../../../../arm-none-eabi/lib/thumb/v7e-m+fp/hard\libnosys.a(sbrk.o)
                0x08004714                _sbrk
 *(.glue_7)
 .glue_7        0x08004730        0x0 linker stubs
 *(.glue_7t)
 .glue_7t       0x08004730        0x0 linker stubs
 *(.eh_frame)
 .eh_frame      0x08004730        0x0 e:/arm/10 2020-q4-major/bin/../lib/gcc/arm-none-eabi/10.2.1/thumb/v7e-m+fp/hard/crtbegin.o
 *(.init)
 .init          0x08004730        0x4 e:/arm/10 2020-q4-major/bin/../lib/gcc/arm-none-eabi/10.2.1/thumb/v7e-m+fp/hard/crti.o
                0x08004730                _init
 .init          0x08004734        0x8 e:/arm/10 2020-q4-major/bin/../lib/gcc/arm-none-eabi/10.2.1/thumb/v7e-m+fp/hard/crtn.o
 *(.fini)
 .fini          0x0800473c        0x4 e:/arm/10 2020-q4-major/bin/../lib/gcc/arm-none-eabi/10.2.1/thumb/v7e-m+fp/hard/crti.o
                0x0800473c                _fini
 .fini          0x08004740        0x8 e:/arm/10 2020-q4-major/bin/../lib/gcc/arm-none-eabi/10.2.1/thumb/v7e-m+fp/hard/crtn.o
                0x08004748                . = ALIGN (0x4)
                0x08004748                _etext = .

.vfp11_veneer   0x08004748        0x0
 .vfp11_veneer  0x08004748        0x0 linker stubs

.v4_bx          0x08004748        0x0
 .v4_bx         0x08004748        0x0 linker stubs

.iplt           0x08004748        0x0
 .iplt          0x08004748        0x0 e:/arm/10 2020-q4-major/bin/../lib/gcc/arm-none-eabi/10.2.1/thumb/v7e-m+fp/hard/crtbegin.o

.rodata         0x08004748      0x424
                0x08004748                . = ALIGN (0x4)
 *(.rodata)
 *(.rodata*)
 .rodata.main.str1.4
                0x08004748       0x17 build/main.o
 *fill*         0x0800475f        0x1 
 .rodata.USBD_CDC_ProductStrDescriptor.str1.4
                0x08004760       0x16 build/usbd_desc.o
 *fill*         0x08004776        0x2 
 .rodata.USBD_CDC_ManufacturerStrDescriptor.str1.4
                0x08004778       0x13 build/usbd_desc.o
 *fill*         0x0800478b        0x1 
 .rodata.USBD_CDC_ConfigStrDescriptor.str1.4
                0x0800478c        0xb build/usbd_desc.o
 *fill*         0x08004797        0x1 
 .rodata.USBD_CDC_InterfaceStrDescriptor.str1.4
                0x08004798        0xe build/usbd_desc.o
 *fill*         0x080047a6        0x2 
 .rodata.displayAddresses
                0x080047a8      0x110 build/7Seg.o
                0x080047a8                displayAddresses
 .rodata.eightDraw
                0x080048b8       0x40 build/7Seg.o
                0x080048b8                eightDraw
 .rodata.fiveDraw
                0x080048f8       0x40 build/7Seg.o
                0x080048f8                fiveDraw
 .rodata.fourDraw
                0x08004938       0x40 build/7Seg.o
                0x08004938                fourDraw
 .rodata.nineDraw
                0x08004978       0x40 build/7Seg.o
                0x08004978                nineDraw
 .rodata.oneDraw
                0x080049b8       0x40 build/7Seg.o
                0x080049b8                oneDraw
 .rodata.sevenDraw
                0x080049f8       0x40 build/7Seg.o
                0x080049f8                sevenDraw
 .rodata.sixDraw
                0x08004a38       0x40 build/7Seg.o
                0x08004a38                sixDraw
 .rodata.threeDraw
                0x08004a78       0x40 build/7Seg.o
                0x08004a78                threeDraw
 .rodata.twoDraw
                0x08004ab8       0x40 build/7Seg.o
                0x08004ab8                twoDraw
 .rodata.zeroDraw
                0x08004af8       0x40 build/7Seg.o
                0x08004af8                zeroDraw
 .rodata._svfprintf_r.str1.1
                0x08004b38       0x11 e:/arm/10 2020-q4-major/bin/../lib/gcc/arm-none-eabi/10.2.1/../../../../arm-none-eabi/lib/thumb/v7e-m+fp/hard\libc_nano.a(lib_a-nano-svfprintf.o)
 .rodata._printf_i.str1.1
                0x08004b49       0x22 e:/arm/10 2020-q4-major/bin/../lib/gcc/arm-none-eabi/10.2.1/../../../../arm-none-eabi/lib/thumb/v7e-m+fp/hard\libc_nano.a(lib_a-nano-vfprintf_i.o)
                0x08004b6c                . = ALIGN (0x4)
 *fill*         0x08004b6b        0x1 

.rel.dyn        0x08004b6c        0x0
 .rel.iplt      0x08004b6c        0x0 e:/arm/10 2020-q4-major/bin/../lib/gcc/arm-none-eabi/10.2.1/thumb/v7e-m+fp/hard/crtbegin.o

.ARM.extab
 *(.ARM.extab* .gnu.linkonce.armextab.*)

.ARM            0x08004b6c        0x0
                0x08004b6c                __exidx_start = .
 *(.ARM.exidx*)
                0x08004b6c                __exidx_end = .

.preinit_array  0x08004b6c        0x0
                0x08004b6c                PROVIDE (__preinit_array_start = .)
 *(.preinit_array*)
                0x08004b6c                PROVIDE (__preinit_array_end = .)

.init_array     0x08004b6c        0x4
                0x08004b6c                PROVIDE (__init_array_start = .)
 *(SORT_BY_NAME(.init_array.*))
 *(.init_array*)
 .init_array    0x08004b6c        0x4 e:/arm/10 2020-q4-major/bin/../lib/gcc/arm-none-eabi/10.2.1/thumb/v7e-m+fp/hard/crtbegin.o
                0x08004b70                PROVIDE (__init_array_end = .)

.fini_array     0x08004b70        0x4
                [!provide]                PROVIDE (__fini_array_start = .)
 *(SORT_BY_NAME(.fini_array.*))
 *(.fini_array*)
 .fini_array    0x08004b70        0x4 e:/arm/10 2020-q4-major/bin/../lib/gcc/arm-none-eabi/10.2.1/thumb/v7e-m+fp/hard/crtbegin.o
                [!provide]                PROVIDE (__fini_array_end = .)
                0x08004b74                _sidata = LOADADDR (.data)

.data           0x20000000      0x230 load address 0x08004b74
                0x20000000                . = ALIGN (0x4)
                0x20000000                _sdata = .
 *(.data)
 *(.data*)
 .data.txBuf    0x20000000       0x20 build/main.o
                0x20000000                txBuf
 .data.CDC_Desc
                0x20000020       0x20 build/usbd_desc.o
                0x20000020                CDC_Desc
 .data.USBD_CDC_DeviceDesc
                0x20000040       0x12 build/usbd_desc.o
                0x20000040                USBD_CDC_DeviceDesc
 *fill*         0x20000052        0x2 
 .data.USBD_LangIDDesc
                0x20000054        0x4 build/usbd_desc.o
                0x20000054                USBD_LangIDDesc
 .data.USBD_StringSerial
                0x20000058       0x1a build/usbd_desc.o
                0x20000058                USBD_StringSerial
 *fill*         0x20000072        0x2 
 .data.USBD_Interface_fops_FS
                0x20000074       0x14 build/usbd_cdc_if.o
                0x20000074                USBD_Interface_fops_FS
 .data.uwTickFreq
                0x20000088        0x4 build/stm32g4xx_hal.o
                0x20000088                uwTickFreq
 .data.uwTickPrio
                0x2000008c        0x4 build/stm32g4xx_hal.o
                0x2000008c                uwTickPrio
 .data.SystemCoreClock
                0x20000090        0x4 build/system_stm32g4xx.o
                0x20000090                SystemCoreClock
 .data.USBD_CDC
                0x20000094       0x38 build/usbd_cdc.o
                0x20000094                USBD_CDC
 .data.USBD_CDC_CfgFSDesc
                0x200000cc       0x43 build/usbd_cdc.o
 *fill*         0x2000010f        0x1 
 .data.USBD_CDC_CfgHSDesc
                0x20000110       0x43 build/usbd_cdc.o
 *fill*         0x20000153        0x1 
 .data.USBD_CDC_DeviceQualifierDesc
                0x20000154        0xa build/usbd_cdc.o
 *fill*         0x2000015e        0x2 
 .data.USBD_CDC_OtherSpeedCfgDesc
                0x20000160       0x43 build/usbd_cdc.o
 .data.displayMode
                0x200001a3        0x1 build/Lcd.o
                0x200001a3                displayMode
 .data.numDraws
                0x200001a4       0x28 build/7Seg.o
                0x200001a4                numDraws
 .data._impure_ptr
                0x200001cc        0x4 e:/arm/10 2020-q4-major/bin/../lib/gcc/arm-none-eabi/10.2.1/../../../../arm-none-eabi/lib/thumb/v7e-m+fp/hard\libc_nano.a(lib_a-impure.o)
                0x200001cc                _impure_ptr
 .data.impure_data
                0x200001d0       0x60 e:/arm/10 2020-q4-major/bin/../lib/gcc/arm-none-eabi/10.2.1/../../../../arm-none-eabi/lib/thumb/v7e-m+fp/hard\libc_nano.a(lib_a-impure.o)
                0x20000230                . = ALIGN (0x4)
                0x20000230                _edata = .

.igot.plt       0x20000230        0x0 load address 0x08004da4
 .igot.plt      0x20000230        0x0 e:/arm/10 2020-q4-major/bin/../lib/gcc/arm-none-eabi/10.2.1/thumb/v7e-m+fp/hard/crtbegin.o
                0x20000230                . = ALIGN (0x4)

.bss            0x20000230     0x1430 load address 0x08004da4
                0x20000230                _sbss = .
                0x20000230                __bss_start__ = _sbss
 *(.bss)
 .bss           0x20000230       0x1c e:/arm/10 2020-q4-major/bin/../lib/gcc/arm-none-eabi/10.2.1/thumb/v7e-m+fp/hard/crtbegin.o
 *(.bss*)
 .bss.rxBuf     0x2000024c       0x20 build/main.o
                0x2000024c                rxBuf
 .bss.usbHandler
                0x2000026c        0x4 build/main.o
                0x2000026c                usbHandler
 .bss.hpcd_USB_FS
                0x20000270      0x2f4 build/usbd_conf.o
                0x20000270                hpcd_USB_FS
 .bss.mem.0     0x20000564      0x220 build/usbd_conf.o
 .bss.hUsbDeviceFS
                0x20000784      0x2d0 build/usb_device.o
                0x20000784                hUsbDeviceFS
 .bss.USBD_StrDesc
                0x20000a54      0x200 build/usbd_desc.o
                0x20000a54                USBD_StrDesc
 .bss.UserRxBufferFS
                0x20000c54      0x3e8 build/usbd_cdc_if.o
                0x20000c54                UserRxBufferFS
 .bss.UserTxBufferFS
                0x2000103c      0x3e8 build/usbd_cdc_if.o
                0x2000103c                UserTxBufferFS
 .bss.uwTick    0x20001424        0x4 build/stm32g4xx_hal.o
                0x20001424                uwTick
 .bss.cfgidx.0  0x20001428        0x1 build/usbd_ctlreq.o
 *fill*         0x20001429        0x3 
 .bss.displayState
                0x2000142c      0x110 build/7Seg.o
                0x2000142c                displayState
 .bss.lastDisplayState
                0x2000153c      0x110 build/7Seg.o
                0x2000153c                lastDisplayState
 .bss.__malloc_free_list
                0x2000164c        0x4 e:/arm/10 2020-q4-major/bin/../lib/gcc/arm-none-eabi/10.2.1/../../../../arm-none-eabi/lib/thumb/v7e-m+fp/hard\libc_nano.a(lib_a-nano-mallocr.o)
                0x2000164c                __malloc_free_list
 .bss.__malloc_sbrk_start
                0x20001650        0x4 e:/arm/10 2020-q4-major/bin/../lib/gcc/arm-none-eabi/10.2.1/../../../../arm-none-eabi/lib/thumb/v7e-m+fp/hard\libc_nano.a(lib_a-nano-mallocr.o)
                0x20001650                __malloc_sbrk_start
 .bss.errno     0x20001654        0x4 e:/arm/10 2020-q4-major/bin/../lib/gcc/arm-none-eabi/10.2.1/../../../../arm-none-eabi/lib/thumb/v7e-m+fp/hard\libc_nano.a(lib_a-reent.o)
                0x20001654                errno
 .bss.__lock___malloc_recursive_mutex
                0x20001658        0x1 e:/arm/10 2020-q4-major/bin/../lib/gcc/arm-none-eabi/10.2.1/../../../../arm-none-eabi/lib/thumb/v7e-m+fp/hard\libc_nano.a(lib_a-lock.o)
                0x20001658                __lock___malloc_recursive_mutex
 *fill*         0x20001659        0x3 
 .bss.heap_end.0
                0x2000165c        0x4 e:/arm/10 2020-q4-major/bin/../lib/gcc/arm-none-eabi/10.2.1/../../../../arm-none-eabi/lib/thumb/v7e-m+fp/hard\libnosys.a(sbrk.o)
 *(COMMON)
                0x20001660                . = ALIGN (0x4)
                0x20001660                _ebss = .
                0x20001660                __bss_end__ = _ebss

._user_heap_stack
                0x20001660      0x600 load address 0x08004da4
                0x20001660                . = ALIGN (0x8)
                0x20001660                PROVIDE (end = .)
                [!provide]                PROVIDE (_end = .)
                0x20001860                . = (. + _Min_Heap_Size)
 *fill*         0x20001660      0x200 
                0x20001c60                . = (. + _Min_Stack_Size)
 *fill*         0x20001860      0x400 
                0x20001c60                . = ALIGN (0x8)

/DISCARD/
 libc.a(*)
 libm.a(*)
 libgcc.a(*)

.ARM.attributes
                0x00000000       0x30
 *(.ARM.attributes)
 .ARM.attributes
                0x00000000       0x1e e:/arm/10 2020-q4-major/bin/../lib/gcc/arm-none-eabi/10.2.1/thumb/v7e-m+fp/hard/crti.o
 .ARM.attributes
                0x0000001e       0x34 e:/arm/10 2020-q4-major/bin/../lib/gcc/arm-none-eabi/10.2.1/thumb/v7e-m+fp/hard/crtbegin.o
 .ARM.attributes
                0x00000052       0x34 build/main.o
 .ARM.attributes
                0x00000086       0x34 build/stm32g4xx_it.o
 .ARM.attributes
                0x000000ba       0x34 build/stm32g4xx_hal_msp.o
 .ARM.attributes
                0x000000ee       0x34 build/usbd_conf.o
 .ARM.attributes
                0x00000122       0x34 build/usb_device.o
 .ARM.attributes
                0x00000156       0x34 build/usbd_desc.o
 .ARM.attributes
                0x0000018a       0x34 build/usbd_cdc_if.o
 .ARM.attributes
                0x000001be       0x34 build/stm32g4xx_hal_pcd.o
 .ARM.attributes
                0x000001f2       0x34 build/stm32g4xx_hal_pcd_ex.o
 .ARM.attributes
                0x00000226       0x34 build/stm32g4xx_ll_usb.o
 .ARM.attributes
                0x0000025a       0x34 build/stm32g4xx_hal.o
 .ARM.attributes
                0x0000028e       0x34 build/stm32g4xx_hal_pwr_ex.o
 .ARM.attributes
                0x000002c2       0x34 build/stm32g4xx_hal_cortex.o
 .ARM.attributes
                0x000002f6       0x34 build/system_stm32g4xx.o
 .ARM.attributes
                0x0000032a       0x34 build/usbd_core.o
 .ARM.attributes
                0x0000035e       0x34 build/usbd_ctlreq.o
 .ARM.attributes
                0x00000392       0x34 build/usbd_ioreq.o
 .ARM.attributes
                0x000003c6       0x34 build/usbd_cdc.o
 .ARM.attributes
                0x000003fa       0x34 build/Lcd.o
 .ARM.attributes
                0x0000042e       0x34 build/7Seg.o
 .ARM.attributes
                0x00000462       0x21 build/startup_stm32g441xx.o
 .ARM.attributes
                0x00000483       0x32 e:/arm/10 2020-q4-major/bin/../lib/gcc/arm-none-eabi/10.2.1/../../../../arm-none-eabi/lib/thumb/v7e-m+fp/hard\libc_nano.a(lib_a-impure.o)
 .ARM.attributes
                0x000004b5       0x34 e:/arm/10 2020-q4-major/bin/../lib/gcc/arm-none-eabi/10.2.1/../../../../arm-none-eabi/lib/thumb/v7e-m+fp/hard\libc_nano.a(lib_a-init.o)
 .ARM.attributes
                0x000004e9       0x34 e:/arm/10 2020-q4-major/bin/../lib/gcc/arm-none-eabi/10.2.1/../../../../arm-none-eabi/lib/thumb/v7e-m+fp/hard\libc_nano.a(lib_a-vsnprintf.o)
 .ARM.attributes
                0x0000051d       0x34 e:/arm/10 2020-q4-major/bin/../lib/gcc/arm-none-eabi/10.2.1/../../../../arm-none-eabi/lib/thumb/v7e-m+fp/hard\libc_nano.a(lib_a-nano-svfprintf.o)
 .ARM.attributes
                0x00000551       0x34 e:/arm/10 2020-q4-major/bin/../lib/gcc/arm-none-eabi/10.2.1/../../../../arm-none-eabi/lib/thumb/v7e-m+fp/hard\libc_nano.a(lib_a-nano-vfprintf_i.o)
 .ARM.attributes
                0x00000585       0x1c e:/arm/10 2020-q4-major/bin/../lib/gcc/arm-none-eabi/10.2.1/../../../../arm-none-eabi/lib/thumb/v7e-m+fp/hard\libc_nano.a(lib_a-memchr.o)
 .ARM.attributes
                0x000005a1       0x34 e:/arm/10 2020-q4-major/bin/../lib/gcc/arm-none-eabi/10.2.1/../../../../arm-none-eabi/lib/thumb/v7e-m+fp/hard\libc_nano.a(lib_a-memcpy-stub.o)
 .ARM.attributes
                0x000005d5       0x34 e:/arm/10 2020-q4-major/bin/../lib/gcc/arm-none-eabi/10.2.1/../../../../arm-none-eabi/lib/thumb/v7e-m+fp/hard\libc_nano.a(lib_a-memmove.o)
 .ARM.attributes
                0x00000609       0x34 e:/arm/10 2020-q4-major/bin/../lib/gcc/arm-none-eabi/10.2.1/../../../../arm-none-eabi/lib/thumb/v7e-m+fp/hard\libc_nano.a(lib_a-nano-freer.o)
 .ARM.attributes
                0x0000063d       0x34 e:/arm/10 2020-q4-major/bin/../lib/gcc/arm-none-eabi/10.2.1/../../../../arm-none-eabi/lib/thumb/v7e-m+fp/hard\libc_nano.a(lib_a-nano-mallocr.o)
 .ARM.attributes
                0x00000671       0x34 e:/arm/10 2020-q4-major/bin/../lib/gcc/arm-none-eabi/10.2.1/../../../../arm-none-eabi/lib/thumb/v7e-m+fp/hard\libc_nano.a(lib_a-nano-reallocr.o)
 .ARM.attributes
                0x000006a5       0x34 e:/arm/10 2020-q4-major/bin/../lib/gcc/arm-none-eabi/10.2.1/../../../../arm-none-eabi/lib/thumb/v7e-m+fp/hard\libc_nano.a(lib_a-sbrkr.o)
 .ARM.attributes
                0x000006d9       0x34 e:/arm/10 2020-q4-major/bin/../lib/gcc/arm-none-eabi/10.2.1/../../../../arm-none-eabi/lib/thumb/v7e-m+fp/hard\libc_nano.a(lib_a-mlock.o)
 .ARM.attributes
                0x0000070d       0x34 e:/arm/10 2020-q4-major/bin/../lib/gcc/arm-none-eabi/10.2.1/../../../../arm-none-eabi/lib/thumb/v7e-m+fp/hard\libc_nano.a(lib_a-nano-msizer.o)
 .ARM.attributes
                0x00000741       0x34 e:/arm/10 2020-q4-major/bin/../lib/gcc/arm-none-eabi/10.2.1/../../../../arm-none-eabi/lib/thumb/v7e-m+fp/hard\libc_nano.a(lib_a-reent.o)
 .ARM.attributes
                0x00000775       0x34 e:/arm/10 2020-q4-major/bin/../lib/gcc/arm-none-eabi/10.2.1/../../../../arm-none-eabi/lib/thumb/v7e-m+fp/hard\libc_nano.a(lib_a-lock.o)
 .ARM.attributes
                0x000007a9       0x34 e:/arm/10 2020-q4-major/bin/../lib/gcc/arm-none-eabi/10.2.1/../../../../arm-none-eabi/lib/thumb/v7e-m+fp/hard\libnosys.a(sbrk.o)
 .ARM.attributes
                0x000007dd       0x1e e:/arm/10 2020-q4-major/bin/../lib/gcc/arm-none-eabi/10.2.1/thumb/v7e-m+fp/hard/crtn.o
OUTPUT(build/USBTest.elf elf32-littlearm)
LOAD linker stubs
LOAD e:/arm/10 2020-q4-major/bin/../lib/gcc/arm-none-eabi/10.2.1/../../../../arm-none-eabi/lib/thumb/v7e-m+fp/hard\libc.a
LOAD e:/arm/10 2020-q4-major/bin/../lib/gcc/arm-none-eabi/10.2.1/../../../../arm-none-eabi/lib/thumb/v7e-m+fp/hard\libm.a
LOAD e:/arm/10 2020-q4-major/bin/../lib/gcc/arm-none-eabi/10.2.1/thumb/v7e-m+fp/hard\libgcc.a

.debug_info     0x00000000    0x124ac
 .debug_info    0x00000000     0x1273 build/main.o
 .debug_info    0x00001273      0x772 build/stm32g4xx_it.o
 .debug_info    0x000019e5      0x3a1 build/stm32g4xx_hal_msp.o
 .debug_info    0x00001d86     0x216c build/usbd_conf.o
 .debug_info    0x00003ef2      0x87c build/usb_device.o
 .debug_info    0x0000476e      0x648 build/usbd_desc.o
 .debug_info    0x00004db6      0xa8c build/usbd_cdc_if.o
 .debug_info    0x00005842     0x1b56 build/stm32g4xx_hal_pcd.o
 .debug_info    0x00007398      0xaa3 build/stm32g4xx_hal_pcd_ex.o
 .debug_info    0x00007e3b     0x1bb0 build/stm32g4xx_ll_usb.o
 .debug_info    0x000099eb      0xc9b build/stm32g4xx_hal.o
 .debug_info    0x0000a686      0xb20 build/stm32g4xx_hal_pwr_ex.o
 .debug_info    0x0000b1a6     0x1123 build/stm32g4xx_hal_cortex.o
 .debug_info    0x0000c2c9      0x649 build/system_stm32g4xx.o
 .debug_info    0x0000c912      0xf3f build/usbd_core.o
 .debug_info    0x0000d851     0x13ec build/usbd_ctlreq.o
 .debug_info    0x0000ec3d      0x923 build/usbd_ioreq.o
 .debug_info    0x0000f560     0x15db build/usbd_cdc.o
 .debug_info    0x00010b3b     0x1317 build/Lcd.o
 .debug_info    0x00011e52      0x638 build/7Seg.o
 .debug_info    0x0001248a       0x22 build/startup_stm32g441xx.o

.debug_abbrev   0x00000000     0x2e64
 .debug_abbrev  0x00000000      0x223 build/main.o
 .debug_abbrev  0x00000223      0x168 build/stm32g4xx_it.o
 .debug_abbrev  0x0000038b       0xd9 build/stm32g4xx_hal_msp.o
 .debug_abbrev  0x00000464      0x313 build/usbd_conf.o
 .debug_abbrev  0x00000777      0x1af build/usb_device.o
 .debug_abbrev  0x00000926      0x22e build/usbd_desc.o
 .debug_abbrev  0x00000b54      0x2f3 build/usbd_cdc_if.o
 .debug_abbrev  0x00000e47      0x2c5 build/stm32g4xx_hal_pcd.o
 .debug_abbrev  0x0000110c      0x23d build/stm32g4xx_hal_pcd_ex.o
 .debug_abbrev  0x00001349      0x2ed build/stm32g4xx_ll_usb.o
 .debug_abbrev  0x00001636      0x249 build/stm32g4xx_hal.o
 .debug_abbrev  0x0000187f      0x264 build/stm32g4xx_hal_pwr_ex.o
 .debug_abbrev  0x00001ae3      0x379 build/stm32g4xx_hal_cortex.o
 .debug_abbrev  0x00001e5c      0x11b build/system_stm32g4xx.o
 .debug_abbrev  0x00001f77      0x27e build/usbd_core.o
 .debug_abbrev  0x000021f5      0x369 build/usbd_ctlreq.o
 .debug_abbrev  0x0000255e      0x187 build/usbd_ioreq.o
 .debug_abbrev  0x000026e5      0x2ea build/usbd_cdc.o
 .debug_abbrev  0x000029cf      0x2c9 build/Lcd.o
 .debug_abbrev  0x00002c98      0x1ba build/7Seg.o
 .debug_abbrev  0x00002e52       0x12 build/startup_stm32g441xx.o

.debug_loc      0x00000000     0xa3aa
 .debug_loc     0x00000000       0xda build/main.o
 .debug_loc     0x000000da       0x40 build/stm32g4xx_it.o
 .debug_loc     0x0000011a       0x38 build/stm32g4xx_hal_msp.o
 .debug_loc     0x00000152      0xff0 build/usbd_conf.o
 .debug_loc     0x00001142       0x64 build/usb_device.o
 .debug_loc     0x000011a6      0x47b build/usbd_desc.o
 .debug_loc     0x00001621      0x1d9 build/usbd_cdc_if.o
 .debug_loc     0x000017fa     0x1657 build/stm32g4xx_hal_pcd.o
 .debug_loc     0x00002e51      0x2a2 build/stm32g4xx_hal_pcd_ex.o
 .debug_loc     0x000030f3     0x1bfd build/stm32g4xx_ll_usb.o
 .debug_loc     0x00004cf0      0x2af build/stm32g4xx_hal.o
 .debug_loc     0x00004f9f      0xa26 build/stm32g4xx_hal_pwr_ex.o
 .debug_loc     0x000059c5      0x796 build/stm32g4xx_hal_cortex.o
 .debug_loc     0x0000615b       0x9d build/system_stm32g4xx.o
 .debug_loc     0x000061f8      0xdea build/usbd_core.o
 .debug_loc     0x00006fe2     0x18f8 build/usbd_ctlreq.o
 .debug_loc     0x000088da      0x398 build/usbd_ioreq.o
 .debug_loc     0x00008c72      0xb08 build/usbd_cdc.o
 .debug_loc     0x0000977a      0x8e9 build/Lcd.o
 .debug_loc     0x0000a063      0x347 build/7Seg.o

.debug_aranges  0x00000000      0xc00
 .debug_aranges
                0x00000000       0x50 build/main.o
 .debug_aranges
                0x00000050       0x68 build/stm32g4xx_it.o
 .debug_aranges
                0x000000b8       0x20 build/stm32g4xx_hal_msp.o
 .debug_aranges
                0x000000d8      0x120 build/usbd_conf.o
 .debug_aranges
                0x000001f8       0x20 build/usb_device.o
 .debug_aranges
                0x00000218       0x60 build/usbd_desc.o
 .debug_aranges
                0x00000278       0x48 build/usbd_cdc_if.o
 .debug_aranges
                0x000002c0      0x130 build/stm32g4xx_hal_pcd.o
 .debug_aranges
                0x000003f0       0x58 build/stm32g4xx_hal_pcd_ex.o
 .debug_aranges
                0x00000448       0xb0 build/stm32g4xx_ll_usb.o
 .debug_aranges
                0x000004f8      0x130 build/stm32g4xx_hal.o
 .debug_aranges
                0x00000628      0x140 build/stm32g4xx_hal_pwr_ex.o
 .debug_aranges
                0x00000768       0xa8 build/stm32g4xx_hal_cortex.o
 .debug_aranges
                0x00000810       0x28 build/system_stm32g4xx.o
 .debug_aranges
                0x00000838       0xb8 build/usbd_core.o
 .debug_aranges
                0x000008f0       0x88 build/usbd_ctlreq.o
 .debug_aranges
                0x00000978       0x50 build/usbd_ioreq.o
 .debug_aranges
                0x000009c8       0x90 build/usbd_cdc.o
 .debug_aranges
                0x00000a58      0x148 build/Lcd.o
 .debug_aranges
                0x00000ba0       0x38 build/7Seg.o
 .debug_aranges
                0x00000bd8       0x28 build/startup_stm32g441xx.o

.debug_ranges   0x00000000      0xf30
 .debug_ranges  0x00000000       0x40 build/main.o
 .debug_ranges  0x00000040       0x58 build/stm32g4xx_it.o
 .debug_ranges  0x00000098       0x10 build/stm32g4xx_hal_msp.o
 .debug_ranges  0x000000a8      0x110 build/usbd_conf.o
 .debug_ranges  0x000001b8       0x10 build/usb_device.o
 .debug_ranges  0x000001c8       0x50 build/usbd_desc.o
 .debug_ranges  0x00000218       0x38 build/usbd_cdc_if.o
 .debug_ranges  0x00000250      0x200 build/stm32g4xx_hal_pcd.o
 .debug_ranges  0x00000450       0x48 build/stm32g4xx_hal_pcd_ex.o
 .debug_ranges  0x00000498      0x360 build/stm32g4xx_ll_usb.o
 .debug_ranges  0x000007f8      0x120 build/stm32g4xx_hal.o
 .debug_ranges  0x00000918      0x130 build/stm32g4xx_hal_pwr_ex.o
 .debug_ranges  0x00000a48       0xf8 build/stm32g4xx_hal_cortex.o
 .debug_ranges  0x00000b40       0x18 build/system_stm32g4xx.o
 .debug_ranges  0x00000b58       0xa8 build/usbd_core.o
 .debug_ranges  0x00000c00       0x78 build/usbd_ctlreq.o
 .debug_ranges  0x00000c78       0x40 build/usbd_ioreq.o
 .debug_ranges  0x00000cb8       0x80 build/usbd_cdc.o
 .debug_ranges  0x00000d38      0x138 build/Lcd.o
 .debug_ranges  0x00000e70       0xa0 build/7Seg.o
 .debug_ranges  0x00000f10       0x20 build/startup_stm32g441xx.o

.debug_line     0x00000000     0x939e
 .debug_line    0x00000000      0x533 build/main.o
 .debug_line    0x00000533      0x298 build/stm32g4xx_it.o
 .debug_line    0x000007cb      0x161 build/stm32g4xx_hal_msp.o
 .debug_line    0x0000092c      0x7de build/usbd_conf.o
 .debug_line    0x0000110a      0x1cc build/usb_device.o
 .debug_line    0x000012d6      0x327 build/usbd_desc.o
 .debug_line    0x000015fd      0x2a3 build/usbd_cdc_if.o
 .debug_line    0x000018a0     0x1725 build/stm32g4xx_hal_pcd.o
 .debug_line    0x00002fc5      0x3ec build/stm32g4xx_hal_pcd_ex.o
 .debug_line    0x000033b1     0x1974 build/stm32g4xx_ll_usb.o
 .debug_line    0x00004d25      0x648 build/stm32g4xx_hal.o
 .debug_line    0x0000536d      0xa3a build/stm32g4xx_hal_pwr_ex.o
 .debug_line    0x00005da7      0x728 build/stm32g4xx_hal_cortex.o
 .debug_line    0x000064cf      0x207 build/system_stm32g4xx.o
 .debug_line    0x000066d6      0x828 build/usbd_core.o
 .debug_line    0x00006efe      0xc90 build/usbd_ctlreq.o
 .debug_line    0x00007b8e      0x274 build/usbd_ioreq.o
 .debug_line    0x00007e02      0x83f build/usbd_cdc.o
 .debug_line    0x00008641      0x881 build/Lcd.o
 .debug_line    0x00008ec2      0x465 build/7Seg.o
 .debug_line    0x00009327       0x77 build/startup_stm32g441xx.o

.debug_str      0x00000000     0x3654
 .debug_str     0x00000000      0x8c4 build/main.o
                                0x9b0 (size before relaxing)
 .debug_str     0x000008c4      0x3e3 build/stm32g4xx_it.o
                                0x61f (size before relaxing)
 .debug_str     0x00000ca7       0x51 build/stm32g4xx_hal_msp.o
                                0x329 (size before relaxing)
 .debug_str     0x00000cf8      0xa9b build/usbd_conf.o
                               0x14ab (size before relaxing)
 .debug_str     0x00001793       0xf7 build/usb_device.o
                                0x6ce (size before relaxing)
 .debug_str     0x0000188a      0x184 build/usbd_desc.o
                                0x46f (size before relaxing)
 .debug_str     0x00001a0e      0x11f build/usbd_cdc_if.o
                                0x77e (size before relaxing)
 .debug_str     0x00001b2d      0x28f build/stm32g4xx_hal_pcd.o
                                0xaaa (size before relaxing)
 .debug_str     0x00001dbc      0x185 build/stm32g4xx_hal_pcd_ex.o
                                0x786 (size before relaxing)
 .debug_str     0x00001f41       0xd5 build/stm32g4xx_ll_usb.o
                                0x657 (size before relaxing)
 .debug_str     0x00002016      0x455 build/stm32g4xx_hal.o
                                0xc3f (size before relaxing)
 .debug_str     0x0000246b      0x4e6 build/stm32g4xx_hal_pwr_ex.o
                                0x7dd (size before relaxing)
 .debug_str     0x00002951      0x43a build/stm32g4xx_hal_cortex.o
                                0xb8e (size before relaxing)
 .debug_str     0x00002d8b       0x74 build/system_stm32g4xx.o
                                0x3c2 (size before relaxing)
 .debug_str     0x00002dff      0x145 build/usbd_core.o
                                0x875 (size before relaxing)
 .debug_str     0x00002f44      0x109 build/usbd_ctlreq.o
                                0x7c7 (size before relaxing)
 .debug_str     0x0000304d       0x60 build/usbd_ioreq.o
                                0x6bc (size before relaxing)
 .debug_str     0x000030ad      0x189 build/usbd_cdc.o
                                0xcad (size before relaxing)
 .debug_str     0x00003236      0x332 build/Lcd.o
                                0x6d2 (size before relaxing)
 .debug_str     0x00003568       0xc8 build/7Seg.o
                                0x2c4 (size before relaxing)
 .debug_str     0x00003630       0x24 build/startup_stm32g441xx.o
                                 0x61 (size before relaxing)

.comment        0x00000000       0x4d
 .comment       0x00000000       0x4d build/main.o
                                 0x4e (size before relaxing)
 .comment       0x0000004d       0x4e build/stm32g4xx_it.o
 .comment       0x0000004d       0x4e build/stm32g4xx_hal_msp.o
 .comment       0x0000004d       0x4e build/usbd_conf.o
 .comment       0x0000004d       0x4e build/usb_device.o
 .comment       0x0000004d       0x4e build/usbd_desc.o
 .comment       0x0000004d       0x4e build/usbd_cdc_if.o
 .comment       0x0000004d       0x4e build/stm32g4xx_hal_pcd.o
 .comment       0x0000004d       0x4e build/stm32g4xx_hal_pcd_ex.o
 .comment       0x0000004d       0x4e build/stm32g4xx_ll_usb.o
 .comment       0x0000004d       0x4e build/stm32g4xx_hal.o
 .comment       0x0000004d       0x4e build/stm32g4xx_hal_pwr_ex.o
 .comment       0x0000004d       0x4e build/stm32g4xx_hal_cortex.o
 .comment       0x0000004d       0x4e build/system_stm32g4xx.o
 .comment       0x0000004d       0x4e build/usbd_core.o
 .comment       0x0000004d       0x4e build/usbd_ctlreq.o
 .comment       0x0000004d       0x4e build/usbd_ioreq.o
 .comment       0x0000004d       0x4e build/usbd_cdc.o
 .comment       0x0000004d       0x4e build/Lcd.o
 .comment       0x0000004d       0x4e build/7Seg.o

.debug_frame    0x00000000     0x1f74
 .debug_frame   0x00000000       0x8c build/main.o
 .debug_frame   0x0000008c       0xc0 build/stm32g4xx_it.o
 .debug_frame   0x0000014c       0x2c build/stm32g4xx_hal_msp.o
 .debug_frame   0x00000178      0x30c build/usbd_conf.o
 .debug_frame   0x00000484       0x2c build/usb_device.o
 .debug_frame   0x000004b0       0xe0 build/usbd_desc.o
 .debug_frame   0x00000590       0x8c build/usbd_cdc_if.o
 .debug_frame   0x0000061c      0x32c build/stm32g4xx_hal_pcd.o
 .debug_frame   0x00000948       0x9c build/stm32g4xx_hal_pcd_ex.o
 .debug_frame   0x000009e4      0x17c build/stm32g4xx_ll_usb.o
 .debug_frame   0x00000b60      0x274 build/stm32g4xx_hal.o
 .debug_frame   0x00000dd4      0x268 build/stm32g4xx_hal_pwr_ex.o
 .debug_frame   0x0000103c      0x148 build/stm32g4xx_hal_cortex.o
 .debug_frame   0x00001184       0x30 build/system_stm32g4xx.o
 .debug_frame   0x000011b4      0x210 build/usbd_core.o
 .debug_frame   0x000013c4      0x180 build/usbd_ctlreq.o
 .debug_frame   0x00001544       0xb8 build/usbd_ioreq.o
 .debug_frame   0x000015fc      0x160 build/usbd_cdc.o
 .debug_frame   0x0000175c      0x398 build/Lcd.o
 .debug_frame   0x00001af4       0x7c build/7Seg.o
 .debug_frame   0x00001b70       0x2c e:/arm/10 2020-q4-major/bin/../lib/gcc/arm-none-eabi/10.2.1/../../../../arm-none-eabi/lib/thumb/v7e-m+fp/hard\libc_nano.a(lib_a-init.o)
 .debug_frame   0x00001b9c       0x4c e:/arm/10 2020-q4-major/bin/../lib/gcc/arm-none-eabi/10.2.1/../../../../arm-none-eabi/lib/thumb/v7e-m+fp/hard\libc_nano.a(lib_a-vsnprintf.o)
 .debug_frame   0x00001be8       0x90 e:/arm/10 2020-q4-major/bin/../lib/gcc/arm-none-eabi/10.2.1/../../../../arm-none-eabi/lib/thumb/v7e-m+fp/hard\libc_nano.a(lib_a-nano-svfprintf.o)
 .debug_frame   0x00001c78       0x60 e:/arm/10 2020-q4-major/bin/../lib/gcc/arm-none-eabi/10.2.1/../../../../arm-none-eabi/lib/thumb/v7e-m+fp/hard\libc_nano.a(lib_a-nano-vfprintf_i.o)
 .debug_frame   0x00001cd8       0x28 e:/arm/10 2020-q4-major/bin/../lib/gcc/arm-none-eabi/10.2.1/../../../../arm-none-eabi/lib/thumb/v7e-m+fp/hard\libc_nano.a(lib_a-memcpy-stub.o)
 .debug_frame   0x00001d00       0x28 e:/arm/10 2020-q4-major/bin/../lib/gcc/arm-none-eabi/10.2.1/../../../../arm-none-eabi/lib/thumb/v7e-m+fp/hard\libc_nano.a(lib_a-memmove.o)
 .debug_frame   0x00001d28       0x38 e:/arm/10 2020-q4-major/bin/../lib/gcc/arm-none-eabi/10.2.1/../../../../arm-none-eabi/lib/thumb/v7e-m+fp/hard\libc_nano.a(lib_a-nano-freer.o)
 .debug_frame   0x00001d60       0x30 e:/arm/10 2020-q4-major/bin/../lib/gcc/arm-none-eabi/10.2.1/../../../../arm-none-eabi/lib/thumb/v7e-m+fp/hard\libc_nano.a(lib_a-nano-mallocr.o)
 .debug_frame   0x00001d90       0x3c e:/arm/10 2020-q4-major/bin/../lib/gcc/arm-none-eabi/10.2.1/../../../../arm-none-eabi/lib/thumb/v7e-m+fp/hard\libc_nano.a(lib_a-nano-reallocr.o)
 .debug_frame   0x00001dcc       0x2c e:/arm/10 2020-q4-major/bin/../lib/gcc/arm-none-eabi/10.2.1/../../../../arm-none-eabi/lib/thumb/v7e-m+fp/hard\libc_nano.a(lib_a-sbrkr.o)
 .debug_frame   0x00001df8       0x30 e:/arm/10 2020-q4-major/bin/../lib/gcc/arm-none-eabi/10.2.1/../../../../arm-none-eabi/lib/thumb/v7e-m+fp/hard\libc_nano.a(lib_a-mlock.o)
 .debug_frame   0x00001e28       0x20 e:/arm/10 2020-q4-major/bin/../lib/gcc/arm-none-eabi/10.2.1/../../../../arm-none-eabi/lib/thumb/v7e-m+fp/hard\libc_nano.a(lib_a-nano-msizer.o)
 .debug_frame   0x00001e48       0x5c e:/arm/10 2020-q4-major/bin/../lib/gcc/arm-none-eabi/10.2.1/../../../../arm-none-eabi/lib/thumb/v7e-m+fp/hard\libc_nano.a(lib_a-reent.o)
 .debug_frame   0x00001ea4       0xb0 e:/arm/10 2020-q4-major/bin/../lib/gcc/arm-none-eabi/10.2.1/../../../../arm-none-eabi/lib/thumb/v7e-m+fp/hard\libc_nano.a(lib_a-lock.o)
 .debug_frame   0x00001f54       0x20 e:/arm/10 2020-q4-major/bin/../lib/gcc/arm-none-eabi/10.2.1/../../../../arm-none-eabi/lib/thumb/v7e-m+fp/hard\libnosys.a(sbrk.o)

Cross Reference Table

Symbol                                            File
ADC1_2_IRQHandler                                 build/startup_stm32g441xx.o
AES_IRQHandler                                    build/startup_stm32g441xx.o
AHBPrescTable                                     build/system_stm32g4xx.o
                                                  build/stm32g4xx_hal_rcc.o
APBPrescTable                                     build/system_stm32g4xx.o
                                                  build/stm32g4xx_hal_rcc.o
BusFault_Handler                                  build/stm32g4xx_it.o
CDC_Desc                                          build/usbd_desc.o
                                                  build/usb_device.o
CDC_Transmit_FS                                   build/usbd_cdc_if.o
COMP1_2_3_IRQHandler                              build/startup_stm32g441xx.o
COMP4_IRQHandler                                  build/startup_stm32g441xx.o
CORDIC_IRQHandler                                 build/startup_stm32g441xx.o
CRS_IRQHandler                                    build/startup_stm32g441xx.o
DMA1_Channel1_IRQHandler                          build/startup_stm32g441xx.o
DMA1_Channel2_IRQHandler                          build/startup_stm32g441xx.o
DMA1_Channel3_IRQHandler                          build/startup_stm32g441xx.o
DMA1_Channel4_IRQHandler                          build/startup_stm32g441xx.o
DMA1_Channel5_IRQHandler                          build/startup_stm32g441xx.o
DMA1_Channel6_IRQHandler                          build/startup_stm32g441xx.o
DMA2_Channel1_IRQHandler                          build/startup_stm32g441xx.o
DMA2_Channel2_IRQHandler                          build/startup_stm32g441xx.o
DMA2_Channel3_IRQHandler                          build/startup_stm32g441xx.o
DMA2_Channel4_IRQHandler                          build/startup_stm32g441xx.o
DMA2_Channel5_IRQHandler                          build/startup_stm32g441xx.o
DMA2_Channel6_IRQHandler                          build/startup_stm32g441xx.o
DMAMUX_OVR_IRQHandler                             build/startup_stm32g441xx.o
DWT_Delay_Init                                    build/Lcd.o
DWT_Delay_ms                                      build/Lcd.o
DWT_Delay_us                                      build/Lcd.o
DebugMon_Handler                                  build/stm32g4xx_it.o
Default_Handler                                   build/startup_stm32g441xx.o
EXTI0_IRQHandler                                  build/startup_stm32g441xx.o
EXTI15_10_IRQHandler                              build/startup_stm32g441xx.o
EXTI1_IRQHandler                                  build/startup_stm32g441xx.o
EXTI2_IRQHandler                                  build/startup_stm32g441xx.o
EXTI3_IRQHandler                                  build/startup_stm32g441xx.o
EXTI4_IRQHandler                                  build/startup_stm32g441xx.o
EXTI9_5_IRQHandler                                build/startup_stm32g441xx.o
Error_Handler                                     build/main.o
                                                  build/usb_device.o
                                                  build/usbd_conf.o
FDCAN1_IT0_IRQHandler                             build/startup_stm32g441xx.o
FDCAN1_IT1_IRQHandler                             build/startup_stm32g441xx.o
FLASH_FlushCaches                                 build/stm32g4xx_hal_flash_ex.o
                                                  build/stm32g4xx_hal_flash.o
FLASH_IRQHandler                                  build/startup_stm32g441xx.o
FLASH_PageErase                                   build/stm32g4xx_hal_flash_ex.o
                                                  build/stm32g4xx_hal_flash.o
FLASH_WaitForLastOperation                        build/stm32g4xx_hal_flash.o
                                                  build/stm32g4xx_hal_flash_ex.o
FMAC_IRQHandler                                   build/startup_stm32g441xx.o
FPU_IRQHandler                                    build/startup_stm32g441xx.o
HAL_DBGMCU_DisableDBGSleepMode                    build/stm32g4xx_hal.o
HAL_DBGMCU_DisableDBGStandbyMode                  build/stm32g4xx_hal.o
HAL_DBGMCU_DisableDBGStopMode                     build/stm32g4xx_hal.o
HAL_DBGMCU_EnableDBGSleepMode                     build/stm32g4xx_hal.o
HAL_DBGMCU_EnableDBGStandbyMode                   build/stm32g4xx_hal.o
HAL_DBGMCU_EnableDBGStopMode                      build/stm32g4xx_hal.o
HAL_DMAEx_ConfigMuxRequestGenerator               build/stm32g4xx_hal_dma_ex.o
HAL_DMAEx_ConfigMuxSync                           build/stm32g4xx_hal_dma_ex.o
HAL_DMAEx_DisableMuxRequestGenerator              build/stm32g4xx_hal_dma_ex.o
HAL_DMAEx_EnableMuxRequestGenerator               build/stm32g4xx_hal_dma_ex.o
HAL_DMAEx_MUX_IRQHandler                          build/stm32g4xx_hal_dma_ex.o
HAL_DMA_Abort                                     build/stm32g4xx_hal_dma.o
HAL_DMA_Abort_IT                                  build/stm32g4xx_hal_dma.o
HAL_DMA_DeInit                                    build/stm32g4xx_hal_dma.o
HAL_DMA_GetError                                  build/stm32g4xx_hal_dma.o
HAL_DMA_GetState                                  build/stm32g4xx_hal_dma.o
HAL_DMA_IRQHandler                                build/stm32g4xx_hal_dma.o
HAL_DMA_Init                                      build/stm32g4xx_hal_dma.o
HAL_DMA_PollForTransfer                           build/stm32g4xx_hal_dma.o
HAL_DMA_RegisterCallback                          build/stm32g4xx_hal_dma.o
HAL_DMA_Start                                     build/stm32g4xx_hal_dma.o
HAL_DMA_Start_IT                                  build/stm32g4xx_hal_dma.o
HAL_DMA_UnRegisterCallback                        build/stm32g4xx_hal_dma.o
HAL_DeInit                                        build/stm32g4xx_hal.o
HAL_Delay                                         build/stm32g4xx_hal.o
                                                  build/7Seg.o
                                                  build/stm32g4xx_hal_pcd_ex.o
                                                  build/usbd_conf.o
                                                  build/main.o
HAL_EXTI_ClearConfigLine                          build/stm32g4xx_hal_exti.o
HAL_EXTI_ClearPending                             build/stm32g4xx_hal_exti.o
HAL_EXTI_GenerateSWI                              build/stm32g4xx_hal_exti.o
HAL_EXTI_GetConfigLine                            build/stm32g4xx_hal_exti.o
HAL_EXTI_GetHandle                                build/stm32g4xx_hal_exti.o
HAL_EXTI_GetPending                               build/stm32g4xx_hal_exti.o
HAL_EXTI_IRQHandler                               build/stm32g4xx_hal_exti.o
HAL_EXTI_RegisterCallback                         build/stm32g4xx_hal_exti.o
HAL_EXTI_SetConfigLine                            build/stm32g4xx_hal_exti.o
HAL_FLASHEx_DisableDebugger                       build/stm32g4xx_hal_flash_ex.o
HAL_FLASHEx_DisableRunPowerDown                   build/stm32g4xx_hal_flash_ramfunc.o
HAL_FLASHEx_EnableDebugger                        build/stm32g4xx_hal_flash_ex.o
HAL_FLASHEx_EnableRunPowerDown                    build/stm32g4xx_hal_flash_ramfunc.o
HAL_FLASHEx_EnableSecMemProtection                build/stm32g4xx_hal_flash_ex.o
HAL_FLASHEx_Erase                                 build/stm32g4xx_hal_flash_ex.o
HAL_FLASHEx_Erase_IT                              build/stm32g4xx_hal_flash_ex.o
HAL_FLASHEx_OBGetConfig                           build/stm32g4xx_hal_flash_ex.o
HAL_FLASHEx_OBProgram                             build/stm32g4xx_hal_flash_ex.o
HAL_FLASH_EndOfOperationCallback                  build/stm32g4xx_hal_flash.o
HAL_FLASH_GetError                                build/stm32g4xx_hal_flash.o
HAL_FLASH_IRQHandler                              build/stm32g4xx_hal_flash.o
HAL_FLASH_Lock                                    build/stm32g4xx_hal_flash.o
HAL_FLASH_OB_Launch                               build/stm32g4xx_hal_flash.o
HAL_FLASH_OB_Lock                                 build/stm32g4xx_hal_flash.o
HAL_FLASH_OB_Unlock                               build/stm32g4xx_hal_flash.o
HAL_FLASH_OperationErrorCallback                  build/stm32g4xx_hal_flash.o
HAL_FLASH_Program                                 build/stm32g4xx_hal_flash.o
HAL_FLASH_Program_IT                              build/stm32g4xx_hal_flash.o
HAL_FLASH_Unlock                                  build/stm32g4xx_hal_flash.o
HAL_GPIO_DeInit                                   build/stm32g4xx_hal_gpio.o
HAL_GPIO_EXTI_Callback                            build/stm32g4xx_hal_gpio.o
HAL_GPIO_EXTI_IRQHandler                          build/stm32g4xx_hal_gpio.o
HAL_GPIO_Init                                     build/stm32g4xx_hal_gpio.o
                                                  build/stm32g4xx_hal_rcc_ex.o
                                                  build/stm32g4xx_hal_rcc.o
HAL_GPIO_LockPin                                  build/stm32g4xx_hal_gpio.o
HAL_GPIO_ReadPin                                  build/stm32g4xx_hal_gpio.o
HAL_GPIO_TogglePin                                build/stm32g4xx_hal_gpio.o
HAL_GPIO_WritePin                                 build/stm32g4xx_hal_gpio.o
HAL_GetDEVID                                      build/stm32g4xx_hal.o
HAL_GetHalVersion                                 build/stm32g4xx_hal.o
HAL_GetREVID                                      build/stm32g4xx_hal.o
HAL_GetTick                                       build/stm32g4xx_hal.o
                                                  build/stm32g4xx_hal_dma.o
                                                  build/stm32g4xx_hal_flash.o
                                                  build/stm32g4xx_hal_rcc_ex.o
                                                  build/stm32g4xx_hal_rcc.o
                                                  build/stm32g4xx_hal_pcd_ex.o
HAL_GetTickFreq                                   build/stm32g4xx_hal.o
HAL_GetTickPrio                                   build/stm32g4xx_hal.o
HAL_IncTick                                       build/stm32g4xx_hal.o
                                                  build/stm32g4xx_it.o
HAL_Init                                          build/stm32g4xx_hal.o
                                                  build/main.o
HAL_InitTick                                      build/stm32g4xx_hal.o
                                                  build/stm32g4xx_hal_rcc.o
HAL_MPU_ConfigRegion                              build/stm32g4xx_hal_cortex.o
HAL_MPU_Disable                                   build/stm32g4xx_hal_cortex.o
HAL_MPU_Enable                                    build/stm32g4xx_hal_cortex.o
HAL_MspDeInit                                     build/stm32g4xx_hal.o
HAL_MspInit                                       build/stm32g4xx_hal_msp.o
HAL_NVIC_ClearPendingIRQ                          build/stm32g4xx_hal_cortex.o
HAL_NVIC_DisableIRQ                               build/stm32g4xx_hal_cortex.o
                                                  build/usbd_conf.o
HAL_NVIC_EnableIRQ                                build/stm32g4xx_hal_cortex.o
                                                  build/usbd_conf.o
HAL_NVIC_GetActive                                build/stm32g4xx_hal_cortex.o
HAL_NVIC_GetPendingIRQ                            build/stm32g4xx_hal_cortex.o
HAL_NVIC_GetPriority                              build/stm32g4xx_hal_cortex.o
HAL_NVIC_GetPriorityGrouping                      build/stm32g4xx_hal_cortex.o
HAL_NVIC_SetPendingIRQ                            build/stm32g4xx_hal_cortex.o
HAL_NVIC_SetPriority                              build/stm32g4xx_hal_cortex.o
                                                  build/stm32g4xx_hal.o
                                                  build/usbd_conf.o
HAL_NVIC_SetPriorityGrouping                      build/stm32g4xx_hal_cortex.o
                                                  build/stm32g4xx_hal.o
HAL_NVIC_SystemReset                              build/stm32g4xx_hal_cortex.o
HAL_PCDEx_ActivateBCD                             build/stm32g4xx_hal_pcd_ex.o
HAL_PCDEx_ActivateLPM                             build/stm32g4xx_hal_pcd_ex.o
                                                  build/stm32g4xx_hal_pcd.o
HAL_PCDEx_BCD_Callback                            build/stm32g4xx_hal_pcd_ex.o
HAL_PCDEx_BCD_VBUSDetect                          build/stm32g4xx_hal_pcd_ex.o
HAL_PCDEx_DeActivateBCD                           build/stm32g4xx_hal_pcd_ex.o
HAL_PCDEx_DeActivateLPM                           build/stm32g4xx_hal_pcd_ex.o
HAL_PCDEx_LPM_Callback                            build/usbd_conf.o
                                                  build/stm32g4xx_hal_pcd.o
HAL_PCDEx_PMAConfig                               build/stm32g4xx_hal_pcd_ex.o
                                                  build/usbd_conf.o
HAL_PCD_ActivateRemoteWakeup                      build/stm32g4xx_hal_pcd.o
HAL_PCD_ConnectCallback                           build/usbd_conf.o
HAL_PCD_DataInStageCallback                       build/usbd_conf.o
HAL_PCD_DataOutStageCallback                      build/usbd_conf.o
HAL_PCD_DeActivateRemoteWakeup                    build/stm32g4xx_hal_pcd.o
HAL_PCD_DeInit                                    build/stm32g4xx_hal_pcd.o
                                                  build/usbd_conf.o
HAL_PCD_DevConnect                                build/stm32g4xx_hal_pcd.o
HAL_PCD_DevDisconnect                             build/stm32g4xx_hal_pcd.o
HAL_PCD_DisconnectCallback                        build/usbd_conf.o
HAL_PCD_EP_Close                                  build/stm32g4xx_hal_pcd.o
                                                  build/usbd_conf.o
HAL_PCD_EP_ClrStall                               build/stm32g4xx_hal_pcd.o
                                                  build/usbd_conf.o
HAL_PCD_EP_Flush                                  build/stm32g4xx_hal_pcd.o
                                                  build/usbd_conf.o
HAL_PCD_EP_GetRxCount                             build/stm32g4xx_hal_pcd.o
                                                  build/usbd_conf.o
HAL_PCD_EP_Open                                   build/stm32g4xx_hal_pcd.o
                                                  build/usbd_conf.o
HAL_PCD_EP_Receive                                build/stm32g4xx_hal_pcd.o
                                                  build/usbd_conf.o
HAL_PCD_EP_SetStall                               build/stm32g4xx_hal_pcd.o
                                                  build/usbd_conf.o
HAL_PCD_EP_Transmit                               build/stm32g4xx_hal_pcd.o
                                                  build/usbd_conf.o
HAL_PCD_GetState                                  build/stm32g4xx_hal_pcd.o
HAL_PCD_IRQHandler                                build/stm32g4xx_hal_pcd.o
                                                  build/stm32g4xx_it.o
HAL_PCD_ISOINIncompleteCallback                   build/usbd_conf.o
HAL_PCD_ISOOUTIncompleteCallback                  build/usbd_conf.o
HAL_PCD_Init                                      build/stm32g4xx_hal_pcd.o
                                                  build/usbd_conf.o
HAL_PCD_MspDeInit                                 build/usbd_conf.o
HAL_PCD_MspInit                                   build/usbd_conf.o
HAL_PCD_ResetCallback                             build/usbd_conf.o
HAL_PCD_ResumeCallback                            build/usbd_conf.o
HAL_PCD_SOFCallback                               build/usbd_conf.o
HAL_PCD_SetAddress                                build/stm32g4xx_hal_pcd.o
                                                  build/usbd_conf.o
HAL_PCD_SetupStageCallback                        build/usbd_conf.o
HAL_PCD_Start                                     build/stm32g4xx_hal_pcd.o
                                                  build/usbd_conf.o
HAL_PCD_Stop                                      build/stm32g4xx_hal_pcd.o
                                                  build/usbd_conf.o
HAL_PCD_SuspendCallback                           build/usbd_conf.o
HAL_PWREx_ConfigPVM                               build/stm32g4xx_hal_pwr_ex.o
HAL_PWREx_ControlVoltageScaling                   build/stm32g4xx_hal_pwr_ex.o
HAL_PWREx_DisableBatteryCharging                  build/stm32g4xx_hal_pwr_ex.o
HAL_PWREx_DisableGPIOPullDown                     build/stm32g4xx_hal_pwr_ex.o
HAL_PWREx_DisableGPIOPullUp                       build/stm32g4xx_hal_pwr_ex.o
HAL_PWREx_DisableInternalWakeUpLine               build/stm32g4xx_hal_pwr_ex.o
HAL_PWREx_DisableLowPowerRunMode                  build/stm32g4xx_hal_pwr_ex.o
                                                  build/stm32g4xx_hal_pwr.o
HAL_PWREx_DisablePVM1                             build/stm32g4xx_hal_pwr_ex.o
HAL_PWREx_DisablePVM2                             build/stm32g4xx_hal_pwr_ex.o
HAL_PWREx_DisablePVM3                             build/stm32g4xx_hal_pwr_ex.o
HAL_PWREx_DisablePVM4                             build/stm32g4xx_hal_pwr_ex.o
HAL_PWREx_DisablePullUpPullDownConfig             build/stm32g4xx_hal_pwr_ex.o
HAL_PWREx_DisableSRAM2ContentRetention            build/stm32g4xx_hal_pwr_ex.o
HAL_PWREx_DisableUCPDDeadBattery                  build/stm32g4xx_hal_pwr_ex.o
                                                  build/stm32g4xx_hal_msp.o
HAL_PWREx_DisableUCPDStandbyMode                  build/stm32g4xx_hal_pwr_ex.o
HAL_PWREx_EnableBatteryCharging                   build/stm32g4xx_hal_pwr_ex.o
HAL_PWREx_EnableGPIOPullDown                      build/stm32g4xx_hal_pwr_ex.o
HAL_PWREx_EnableGPIOPullUp                        build/stm32g4xx_hal_pwr_ex.o
HAL_PWREx_EnableInternalWakeUpLine                build/stm32g4xx_hal_pwr_ex.o
HAL_PWREx_EnableLowPowerRunMode                   build/stm32g4xx_hal_pwr_ex.o
                                                  build/stm32g4xx_hal_pwr.o
HAL_PWREx_EnablePVM1                              build/stm32g4xx_hal_pwr_ex.o
HAL_PWREx_EnablePVM2                              build/stm32g4xx_hal_pwr_ex.o
HAL_PWREx_EnablePVM3                              build/stm32g4xx_hal_pwr_ex.o
HAL_PWREx_EnablePVM4                              build/stm32g4xx_hal_pwr_ex.o
HAL_PWREx_EnablePullUpPullDownConfig              build/stm32g4xx_hal_pwr_ex.o
HAL_PWREx_EnableSRAM2ContentRetention             build/stm32g4xx_hal_pwr_ex.o
HAL_PWREx_EnableUCPDDeadBattery                   build/stm32g4xx_hal_pwr_ex.o
HAL_PWREx_EnableUCPDStandbyMode                   build/stm32g4xx_hal_pwr_ex.o
HAL_PWREx_EnterSHUTDOWNMode                       build/stm32g4xx_hal_pwr_ex.o
HAL_PWREx_EnterSTOP0Mode                          build/stm32g4xx_hal_pwr_ex.o
                                                  build/stm32g4xx_hal_pwr.o
HAL_PWREx_EnterSTOP1Mode                          build/stm32g4xx_hal_pwr_ex.o
                                                  build/stm32g4xx_hal_pwr.o
HAL_PWREx_GetVoltageRange                         build/stm32g4xx_hal_pwr_ex.o
HAL_PWREx_PVD_PVM_IRQHandler                      build/stm32g4xx_hal_pwr_ex.o
HAL_PWREx_PVM1Callback                            build/stm32g4xx_hal_pwr_ex.o
HAL_PWREx_PVM2Callback                            build/stm32g4xx_hal_pwr_ex.o
HAL_PWREx_PVM3Callback                            build/stm32g4xx_hal_pwr_ex.o
HAL_PWREx_PVM4Callback                            build/stm32g4xx_hal_pwr_ex.o
HAL_PWR_ConfigPVD                                 build/stm32g4xx_hal_pwr.o
HAL_PWR_DeInit                                    build/stm32g4xx_hal_pwr.o
HAL_PWR_DisableBkUpAccess                         build/stm32g4xx_hal_pwr.o
                                                  build/stm32g4xx_hal_rcc_ex.o
HAL_PWR_DisablePVD                                build/stm32g4xx_hal_pwr.o
HAL_PWR_DisableSEVOnPend                          build/stm32g4xx_hal_pwr.o
HAL_PWR_DisableSleepOnExit                        build/stm32g4xx_hal_pwr.o
HAL_PWR_DisableWakeUpPin                          build/stm32g4xx_hal_pwr.o
HAL_PWR_EnableBkUpAccess                          build/stm32g4xx_hal_pwr.o
                                                  build/stm32g4xx_hal_rcc_ex.o
HAL_PWR_EnablePVD                                 build/stm32g4xx_hal_pwr.o
HAL_PWR_EnableSEVOnPend                           build/stm32g4xx_hal_pwr.o
HAL_PWR_EnableSleepOnExit                         build/stm32g4xx_hal_pwr.o
HAL_PWR_EnableWakeUpPin                           build/stm32g4xx_hal_pwr.o
HAL_PWR_EnterSLEEPMode                            build/stm32g4xx_hal_pwr.o
HAL_PWR_EnterSTANDBYMode                          build/stm32g4xx_hal_pwr.o
HAL_PWR_EnterSTOPMode                             build/stm32g4xx_hal_pwr.o
HAL_PWR_PVDCallback                               build/stm32g4xx_hal_pwr.o
                                                  build/stm32g4xx_hal_pwr_ex.o
HAL_RCCEx_CRSConfig                               build/stm32g4xx_hal_rcc_ex.o
HAL_RCCEx_CRSGetSynchronizationInfo               build/stm32g4xx_hal_rcc_ex.o
HAL_RCCEx_CRSSoftwareSynchronizationGenerate      build/stm32g4xx_hal_rcc_ex.o
HAL_RCCEx_CRSWaitSynchronization                  build/stm32g4xx_hal_rcc_ex.o
HAL_RCCEx_CRS_ErrorCallback                       build/stm32g4xx_hal_rcc_ex.o
HAL_RCCEx_CRS_ExpectedSyncCallback                build/stm32g4xx_hal_rcc_ex.o
HAL_RCCEx_CRS_IRQHandler                          build/stm32g4xx_hal_rcc_ex.o
HAL_RCCEx_CRS_SyncOkCallback                      build/stm32g4xx_hal_rcc_ex.o
HAL_RCCEx_CRS_SyncWarnCallback                    build/stm32g4xx_hal_rcc_ex.o
HAL_RCCEx_DisableLSCO                             build/stm32g4xx_hal_rcc_ex.o
HAL_RCCEx_DisableLSECSS                           build/stm32g4xx_hal_rcc_ex.o
HAL_RCCEx_EnableLSCO                              build/stm32g4xx_hal_rcc_ex.o
HAL_RCCEx_EnableLSECSS                            build/stm32g4xx_hal_rcc_ex.o
HAL_RCCEx_EnableLSECSS_IT                         build/stm32g4xx_hal_rcc_ex.o
HAL_RCCEx_GetPeriphCLKConfig                      build/stm32g4xx_hal_rcc_ex.o
HAL_RCCEx_GetPeriphCLKFreq                        build/stm32g4xx_hal_rcc_ex.o
HAL_RCCEx_LSECSS_Callback                         build/stm32g4xx_hal_rcc_ex.o
HAL_RCCEx_LSECSS_IRQHandler                       build/stm32g4xx_hal_rcc_ex.o
HAL_RCCEx_PeriphCLKConfig                         build/stm32g4xx_hal_rcc_ex.o
HAL_RCC_CSSCallback                               build/stm32g4xx_hal_rcc.o
HAL_RCC_ClockConfig                               build/stm32g4xx_hal_rcc.o
HAL_RCC_DeInit                                    build/stm32g4xx_hal_rcc.o
HAL_RCC_DisableLSECSS                             build/stm32g4xx_hal_rcc.o
HAL_RCC_EnableCSS                                 build/stm32g4xx_hal_rcc.o
HAL_RCC_EnableLSECSS                              build/stm32g4xx_hal_rcc.o
HAL_RCC_GetClockConfig                            build/stm32g4xx_hal_rcc.o
HAL_RCC_GetHCLKFreq                               build/stm32g4xx_hal_rcc.o
HAL_RCC_GetOscConfig                              build/stm32g4xx_hal_rcc.o
HAL_RCC_GetPCLK1Freq                              build/stm32g4xx_hal_rcc.o
                                                  build/stm32g4xx_hal_rcc_ex.o
HAL_RCC_GetPCLK2Freq                              build/stm32g4xx_hal_rcc.o
                                                  build/stm32g4xx_hal_rcc_ex.o
HAL_RCC_GetSysClockFreq                           build/stm32g4xx_hal_rcc.o
                                                  build/stm32g4xx_hal_rcc_ex.o
HAL_RCC_MCOConfig                                 build/stm32g4xx_hal_rcc.o
HAL_RCC_NMI_IRQHandler                            build/stm32g4xx_hal_rcc.o
HAL_RCC_OscConfig                                 build/stm32g4xx_hal_rcc.o
HAL_ResumeTick                                    build/stm32g4xx_hal.o
HAL_SYSCFG_CCMSRAMErase                           build/stm32g4xx_hal.o
HAL_SYSCFG_CCMSRAM_WriteProtectionEnable          build/stm32g4xx_hal.o
HAL_SYSCFG_DisableIOSwitchBooster                 build/stm32g4xx_hal.o
HAL_SYSCFG_DisableIOSwitchVDD                     build/stm32g4xx_hal.o
HAL_SYSCFG_DisableMemorySwappingBank              build/stm32g4xx_hal.o
HAL_SYSCFG_DisableVREFBUF                         build/stm32g4xx_hal.o
HAL_SYSCFG_EnableIOSwitchBooster                  build/stm32g4xx_hal.o
HAL_SYSCFG_EnableIOSwitchVDD                      build/stm32g4xx_hal.o
HAL_SYSCFG_EnableMemorySwappingBank               build/stm32g4xx_hal.o
HAL_SYSCFG_EnableVREFBUF                          build/stm32g4xx_hal.o
HAL_SYSCFG_VREFBUF_HighImpedanceConfig            build/stm32g4xx_hal.o
HAL_SYSCFG_VREFBUF_TrimmingConfig                 build/stm32g4xx_hal.o
HAL_SYSCFG_VREFBUF_VoltageScalingConfig           build/stm32g4xx_hal.o
HAL_SYSTICK_CLKSourceConfig                       build/stm32g4xx_hal_cortex.o
HAL_SYSTICK_Callback                              build/stm32g4xx_hal_cortex.o
HAL_SYSTICK_Config                                build/stm32g4xx_hal_cortex.o
                                                  build/stm32g4xx_hal.o
HAL_SYSTICK_IRQHandler                            build/stm32g4xx_hal_cortex.o
HAL_SetTickFreq                                   build/stm32g4xx_hal.o
HAL_SuspendTick                                   build/stm32g4xx_hal.o
HardFault_Handler                                 build/stm32g4xx_it.o
I2C1_ER_IRQHandler                                build/startup_stm32g441xx.o
I2C1_EV_IRQHandler                                build/startup_stm32g441xx.o
I2C2_ER_IRQHandler                                build/startup_stm32g441xx.o